#
# There is insufficient memory for the Java Runtime Environment to continue.
# Native memory allocation (malloc) failed to allocate 32744 bytes. Error detail: Chunk::new
# Possible reasons:
#   The system is out of physical RAM or swap space
#   This process is running with CompressedOops enabled, and the Java Heap may be blocking the growth of the native heap
# Possible solutions:
#   Reduce memory load on the system
#   Increase physical memory or swap space
#   Check if swap backing store is full
#   Decrease Java heap size (-Xmx/-Xms)
#   Decrease number of Java threads
#   Decrease Java thread stack sizes (-Xss)
#   Set larger code cache with -XX:ReservedCodeCacheSize=
#   JVM is running with Unscaled Compressed Oops mode in which the Java heap is
#     placed in the first 4GB address space. The Java Heap base address is the
#     maximum limit for the native heap growth. Please use -XX:HeapBaseMinAddress
#     to set the Java Heap base and to place the Java Heap above 4GB virtual address.
# This output file may be truncated or incomplete.
#
#  Out of Memory Error (arena.cpp:168), pid=21668, tid=8416
#
# JRE version: OpenJDK Runtime Environment Temurin-21.0.11+10 (21.0.11+10) (build 21.0.11+10-LTS)
# Java VM: OpenJDK 64-Bit Server VM Temurin-21.0.11+10 (21.0.11+10-LTS, mixed mode, sharing, tiered, compressed oops, compressed class ptrs, g1 gc, windows-amd64)
# No core dump will be written. Minidumps are not enabled by default on client versions of Windows
#

---------------  S U M M A R Y ------------

Command Line: --add-opens=java.base/java.lang=ALL-UNNAMED --add-opens=java.base/java.lang.invoke=ALL-UNNAMED --add-opens=java.base/java.util=ALL-UNNAMED --add-opens=java.prefs/java.util.prefs=ALL-UNNAMED --add-exports=jdk.compiler/com.sun.tools.javac.api=ALL-UNNAMED --add-exports=jdk.compiler/com.sun.tools.javac.util=ALL-UNNAMED --add-opens=java.base/java.util=ALL-UNNAMED --add-opens=java.prefs/java.util.prefs=ALL-UNNAMED --add-opens=java.base/java.nio.charset=ALL-UNNAMED --add-opens=java.base/java.net=ALL-UNNAMED --add-opens=java.base/java.util.concurrent=ALL-UNNAMED --add-opens=java.base/java.util.concurrent.atomic=ALL-UNNAMED --add-opens=java.xml/javax.xml.namespace=ALL-UNNAMED --add-opens=java.base/java.time=ALL-UNNAMED -XX:+HeapDumpOnOutOfMemoryError --add-exports=jdk.compiler/com.sun.tools.javac.api=ALL-UNNAMED --add-exports=jdk.compiler/com.sun.tools.javac.file=ALL-UNNAMED --add-exports=jdk.compiler/com.sun.tools.javac.parser=ALL-UNNAMED --add-exports=jdk.compiler/com.sun.tools.javac.tree=ALL-UNNAMED --add-exports=jdk.compiler/com.sun.tools.javac.util=ALL-UNNAMED -Xmx2048m -Dfile.encoding=UTF-8 -Duser.country=US -Duser.language=en -Duser.variant -javaagent:C:\Users\BAPS\.gradle\wrapper\dists\gradle-9.3.1-bin\23ovyewtku6u96viwx3xl3oks\gradle-9.3.1\lib\agents\gradle-instrumentation-agent-9.3.1.jar org.gradle.launcher.daemon.bootstrap.GradleDaemon 9.3.1

Host: Intel(R) Core(TM) i7-10850H CPU @ 2.70GHz, 12 cores, 15G,  Windows 11 , 64 bit Build 26100 (10.0.26100.8875)
Time: Fri Jul 31 04:02:06 2026 Pacific Daylight Time elapsed time: 18.818194 seconds (0d 0h 0m 18s)

---------------  T H R E A D  ---------------

Current thread (0x00000205312ec220):  JavaThread "C2 CompilerThread0" daemon [_thread_in_native, id=8416, stack(0x000000ea98700000,0x000000ea98800000) (1024K)]


Current CompileTask:
C2:18818 5525       4       org.jetbrains.kotlin.protobuf.GeneratedMessageLite$ExtendableMessage::makeExtensionsImmutable (8 bytes)

Stack: [0x000000ea98700000,0x000000ea98800000]
Native frames: (J=compiled Java code, j=interpreted, Vv=VM code, C=native code)
V  [jvm.dll+0x6d7e19]
V  [jvm.dll+0x8b5096]
V  [jvm.dll+0x8b764e]
V  [jvm.dll+0x8b7d33]
V  [jvm.dll+0x284596]
V  [jvm.dll+0xc685d]
V  [jvm.dll+0xc6da1]
V  [jvm.dll+0x20bdd1]
V  [jvm.dll+0x20cdf2]
V  [jvm.dll+0x20c22e]
V  [jvm.dll+0x1f6d00]
V  [jvm.dll+0x14a0be]
V  [jvm.dll+0x2f86aa]
V  [jvm.dll+0x2f88d4]
V  [jvm.dll+0x2fa6a2]
V  [jvm.dll+0x6f22b3]
V  [jvm.dll+0x6ea3a9]
V  [jvm.dll+0x6e9aa9]
V  [jvm.dll+0x6e7b2e]
V  [jvm.dll+0x1ce4fc]
V  [jvm.dll+0x1cf09e]
V  [jvm.dll+0x2fa71c]
V  [jvm.dll+0x6f22b3]
V  [jvm.dll+0x6ea3a9]
V  [jvm.dll+0x6e9aa9]
V  [jvm.dll+0x6e7b2e]
V  [jvm.dll+0x1ce4fc]
V  [jvm.dll+0x1cf09e]
V  [jvm.dll+0x1cf09e]
V  [jvm.dll+0x2fa71c]
V  [jvm.dll+0x6f22b3]
V  [jvm.dll+0x6ea3a9]
V  [jvm.dll+0x6e9aa9]
V  [jvm.dll+0x6e7b2e]
V  [jvm.dll+0x1ce4fc]
V  [jvm.dll+0x1cf09e]
V  [jvm.dll+0x2fa71c]
V  [jvm.dll+0x6f22b3]
V  [jvm.dll+0x6ea3a9]
V  [jvm.dll+0x6e9aa9]
V  [jvm.dll+0x6e7b2e]
V  [jvm.dll+0x1ce4fc]
V  [jvm.dll+0x24b919]
V  [jvm.dll+0x1cb4ae]
V  [jvm.dll+0x25baad]
V  [jvm.dll+0x25a03a]
V  [jvm.dll+0x3f868e]
V  [jvm.dll+0x85fb0d]
V  [jvm.dll+0x6d664d]
C  [ucrtbase.dll+0x2cd30]
C  [KERNEL32.DLL+0x2e957]
C  [ntdll.dll+0xaad6c]


---------------  P R O C E S S  ---------------

Threads class SMR info:
_java_thread_list=0x000002057bd2e980, length=34, elements={
0x0000020517199790, 0x00000205312d82a0, 0x00000205312dba30, 0x00000205312df8e0,
0x00000205312e05c0, 0x00000205312e1d40, 0x00000205312e7370, 0x00000205312ec220,
0x000002053130f610, 0x000002053159f500, 0x0000020531666c70, 0x00000205780b0a50,
0x0000020577148340, 0x00000205780de810, 0x00000205783b7ce0, 0x00000205782720e0,
0x00000205783630f0, 0x00000205783861a0, 0x0000020578387be0, 0x0000020578388f90,
0x0000020578388270, 0x0000020578388900, 0x0000020578387550, 0x0000020578385b10,
0x0000020578575840, 0x0000020578574490, 0x0000020578576bf0, 0x0000020578573770,
0x0000020578575ed0, 0x0000020578577280, 0x0000020578573e00, 0x0000020578577910,
0x00000205785751b0, 0x0000020578577fa0
}

Java Threads: ( => current thread )
  0x0000020517199790 JavaThread "main"                              [_thread_blocked, id=20576, stack(0x000000ea97900000,0x000000ea97a00000) (1024K)]
  0x00000205312d82a0 JavaThread "Reference Handler"          daemon [_thread_blocked, id=10004, stack(0x000000ea98100000,0x000000ea98200000) (1024K)]
  0x00000205312dba30 JavaThread "Finalizer"                  daemon [_thread_blocked, id=21956, stack(0x000000ea98200000,0x000000ea98300000) (1024K)]
  0x00000205312df8e0 JavaThread "Signal Dispatcher"          daemon [_thread_blocked, id=2720, stack(0x000000ea98300000,0x000000ea98400000) (1024K)]
  0x00000205312e05c0 JavaThread "Attach Listener"            daemon [_thread_blocked, id=7940, stack(0x000000ea98400000,0x000000ea98500000) (1024K)]
  0x00000205312e1d40 JavaThread "Service Thread"             daemon [_thread_blocked, id=6652, stack(0x000000ea98500000,0x000000ea98600000) (1024K)]
  0x00000205312e7370 JavaThread "Monitor Deflation Thread"   daemon [_thread_blocked, id=316, stack(0x000000ea98600000,0x000000ea98700000) (1024K)]
=>0x00000205312ec220 JavaThread "C2 CompilerThread0"         daemon [_thread_in_native, id=8416, stack(0x000000ea98700000,0x000000ea98800000) (1024K)]
  0x000002053130f610 JavaThread "C1 CompilerThread0"         daemon [_thread_blocked, id=19824, stack(0x000000ea98800000,0x000000ea98900000) (1024K)]
  0x000002053159f500 JavaThread "Common-Cleaner"             daemon [_thread_blocked, id=21616, stack(0x000000ea98900000,0x000000ea98a00000) (1024K)]
  0x0000020531666c70 JavaThread "Notification Thread"        daemon [_thread_blocked, id=3064, stack(0x000000ea98a00000,0x000000ea98b00000) (1024K)]
  0x00000205780b0a50 JavaThread "Daemon health stats"               [_thread_blocked, id=4316, stack(0x000000ea99100000,0x000000ea99200000) (1024K)]
  0x0000020577148340 JavaThread "Incoming local TCP Connector on port 53407"        [_thread_in_native, id=14004, stack(0x000000ea99200000,0x000000ea99300000) (1024K)]
  0x00000205780de810 JavaThread "Daemon periodic checks"            [_thread_blocked, id=18892, stack(0x000000ea99300000,0x000000ea99400000) (1024K)]
  0x00000205783b7ce0 JavaThread "Daemon"                            [_thread_blocked, id=11656, stack(0x000000ea99400000,0x000000ea99500000) (1024K)]
  0x00000205782720e0 JavaThread "Handler for socket connection from /127.0.0.1:53407 to /127.0.0.1:53408"        [_thread_in_native, id=15868, stack(0x000000ea99500000,0x000000ea99600000) (1024K)]
  0x00000205783630f0 JavaThread "Cancel handler"                    [_thread_blocked, id=13804, stack(0x000000ea99600000,0x000000ea99700000) (1024K)]
  0x00000205783861a0 JavaThread "Daemon worker"                     [_thread_in_native, id=2744, stack(0x000000ea99700000,0x000000ea99800000) (1024K)]
  0x0000020578387be0 JavaThread "Asynchronous log dispatcher for DefaultDaemonConnection: socket connection from /127.0.0.1:53407 to /127.0.0.1:53408"        [_thread_blocked, id=3176, stack(0x000000ea99800000,0x000000ea99900000) (1024K)]
  0x0000020578388f90 JavaThread "Stdin handler"                     [_thread_blocked, id=11320, stack(0x000000ea99900000,0x000000ea99a00000) (1024K)]
  0x0000020578388270 JavaThread "Daemon client event forwarder"        [_thread_blocked, id=8920, stack(0x000000ea99a00000,0x000000ea99b00000) (1024K)]
  0x0000020578388900 JavaThread "Cache worker for journal cache (C:\Users\BAPS\.gradle\caches\journal-1)"        [_thread_blocked, id=12908, stack(0x000000ea98b00000,0x000000ea98c00000) (1024K)]
  0x0000020578387550 JavaThread "File lock request listener"        [_thread_in_native, id=8052, stack(0x000000ea99b00000,0x000000ea99c00000) (1024K)]
  0x0000020578385b10 JavaThread "Cache worker for file hash cache (C:\Users\BAPS\.gradle\caches\9.3.1\fileHashes)"        [_thread_blocked, id=22140, stack(0x000000ea99d00000,0x000000ea99e00000) (1024K)]
  0x0000020578575840 JavaThread "Cache worker for file hash cache (C:\Wellzy\node_modules\react-native-reanimated\android\.gradle\9.3.1\fileHashes)"        [_thread_blocked, id=18948, stack(0x000000ea9a500000,0x000000ea9a600000) (1024K)]
  0x0000020578574490 JavaThread "Cache worker for Build Output Cleanup Cache (C:\Wellzy\node_modules\react-native-reanimated\android\.gradle\buildOutputCleanup)"        [_thread_blocked, id=908, stack(0x000000ea9a600000,0x000000ea9a700000) (1024K)]
  0x0000020578576bf0 JavaThread "File watcher server"        daemon [_thread_in_native, id=11424, stack(0x000000ea9a700000,0x000000ea9a800000) (1024K)]
  0x0000020578573770 JavaThread "File watcher consumer"      daemon [_thread_blocked, id=4608, stack(0x000000ea9a800000,0x000000ea9a900000) (1024K)]
  0x0000020578575ed0 JavaThread "Cache worker for checksums cache (C:\Wellzy\node_modules\react-native-reanimated\android\.gradle\9.3.1\checksums)"        [_thread_blocked, id=2344, stack(0x000000ea99e00000,0x000000ea99f00000) (1024K)]
  0x0000020578577280 JavaThread "Cache worker for file content cache (C:\Users\BAPS\.gradle\caches\9.3.1\fileContent)"        [_thread_blocked, id=21012, stack(0x000000ea9a900000,0x000000ea9aa00000) (1024K)]
  0x0000020578573e00 JavaThread "Cache worker for cache directory md-supplier (C:\Users\BAPS\.gradle\caches\9.3.1\md-supplier)"        [_thread_blocked, id=16044, stack(0x000000ea9aa00000,0x000000ea9ab00000) (1024K)]
  0x0000020578577910 JavaThread "Cache worker for cache directory md-rule (C:\Users\BAPS\.gradle\caches\9.3.1\md-rule)"        [_thread_blocked, id=7428, stack(0x000000ea9ab00000,0x000000ea9ac00000) (1024K)]
  0x00000205785751b0 JavaThread "jar transforms"                    [_thread_blocked, id=22356, stack(0x000000ea9ac00000,0x000000ea9ad00000) (1024K)]
  0x0000020578577fa0 JavaThread "jar transforms Thread 2"           [_thread_blocked, id=7348, stack(0x000000ea9ad00000,0x000000ea9ae00000) (1024K)]
Total: 34

Other Threads:
  0x00000205312b9e40 VMThread "VM Thread"                           [id=6184, stack(0x000000ea98000000,0x000000ea98100000) (1024K)]
  0x00000205312a9b00 WatcherThread "VM Periodic Task Thread"        [id=13220, stack(0x000000ea97f00000,0x000000ea98000000) (1024K)]
  0x0000020519787830 WorkerThread "GC Thread#0"                     [id=11940, stack(0x000000ea97a00000,0x000000ea97b00000) (1024K)]
  0x0000020531744970 WorkerThread "GC Thread#1"                     [id=17912, stack(0x000000ea98c00000,0x000000ea98d00000) (1024K)]
  0x00000205316f3350 WorkerThread "GC Thread#2"                     [id=18924, stack(0x000000ea98d00000,0x000000ea98e00000) (1024K)]
  0x0000020531859d70 WorkerThread "GC Thread#3"                     [id=20564, stack(0x000000ea98e00000,0x000000ea98f00000) (1024K)]
  0x00000205316e2210 WorkerThread "GC Thread#4"                     [id=2892, stack(0x000000ea98f00000,0x000000ea99000000) (1024K)]
  0x00000205316e25c0 WorkerThread "GC Thread#5"                     [id=12896, stack(0x000000ea99000000,0x000000ea99100000) (1024K)]
  0x000002057afd3ca0 WorkerThread "GC Thread#6"                     [id=13560, stack(0x000000ea99f00000,0x000000ea9a000000) (1024K)]
  0x000002057afd52c0 WorkerThread "GC Thread#7"                     [id=1196, stack(0x000000ea9a000000,0x000000ea9a100000) (1024K)]
  0x000002057afd4f10 WorkerThread "GC Thread#8"                     [id=7620, stack(0x000000ea9a100000,0x000000ea9a200000) (1024K)]
  0x000002057afd4b60 WorkerThread "GC Thread#9"                     [id=11212, stack(0x000000ea9a200000,0x000000ea9a300000) (1024K)]
  0x0000020519799dc0 ConcurrentGCThread "G1 Main Marker"            [id=10256, stack(0x000000ea97b00000,0x000000ea97c00000) (1024K)]
  0x000002051979bf90 WorkerThread "G1 Conc#0"                       [id=6456, stack(0x000000ea97c00000,0x000000ea97d00000) (1024K)]
  0x000002057a9596b0 WorkerThread "G1 Conc#1"                       [id=2728, stack(0x000000ea9a300000,0x000000ea9a400000) (1024K)]
  0x000002057a958440 WorkerThread "G1 Conc#2"                       [id=8212, stack(0x000000ea9a400000,0x000000ea9a500000) (1024K)]
  0x00000205197eeb40 ConcurrentGCThread "G1 Refine#0"               [id=21712, stack(0x000000ea97d00000,0x000000ea97e00000) (1024K)]
  0x00000205311f8930 ConcurrentGCThread "G1 Service"                [id=10184, stack(0x000000ea97e00000,0x000000ea97f00000) (1024K)]
Total: 18

Threads with active compile tasks:
C2 CompilerThread0  18871 5525       4       org.jetbrains.kotlin.protobuf.GeneratedMessageLite$ExtendableMessage::makeExtensionsImmutable (8 bytes)
Total: 1

VM state: not at safepoint (normal execution)

VM Mutex/Monitor currently owned by a thread: None

Heap address: 0x0000000080000000, size: 2048 MB, Compressed Oops mode: 32-bit

CDS archive(s) mapped at: [0x0000020532000000-0x0000020532ba0000-0x0000020532ba0000), size 12189696, SharedBaseAddress: 0x0000020532000000, ArchiveRelocationMode: 1.
Compressed class space mapped at: 0x0000020533000000-0x0000020573000000, reserved size: 1073741824
Narrow klass base: 0x0000020532000000, Narrow klass shift: 0, Narrow klass range: 0x100000000

GC Precious Log:
 CardTable entry size: 512
 Card Set container configuration: InlinePtr #cards 5 size 8 Array Of Cards #cards 12 size 40 Howl #buckets 4 coarsen threshold 1843 Howl Bitmap #cards 512 size 80 coarsen threshold 460 Card regions per heap region 1 cards per card region 2048
 CPUs: 12 total, 12 available
 Memory: 15985M
 Large Page Support: Disabled
 NUMA Support: Disabled
 Compressed Oops: Enabled (32-bit)
 Heap Region Size: 1M
 Heap Min Capacity: 8M
 Heap Initial Capacity: 250M
 Heap Max Capacity: 2G
 Pre-touch: Disabled
 Parallel Workers: 10
 Concurrent Workers: 3
 Concurrent Refinement Workers: 10
 Periodic GC: Disabled

Heap:
 garbage-first heap   total 111616K, used 78064K [0x0000000080000000, 0x0000000100000000)
  region size 1024K, 19 young (19456K), 2 survivors (2048K)
 Metaspace       used 69216K, committed 70848K, reserved 1114112K
  class space    used 9561K, committed 10368K, reserved 1048576K

Heap Regions: E=young(eden), S=young(survivor), O=old, HS=humongous(starts), HC=humongous(continues), CS=collection set, F=free, TAMS=top-at-mark-start, PB=parsable bottom
|   0|0x0000000080000000, 0x0000000080100000, 0x0000000080100000|100%|HS|  |TAMS 0x0000000080000000| PB 0x0000000080000000| Complete 
|   1|0x0000000080100000, 0x0000000080200000, 0x0000000080200000|100%|HC|  |TAMS 0x0000000080100000| PB 0x0000000080100000| Complete 
|   2|0x0000000080200000, 0x0000000080300000, 0x0000000080300000|100%|HC|  |TAMS 0x0000000080200000| PB 0x0000000080200000| Complete 
|   3|0x0000000080300000, 0x0000000080400000, 0x0000000080400000|100%|HC|  |TAMS 0x0000000080300000| PB 0x0000000080300000| Complete 
|   4|0x0000000080400000, 0x0000000080500000, 0x0000000080500000|100%| O|  |TAMS 0x0000000080400000| PB 0x0000000080400000| Untracked 
|   5|0x0000000080500000, 0x0000000080600000, 0x0000000080600000|100%| O|  |TAMS 0x0000000080500000| PB 0x0000000080500000| Untracked 
|   6|0x0000000080600000, 0x0000000080700000, 0x0000000080700000|100%| O|  |TAMS 0x0000000080600000| PB 0x0000000080600000| Untracked 
|   7|0x0000000080700000, 0x0000000080800000, 0x0000000080800000|100%|HS|  |TAMS 0x0000000080700000| PB 0x0000000080700000| Complete 
|   8|0x0000000080800000, 0x0000000080900000, 0x0000000080900000|100%| O|  |TAMS 0x0000000080800000| PB 0x0000000080800000| Untracked 
|   9|0x0000000080900000, 0x0000000080a00000, 0x0000000080a00000|100%| O|  |TAMS 0x0000000080900000| PB 0x0000000080900000| Untracked 
|  10|0x0000000080a00000, 0x0000000080b00000, 0x0000000080b00000|100%| O|  |TAMS 0x0000000080a00000| PB 0x0000000080a00000| Untracked 
|  11|0x0000000080b00000, 0x0000000080c00000, 0x0000000080c00000|100%| O|  |TAMS 0x0000000080b00000| PB 0x0000000080b00000| Untracked 
|  12|0x0000000080c00000, 0x0000000080d00000, 0x0000000080d00000|100%| O|  |TAMS 0x0000000080c00000| PB 0x0000000080c00000| Untracked 
|  13|0x0000000080d00000, 0x0000000080e00000, 0x0000000080e00000|100%| O|  |TAMS 0x0000000080d00000| PB 0x0000000080d00000| Untracked 
|  14|0x0000000080e00000, 0x0000000080f00000, 0x0000000080f00000|100%| O|  |TAMS 0x0000000080e00000| PB 0x0000000080e00000| Untracked 
|  15|0x0000000080f00000, 0x0000000081000000, 0x0000000081000000|100%| O|  |TAMS 0x0000000080f00000| PB 0x0000000080f00000| Untracked 
|  16|0x0000000081000000, 0x0000000081100000, 0x0000000081100000|100%| O|  |TAMS 0x0000000081000000| PB 0x0000000081000000| Untracked 
|  17|0x0000000081100000, 0x0000000081200000, 0x0000000081200000|100%| O|  |TAMS 0x0000000081100000| PB 0x0000000081100000| Untracked 
|  18|0x0000000081200000, 0x0000000081300000, 0x0000000081300000|100%| O|  |TAMS 0x0000000081200000| PB 0x0000000081200000| Untracked 
|  19|0x0000000081300000, 0x0000000081400000, 0x0000000081400000|100%| O|  |TAMS 0x0000000081300000| PB 0x0000000081300000| Untracked 
|  20|0x0000000081400000, 0x0000000081500000, 0x0000000081500000|100%| O|  |TAMS 0x0000000081400000| PB 0x0000000081400000| Untracked 
|  21|0x0000000081500000, 0x0000000081600000, 0x0000000081600000|100%| O|  |TAMS 0x0000000081500000| PB 0x0000000081500000| Untracked 
|  22|0x0000000081600000, 0x0000000081700000, 0x0000000081700000|100%| O|  |TAMS 0x0000000081600000| PB 0x0000000081600000| Untracked 
|  23|0x0000000081700000, 0x0000000081800000, 0x0000000081800000|100%| O|  |TAMS 0x0000000081700000| PB 0x0000000081700000| Untracked 
|  24|0x0000000081800000, 0x0000000081900000, 0x0000000081900000|100%| O|  |TAMS 0x0000000081800000| PB 0x0000000081800000| Untracked 
|  25|0x0000000081900000, 0x0000000081a00000, 0x0000000081a00000|100%| O|  |TAMS 0x0000000081900000| PB 0x0000000081900000| Untracked 
|  26|0x0000000081a00000, 0x0000000081b00000, 0x0000000081b00000|100%| O|  |TAMS 0x0000000081a00000| PB 0x0000000081a00000| Untracked 
|  27|0x0000000081b00000, 0x0000000081c00000, 0x0000000081c00000|100%| O|  |TAMS 0x0000000081b00000| PB 0x0000000081b00000| Untracked 
|  28|0x0000000081c00000, 0x0000000081d00000, 0x0000000081d00000|100%| O|  |TAMS 0x0000000081c00000| PB 0x0000000081c00000| Untracked 
|  29|0x0000000081d00000, 0x0000000081e00000, 0x0000000081e00000|100%| O|  |TAMS 0x0000000081d00000| PB 0x0000000081d00000| Untracked 
|  30|0x0000000081e00000, 0x0000000081f00000, 0x0000000081f00000|100%| O|  |TAMS 0x0000000081e00000| PB 0x0000000081e00000| Untracked 
|  31|0x0000000081f00000, 0x0000000081f13d00, 0x0000000082000000|  7%| O|  |TAMS 0x0000000081f00000| PB 0x0000000081f00000| Untracked 
|  32|0x0000000082000000, 0x0000000082000000, 0x0000000082100000|  0%| F|  |TAMS 0x0000000082000000| PB 0x0000000082000000| Untracked 
|  33|0x0000000082100000, 0x0000000082200000, 0x0000000082200000|100%| O|  |TAMS 0x0000000082100000| PB 0x0000000082100000| Untracked 
|  34|0x0000000082200000, 0x0000000082300000, 0x0000000082300000|100%| O|  |TAMS 0x0000000082200000| PB 0x0000000082200000| Untracked 
|  35|0x0000000082300000, 0x0000000082400000, 0x0000000082400000|100%| O|  |TAMS 0x0000000082300000| PB 0x0000000082300000| Untracked 
|  36|0x0000000082400000, 0x0000000082500000, 0x0000000082500000|100%| O|  |TAMS 0x0000000082400000| PB 0x0000000082400000| Untracked 
|  37|0x0000000082500000, 0x0000000082500000, 0x0000000082600000|  0%| F|  |TAMS 0x0000000082500000| PB 0x0000000082500000| Untracked 
|  38|0x0000000082600000, 0x0000000082600000, 0x0000000082700000|  0%| F|  |TAMS 0x0000000082600000| PB 0x0000000082600000| Untracked 
|  39|0x0000000082700000, 0x0000000082700000, 0x0000000082800000|  0%| F|  |TAMS 0x0000000082700000| PB 0x0000000082700000| Untracked 
|  40|0x0000000082800000, 0x0000000082800000, 0x0000000082900000|  0%| F|  |TAMS 0x0000000082800000| PB 0x0000000082800000| Untracked 
|  41|0x0000000082900000, 0x0000000082900000, 0x0000000082a00000|  0%| F|  |TAMS 0x0000000082900000| PB 0x0000000082900000| Untracked 
|  42|0x0000000082a00000, 0x0000000082a00000, 0x0000000082b00000|  0%| F|  |TAMS 0x0000000082a00000| PB 0x0000000082a00000| Untracked 
|  43|0x0000000082b00000, 0x0000000082b00000, 0x0000000082c00000|  0%| F|  |TAMS 0x0000000082b00000| PB 0x0000000082b00000| Untracked 
|  44|0x0000000082c00000, 0x0000000082c00000, 0x0000000082d00000|  0%| F|  |TAMS 0x0000000082c00000| PB 0x0000000082c00000| Untracked 
|  45|0x0000000082d00000, 0x0000000082d00000, 0x0000000082e00000|  0%| F|  |TAMS 0x0000000082d00000| PB 0x0000000082d00000| Untracked 
|  46|0x0000000082e00000, 0x0000000082e00000, 0x0000000082f00000|  0%| F|  |TAMS 0x0000000082e00000| PB 0x0000000082e00000| Untracked 
|  47|0x0000000082f00000, 0x0000000082f284a0, 0x0000000083000000| 15%| S|CS|TAMS 0x0000000082f00000| PB 0x0000000082f00000| Complete 
|  48|0x0000000083000000, 0x0000000083100000, 0x0000000083100000|100%| S|CS|TAMS 0x0000000083000000| PB 0x0000000083000000| Complete 
|  49|0x0000000083100000, 0x0000000083100000, 0x0000000083200000|  0%| F|  |TAMS 0x0000000083100000| PB 0x0000000083100000| Untracked 
|  50|0x0000000083200000, 0x0000000083200000, 0x0000000083300000|  0%| F|  |TAMS 0x0000000083200000| PB 0x0000000083200000| Untracked 
|  51|0x0000000083300000, 0x0000000083300000, 0x0000000083400000|  0%| F|  |TAMS 0x0000000083300000| PB 0x0000000083300000| Untracked 
|  52|0x0000000083400000, 0x0000000083400000, 0x0000000083500000|  0%| F|  |TAMS 0x0000000083400000| PB 0x0000000083400000| Untracked 
|  53|0x0000000083500000, 0x0000000083500000, 0x0000000083600000|  0%| F|  |TAMS 0x0000000083500000| PB 0x0000000083500000| Untracked 
|  54|0x0000000083600000, 0x0000000083600000, 0x0000000083700000|  0%| F|  |TAMS 0x0000000083600000| PB 0x0000000083600000| Untracked 
|  55|0x0000000083700000, 0x0000000083700000, 0x0000000083800000|  0%| F|  |TAMS 0x0000000083700000| PB 0x0000000083700000| Untracked 
|  56|0x0000000083800000, 0x0000000083800000, 0x0000000083900000|  0%| F|  |TAMS 0x0000000083800000| PB 0x0000000083800000| Untracked 
|  57|0x0000000083900000, 0x0000000083900000, 0x0000000083a00000|  0%| F|  |TAMS 0x0000000083900000| PB 0x0000000083900000| Untracked 
|  58|0x0000000083a00000, 0x0000000083a00000, 0x0000000083b00000|  0%| F|  |TAMS 0x0000000083a00000| PB 0x0000000083a00000| Untracked 
|  59|0x0000000083b00000, 0x0000000083b00000, 0x0000000083c00000|  0%| F|  |TAMS 0x0000000083b00000| PB 0x0000000083b00000| Untracked 
|  60|0x0000000083c00000, 0x0000000083c00000, 0x0000000083d00000|  0%| F|  |TAMS 0x0000000083c00000| PB 0x0000000083c00000| Untracked 
|  61|0x0000000083d00000, 0x0000000083d00000, 0x0000000083e00000|  0%| F|  |TAMS 0x0000000083d00000| PB 0x0000000083d00000| Untracked 
|  62|0x0000000083e00000, 0x0000000083e00000, 0x0000000083f00000|  0%| F|  |TAMS 0x0000000083e00000| PB 0x0000000083e00000| Untracked 
|  63|0x0000000083f00000, 0x0000000083f00000, 0x0000000084000000|  0%| F|  |TAMS 0x0000000083f00000| PB 0x0000000083f00000| Untracked 
|  64|0x0000000084000000, 0x0000000084000000, 0x0000000084100000|  0%| F|  |TAMS 0x0000000084000000| PB 0x0000000084000000| Untracked 
|  65|0x0000000084100000, 0x0000000084100000, 0x0000000084200000|  0%| F|  |TAMS 0x0000000084100000| PB 0x0000000084100000| Untracked 
|  66|0x0000000084200000, 0x0000000084200000, 0x0000000084300000|  0%| F|  |TAMS 0x0000000084200000| PB 0x0000000084200000| Untracked 
|  92|0x0000000085c00000, 0x0000000085c00000, 0x0000000085d00000|  0%| F|  |TAMS 0x0000000085c00000| PB 0x0000000085c00000| Untracked 
|  93|0x0000000085d00000, 0x0000000085e00000, 0x0000000085e00000|100%| E|  |TAMS 0x0000000085d00000| PB 0x0000000085d00000| Complete 
|  94|0x0000000085e00000, 0x0000000085f00000, 0x0000000085f00000|100%| E|CS|TAMS 0x0000000085e00000| PB 0x0000000085e00000| Complete 
|  95|0x0000000085f00000, 0x0000000086000000, 0x0000000086000000|100%| E|CS|TAMS 0x0000000085f00000| PB 0x0000000085f00000| Complete 
|  96|0x0000000086000000, 0x0000000086100000, 0x0000000086100000|100%| E|CS|TAMS 0x0000000086000000| PB 0x0000000086000000| Complete 
|  97|0x0000000086100000, 0x0000000086200000, 0x0000000086200000|100%| E|CS|TAMS 0x0000000086100000| PB 0x0000000086100000| Complete 
|  98|0x0000000086200000, 0x0000000086300000, 0x0000000086300000|100%| E|CS|TAMS 0x0000000086200000| PB 0x0000000086200000| Complete 
|  99|0x0000000086300000, 0x0000000086400000, 0x0000000086400000|100%| E|CS|TAMS 0x0000000086300000| PB 0x0000000086300000| Complete 
| 100|0x0000000086400000, 0x0000000086500000, 0x0000000086500000|100%| E|CS|TAMS 0x0000000086400000| PB 0x0000000086400000| Complete 
| 101|0x0000000086500000, 0x0000000086600000, 0x0000000086600000|100%| E|CS|TAMS 0x0000000086500000| PB 0x0000000086500000| Complete 
| 102|0x0000000086600000, 0x0000000086700000, 0x0000000086700000|100%| E|CS|TAMS 0x0000000086600000| PB 0x0000000086600000| Complete 
| 103|0x0000000086700000, 0x0000000086800000, 0x0000000086800000|100%| E|CS|TAMS 0x0000000086700000| PB 0x0000000086700000| Complete 
| 104|0x0000000086800000, 0x0000000086900000, 0x0000000086900000|100%| E|CS|TAMS 0x0000000086800000| PB 0x0000000086800000| Complete 
| 105|0x0000000086900000, 0x0000000086a00000, 0x0000000086a00000|100%| E|CS|TAMS 0x0000000086900000| PB 0x0000000086900000| Complete 
| 106|0x0000000086a00000, 0x0000000086b00000, 0x0000000086b00000|100%| E|CS|TAMS 0x0000000086a00000| PB 0x0000000086a00000| Complete 
| 107|0x0000000086b00000, 0x0000000086c00000, 0x0000000086c00000|100%| E|CS|TAMS 0x0000000086b00000| PB 0x0000000086b00000| Complete 
| 249|0x000000008f900000, 0x000000008fa00000, 0x000000008fa00000|100%| E|CS|TAMS 0x000000008f900000| PB 0x000000008f900000| Complete 
|2023|0x00000000fe700000, 0x00000000fe800000, 0x00000000fe800000|100%| E|CS|TAMS 0x00000000fe700000| PB 0x00000000fe700000| Complete 
|2024|0x00000000fe800000, 0x00000000fe900000, 0x00000000fe900000|100%| O|  |TAMS 0x00000000fe800000| PB 0x00000000fe800000| Untracked 
|2025|0x00000000fe900000, 0x00000000fea00000, 0x00000000fea00000|100%| O|  |TAMS 0x00000000fe900000| PB 0x00000000fe900000| Untracked 
|2026|0x00000000fea00000, 0x00000000feb00000, 0x00000000feb00000|100%| O|  |TAMS 0x00000000fea00000| PB 0x00000000fea00000| Untracked 
|2027|0x00000000feb00000, 0x00000000fec00000, 0x00000000fec00000|100%| O|  |TAMS 0x00000000feb00000| PB 0x00000000feb00000| Untracked 
|2028|0x00000000fec00000, 0x00000000fed00000, 0x00000000fed00000|100%| O|  |TAMS 0x00000000fec00000| PB 0x00000000fec00000| Untracked 
|2029|0x00000000fed00000, 0x00000000fee00000, 0x00000000fee00000|100%| O|  |TAMS 0x00000000fed00000| PB 0x00000000fed00000| Untracked 
|2030|0x00000000fee00000, 0x00000000fef00000, 0x00000000fef00000|100%| O|  |TAMS 0x00000000fee00000| PB 0x00000000fee00000| Untracked 
|2031|0x00000000fef00000, 0x00000000ff000000, 0x00000000ff000000|100%| O|  |TAMS 0x00000000fef00000| PB 0x00000000fef00000| Untracked 
|2032|0x00000000ff000000, 0x00000000ff100000, 0x00000000ff100000|100%| O|  |TAMS 0x00000000ff000000| PB 0x00000000ff000000| Untracked 
|2033|0x00000000ff100000, 0x00000000ff200000, 0x00000000ff200000|100%| O|  |TAMS 0x00000000ff100000| PB 0x00000000ff100000| Untracked 
|2034|0x00000000ff200000, 0x00000000ff300000, 0x00000000ff300000|100%| O|  |TAMS 0x00000000ff200000| PB 0x00000000ff200000| Untracked 
|2035|0x00000000ff300000, 0x00000000ff400000, 0x00000000ff400000|100%| O|  |TAMS 0x00000000ff300000| PB 0x00000000ff300000| Untracked 
|2036|0x00000000ff400000, 0x00000000ff500000, 0x00000000ff500000|100%| O|  |TAMS 0x00000000ff400000| PB 0x00000000ff400000| Untracked 
|2037|0x00000000ff500000, 0x00000000ff600000, 0x00000000ff600000|100%| O|  |TAMS 0x00000000ff500000| PB 0x00000000ff500000| Untracked 
|2038|0x00000000ff600000, 0x00000000ff700000, 0x00000000ff700000|100%| O|  |TAMS 0x00000000ff600000| PB 0x00000000ff600000| Untracked 
|2039|0x00000000ff700000, 0x00000000ff800000, 0x00000000ff800000|100%| O|  |TAMS 0x00000000ff700000| PB 0x00000000ff700000| Untracked 
|2040|0x00000000ff800000, 0x00000000ff900000, 0x00000000ff900000|100%| O|  |TAMS 0x00000000ff800000| PB 0x00000000ff800000| Untracked 
|2041|0x00000000ff900000, 0x00000000ffa00000, 0x00000000ffa00000|100%| O|  |TAMS 0x00000000ff900000| PB 0x00000000ff900000| Untracked 
|2042|0x00000000ffa00000, 0x00000000ffb00000, 0x00000000ffb00000|100%| O|  |TAMS 0x00000000ffa00000| PB 0x00000000ffa00000| Untracked 
|2043|0x00000000ffb00000, 0x00000000ffc00000, 0x00000000ffc00000|100%| O|  |TAMS 0x00000000ffb00000| PB 0x00000000ffb00000| Untracked 
|2044|0x00000000ffc00000, 0x00000000ffd00000, 0x00000000ffd00000|100%| O|  |TAMS 0x00000000ffc00000| PB 0x00000000ffc00000| Untracked 
|2045|0x00000000ffd00000, 0x00000000ffe00000, 0x00000000ffe00000|100%| O|  |TAMS 0x00000000ffd00000| PB 0x00000000ffd00000| Untracked 
|2046|0x00000000ffe00000, 0x00000000fff00000, 0x00000000fff00000|100%| O|  |TAMS 0x00000000ffe00000| PB 0x00000000ffe00000| Untracked 
|2047|0x00000000fff00000, 0x0000000100000000, 0x0000000100000000|100%| O|  |TAMS 0x00000000fff00000| PB 0x00000000fff00000| Untracked 

Card table byte_map: [0x000002052c280000,0x000002052c680000] _byte_map_base: 0x000002052be80000

Marking Bits: (CMBitMap*) 0x0000020519788660
 Bits: [0x000002052c680000, 0x000002052e680000)

Polling page: 0x00000205174e0000

Metaspace:

Usage:
  Non-class:     58.27 MB used.
      Class:      9.34 MB used.
       Both:     67.61 MB used.

Virtual space:
  Non-class space:       64.00 MB reserved,      59.12 MB ( 92%) committed,  1 nodes.
      Class space:        1.00 GB reserved,      10.12 MB ( <1%) committed,  1 nodes.
             Both:        1.06 GB reserved,      69.25 MB (  6%) committed. 

Chunk freelists:
   Non-Class:  4.81 MB
       Class:  5.89 MB
        Both:  10.69 MB

MaxMetaspaceSize: unlimited
CompressedClassSpaceSize: 1.00 GB
Initial GC threshold: 21.00 MB
Current GC threshold: 99.31 MB
CDS: on
 - commit_granule_bytes: 65536.
 - commit_granule_words: 8192.
 - virtual_space_node_default_size: 8388608.
 - enlarge_chunks_in_place: 1.
 - use_allocation_guard: 0.


Internal statistics:

num_allocs_failed_limit: 12.
num_arena_births: 2824.
num_arena_deaths: 0.
num_vsnodes_births: 2.
num_vsnodes_deaths: 0.
num_space_committed: 1108.
num_space_uncommitted: 0.
num_chunks_returned_to_freelist: 12.
num_chunks_taken_from_freelist: 5687.
num_chunk_merges: 9.
num_chunk_splits: 3979.
num_chunks_enlarged: 2790.
num_inconsistent_stats: 0.

CodeHeap 'non-profiled nmethods': size=120000Kb used=2782Kb max_used=2992Kb free=117217Kb
 bounds [0x0000020524400000, 0x00000205246f0000, 0x000002052b930000]
CodeHeap 'profiled nmethods': size=120000Kb used=9048Kb max_used=9048Kb free=110951Kb
 bounds [0x000002051c930000, 0x000002051d210000, 0x0000020523e60000]
CodeHeap 'non-nmethods': size=5760Kb used=1949Kb max_used=1966Kb free=3810Kb
 bounds [0x0000020523e60000, 0x00000205240d0000, 0x0000020524400000]
CodeCache: size=245760Kb, used=13779Kb, max_used=14006Kb, free=231978Kb
 total_blobs=5661, nmethods=4847, adapters=718, full_count=0
Compilation: enabled, stopped_count=0, restarted_count=0

Compilation events (20 events):
Event: 16.792 Thread 0x00000205312ec220 5525       4       org.jetbrains.kotlin.protobuf.GeneratedMessageLite$ExtendableMessage::makeExtensionsImmutable (8 bytes)
Event: 18.811 Thread 0x000002053130f610 nmethod 5524 0x000002051d1ea210 code [0x000002051d1ea9a0, 0x000002051d1ef570]
Event: 18.812 Thread 0x000002053130f610 5530       3       org.jetbrains.kotlin.metadata.ProtoBuf$Type::isInitialized (145 bytes)
Event: 18.812 Thread 0x000002053130f610 nmethod 5530 0x000002051d1f1310 code [0x000002051d1f15c0, 0x000002051d1f2290]
Event: 18.812 Thread 0x000002053130f610 5528       3       java.util.stream.Collectors$$Lambda/0x0000020533075230::accept (14 bytes)
Event: 18.812 Thread 0x000002053130f610 nmethod 5528 0x000002051d1f2610 code [0x000002051d1f2800, 0x000002051d1f2e08]
Event: 18.812 Thread 0x000002053130f610 5526       3       org.jetbrains.kotlin.protobuf.FieldSet::isInitialized (133 bytes)
Event: 18.813 Thread 0x000002053130f610 nmethod 5526 0x000002051d1f3010 code [0x000002051d1f32e0, 0x000002051d1f4520]
Event: 18.813 Thread 0x000002053130f610 5521       3       sun.nio.fs.WindowsPath::getNameCount (10 bytes)
Event: 18.813 Thread 0x000002053130f610 nmethod 5521 0x000002051d1f4910 code [0x000002051d1f4ac0, 0x000002051d1f4c18]
Event: 18.813 Thread 0x000002053130f610 5522       1       org.jetbrains.kotlin.com.intellij.util.containers.IntArrayList::size (5 bytes)
Event: 18.813 Thread 0x000002053130f610 nmethod 5522 0x000002052455d790 code [0x000002052455d920, 0x000002052455d9e8]
Event: 18.813 Thread 0x000002053130f610 5520       1       org.jetbrains.kotlin.metadata.deserialization.BinaryVersion::getMajor (5 bytes)
Event: 18.813 Thread 0x000002053130f610 nmethod 5520 0x000002052455d490 code [0x000002052455d620, 0x000002052455d6e8]
Event: 18.813 Thread 0x000002053130f610 5518       1       kotlin.Pair::getSecond (5 bytes)
Event: 18.813 Thread 0x000002053130f610 nmethod 5518 0x000002052455d190 code [0x000002052455d320, 0x000002052455d3e8]
Event: 18.813 Thread 0x000002053130f610 5531       1       org.jetbrains.kotlin.metadata.jvm.JvmProtoBuf$StringTableTypes$Record::getRange (5 bytes)
Event: 18.813 Thread 0x000002053130f610 nmethod 5531 0x000002052455ce90 code [0x000002052455d020, 0x000002052455d0e8]
Event: 18.813 Thread 0x000002053130f610 5529       1       javax.management.ObjectName::getCanonicalName (5 bytes)
Event: 18.813 Thread 0x000002053130f610 nmethod 5529 0x000002052455cb90 code [0x000002052455cd20, 0x000002052455cde8]

GC Heap History (20 events):
Event: 7.962 GC heap before
{Heap before GC invocations=4 (full 0):
 garbage-first heap   total 81920K, used 81014K [0x0000000080000000, 0x0000000100000000)
  region size 1024K, 72 young (73728K), 16 survivors (16384K)
 Metaspace       used 27962K, committed 29056K, reserved 1114112K
  class space    used 4071K, committed 4608K, reserved 1048576K
}
Event: 7.977 GC heap after
{Heap after GC invocations=5 (full 0):
 garbage-first heap   total 102400K, used 27006K [0x0000000080000000, 0x0000000100000000)
  region size 1024K, 4 young (4096K), 4 survivors (4096K)
 Metaspace       used 27962K, committed 29056K, reserved 1114112K
  class space    used 4071K, committed 4608K, reserved 1048576K
}
Event: 9.146 GC heap before
{Heap before GC invocations=5 (full 0):
 garbage-first heap   total 102400K, used 76158K [0x0000000080000000, 0x0000000100000000)
  region size 1024K, 54 young (55296K), 4 survivors (4096K)
 Metaspace       used 34659K, committed 35968K, reserved 1114112K
  class space    used 5066K, committed 5696K, reserved 1048576K
}
Event: 9.153 GC heap after
{Heap after GC invocations=6 (full 0):
 garbage-first heap   total 102400K, used 31744K [0x0000000080000000, 0x0000000100000000)
  region size 1024K, 7 young (7168K), 7 survivors (7168K)
 Metaspace       used 34659K, committed 35968K, reserved 1114112K
  class space    used 5066K, committed 5696K, reserved 1048576K
}
Event: 9.186 GC heap before
{Heap before GC invocations=6 (full 0):
 garbage-first heap   total 102400K, used 32768K [0x0000000080000000, 0x0000000100000000)
  region size 1024K, 9 young (9216K), 7 survivors (7168K)
 Metaspace       used 34962K, committed 36288K, reserved 1114112K
  class space    used 5088K, committed 5760K, reserved 1048576K
}
Event: 9.193 GC heap after
{Heap after GC invocations=7 (full 0):
 garbage-first heap   total 102400K, used 31985K [0x0000000080000000, 0x0000000100000000)
  region size 1024K, 5 young (5120K), 5 survivors (5120K)
 Metaspace       used 34962K, committed 36288K, reserved 1114112K
  class space    used 5088K, committed 5760K, reserved 1048576K
}
Event: 10.116 GC heap before
{Heap before GC invocations=8 (full 0):
 garbage-first heap   total 102400K, used 84209K [0x0000000080000000, 0x0000000100000000)
  region size 1024K, 56 young (57344K), 5 survivors (5120K)
 Metaspace       used 38387K, committed 39872K, reserved 1114112K
  class space    used 5600K, committed 6336K, reserved 1048576K
}
Event: 10.122 GC heap after
{Heap after GC invocations=9 (full 0):
 garbage-first heap   total 102400K, used 34789K [0x0000000080000000, 0x0000000100000000)
  region size 1024K, 4 young (4096K), 4 survivors (4096K)
 Metaspace       used 38387K, committed 39872K, reserved 1114112K
  class space    used 5600K, committed 6336K, reserved 1048576K
}
Event: 11.287 GC heap before
{Heap before GC invocations=9 (full 0):
 garbage-first heap   total 102400K, used 85989K [0x0000000080000000, 0x0000000100000000)
  region size 1024K, 54 young (55296K), 4 survivors (4096K)
 Metaspace       used 46670K, committed 48256K, reserved 1114112K
  class space    used 7086K, committed 7872K, reserved 1048576K
}
Event: 11.293 GC heap after
{Heap after GC invocations=10 (full 0):
 garbage-first heap   total 102400K, used 36753K [0x0000000080000000, 0x0000000100000000)
  region size 1024K, 6 young (6144K), 6 survivors (6144K)
 Metaspace       used 46670K, committed 48256K, reserved 1114112K
  class space    used 7086K, committed 7872K, reserved 1048576K
}
Event: 12.511 GC heap before
{Heap before GC invocations=10 (full 0):
 garbage-first heap   total 102400K, used 87953K [0x0000000080000000, 0x0000000100000000)
  region size 1024K, 56 young (57344K), 6 survivors (6144K)
 Metaspace       used 54124K, committed 55680K, reserved 1114112K
  class space    used 7991K, committed 8704K, reserved 1048576K
}
Event: 12.517 GC heap after
{Heap after GC invocations=11 (full 0):
 garbage-first heap   total 102400K, used 38081K [0x0000000080000000, 0x0000000100000000)
  region size 1024K, 4 young (4096K), 4 survivors (4096K)
 Metaspace       used 54124K, committed 55680K, reserved 1114112K
  class space    used 7991K, committed 8704K, reserved 1048576K
}
Event: 13.044 GC heap before
{Heap before GC invocations=11 (full 0):
 garbage-first heap   total 102400K, used 90305K [0x0000000080000000, 0x0000000100000000)
  region size 1024K, 55 young (56320K), 4 survivors (4096K)
 Metaspace       used 55178K, committed 56832K, reserved 1114112K
  class space    used 8104K, committed 8896K, reserved 1048576K
}
Event: 13.064 GC heap after
{Heap after GC invocations=12 (full 0):
 garbage-first heap   total 111616K, used 55296K [0x0000000080000000, 0x0000000100000000)
  region size 1024K, 7 young (7168K), 7 survivors (7168K)
 Metaspace       used 55178K, committed 56832K, reserved 1114112K
  class space    used 8104K, committed 8896K, reserved 1048576K
}
Event: 13.825 GC heap before
{Heap before GC invocations=12 (full 0):
 garbage-first heap   total 111616K, used 81920K [0x0000000080000000, 0x0000000100000000)
  region size 1024K, 34 young (34816K), 7 survivors (7168K)
 Metaspace       used 59114K, committed 60736K, reserved 1114112K
  class space    used 8521K, committed 9344K, reserved 1048576K
}
Event: 13.833 GC heap after
{Heap after GC invocations=13 (full 0):
 garbage-first heap   total 111616K, used 57515K [0x0000000080000000, 0x0000000100000000)
  region size 1024K, 2 young (2048K), 2 survivors (2048K)
 Metaspace       used 59114K, committed 60736K, reserved 1114112K
  class space    used 8521K, committed 9344K, reserved 1048576K
}
Event: 14.632 GC heap before
{Heap before GC invocations=14 (full 0):
 garbage-first heap   total 111616K, used 95403K [0x0000000080000000, 0x0000000100000000)
  region size 1024K, 39 young (39936K), 2 survivors (2048K)
 Metaspace       used 62559K, committed 64192K, reserved 1114112K
  class space    used 8936K, committed 9728K, reserved 1048576K
}
Event: 14.640 GC heap after
{Heap after GC invocations=15 (full 0):
 garbage-first heap   total 111616K, used 61078K [0x0000000080000000, 0x0000000100000000)
  region size 1024K, 5 young (5120K), 5 survivors (5120K)
 Metaspace       used 62559K, committed 64192K, reserved 1114112K
  class space    used 8936K, committed 9728K, reserved 1048576K
}
Event: 15.493 GC heap before
{Heap before GC invocations=15 (full 0):
 garbage-first heap   total 111616K, used 95894K [0x0000000080000000, 0x0000000100000000)
  region size 1024K, 40 young (40960K), 5 survivors (5120K)
 Metaspace       used 66830K, committed 68480K, reserved 1114112K
  class space    used 9295K, committed 10112K, reserved 1048576K
}
Event: 15.497 GC heap after
{Heap after GC invocations=16 (full 0):
 garbage-first heap   total 111616K, used 61680K [0x0000000080000000, 0x0000000100000000)
  region size 1024K, 2 young (2048K), 2 survivors (2048K)
 Metaspace       used 66830K, committed 68480K, reserved 1114112K
  class space    used 9295K, committed 10112K, reserved 1048576K
}

Dll operation events (14 events):
Event: 0.017 Loaded shared library C:\Users\BAPS\.vscode\extensions\redhat.java-1.55.0-win32-x64\jre\21.0.11-win32-x86_64\bin\java.dll
Event: 0.105 Loaded shared library C:\Users\BAPS\.vscode\extensions\redhat.java-1.55.0-win32-x64\jre\21.0.11-win32-x86_64\bin\zip.dll
Event: 0.134 Loaded shared library C:\Users\BAPS\.vscode\extensions\redhat.java-1.55.0-win32-x64\jre\21.0.11-win32-x86_64\bin\instrument.dll
Event: 0.142 Loaded shared library C:\Users\BAPS\.vscode\extensions\redhat.java-1.55.0-win32-x64\jre\21.0.11-win32-x86_64\bin\net.dll
Event: 0.146 Loaded shared library C:\Users\BAPS\.vscode\extensions\redhat.java-1.55.0-win32-x64\jre\21.0.11-win32-x86_64\bin\nio.dll
Event: 0.151 Loaded shared library C:\Users\BAPS\.vscode\extensions\redhat.java-1.55.0-win32-x64\jre\21.0.11-win32-x86_64\bin\zip.dll
Event: 0.592 Loaded shared library C:\Users\BAPS\.vscode\extensions\redhat.java-1.55.0-win32-x64\jre\21.0.11-win32-x86_64\bin\jimage.dll
Event: 0.977 Loaded shared library C:\Users\BAPS\.vscode\extensions\redhat.java-1.55.0-win32-x64\jre\21.0.11-win32-x86_64\bin\verify.dll
Event: 1.042 Loaded shared library C:\Users\BAPS\.gradle\native\660c5614fbf4a5f2a75b1949f50a0caf5cd603558e7d8a26e50b933a0cfb79d1\windows-amd64\native-platform.dll
Event: 1.066 Loaded shared library C:\Users\BAPS\.gradle\native\0.2.8\x86_64-windows-gnu\gradle-fileevents.dll
Event: 3.550 Loaded shared library C:\Users\BAPS\.vscode\extensions\redhat.java-1.55.0-win32-x64\jre\21.0.11-win32-x86_64\bin\management.dll
Event: 3.557 Loaded shared library C:\Users\BAPS\.vscode\extensions\redhat.java-1.55.0-win32-x64\jre\21.0.11-win32-x86_64\bin\management_ext.dll
Event: 3.820 Loaded shared library C:\Users\BAPS\.vscode\extensions\redhat.java-1.55.0-win32-x64\jre\21.0.11-win32-x86_64\bin\extnet.dll
Event: 4.203 Loaded shared library C:\Users\BAPS\.vscode\extensions\redhat.java-1.55.0-win32-x64\jre\21.0.11-win32-x86_64\bin\sunmscapi.dll

Deoptimization events (20 events):
Event: 15.723 Thread 0x00000205783861a0 Uncommon trap: trap_request=0xffffff45 fr.pc=0x00000205246cadbc relative=0x000000000000045c
Event: 15.723 Thread 0x00000205783861a0 Uncommon trap: reason=unstable_if action=reinterpret pc=0x00000205246cadbc method=org.jetbrains.org.objectweb.asm.ClassReader.readUtf(II[C)Ljava/lang/String; @ 26 c2
Event: 15.723 Thread 0x00000205783861a0 DEOPT PACKING pc=0x00000205246cadbc sp=0x000000ea997f3a00
Event: 15.723 Thread 0x00000205783861a0 DEOPT UNPACKING pc=0x0000020523eb4422 sp=0x000000ea997f38c8 mode 2
Event: 16.785 Thread 0x00000205783861a0 Uncommon trap: trap_request=0xffffff45 fr.pc=0x000002052469f4c4 relative=0x00000000000003e4
Event: 16.785 Thread 0x00000205783861a0 Uncommon trap: reason=unstable_if action=reinterpret pc=0x000002052469f4c4 method=org.jetbrains.org.objectweb.asm.ClassReader.readUtf(II[C)Ljava/lang/String; @ 26 c2
Event: 16.785 Thread 0x00000205783861a0 DEOPT PACKING pc=0x000002052469f4c4 sp=0x000000ea997f3980
Event: 16.785 Thread 0x00000205783861a0 DEOPT UNPACKING pc=0x0000020523eb4422 sp=0x000000ea997f38c0 mode 2
Event: 16.789 Thread 0x00000205783861a0 Uncommon trap: trap_request=0xffffff45 fr.pc=0x000002052462d2fc relative=0x000000000000057c
Event: 16.789 Thread 0x00000205783861a0 Uncommon trap: reason=unstable_if action=reinterpret pc=0x000002052462d2fc method=org.jetbrains.kotlin.metadata.ProtoBuf$Type$Argument.hasType()Z @ 7 c2
Event: 16.789 Thread 0x00000205783861a0 DEOPT PACKING pc=0x000002052462d2fc sp=0x000000ea997f4080
Event: 16.789 Thread 0x00000205783861a0 DEOPT UNPACKING pc=0x0000020523eb4422 sp=0x000000ea997f3f58 mode 2
Event: 16.790 Thread 0x00000205783861a0 Uncommon trap: trap_request=0xffffff45 fr.pc=0x0000020524692b3c relative=0x000000000000027c
Event: 16.790 Thread 0x00000205783861a0 Uncommon trap: reason=unstable_if action=reinterpret pc=0x0000020524692b3c method=org.jetbrains.org.objectweb.asm.ClassReader.readUtf(II[C)Ljava/lang/String; @ 26 c2
Event: 16.790 Thread 0x00000205783861a0 DEOPT PACKING pc=0x0000020524692b3c sp=0x000000ea997f3970
Event: 16.790 Thread 0x00000205783861a0 DEOPT UNPACKING pc=0x0000020523eb4422 sp=0x000000ea997f38f8 mode 2
Event: 16.791 Thread 0x00000205783861a0 Uncommon trap: trap_request=0xffffff45 fr.pc=0x0000020524566408 relative=0x00000000000030a8
Event: 16.791 Thread 0x00000205783861a0 Uncommon trap: reason=unstable_if action=reinterpret pc=0x0000020524566408 method=org.jetbrains.kotlin.metadata.ProtoBuf$Type.<init>(Lorg/jetbrains/kotlin/protobuf/CodedInputStream;Lorg/jetbrains/kotlin/protobuf/ExtensionRegistryLite;)V @ 49 c2
Event: 16.791 Thread 0x00000205783861a0 DEOPT PACKING pc=0x0000020524566408 sp=0x000000ea997f3b00
Event: 16.791 Thread 0x00000205783861a0 DEOPT UNPACKING pc=0x0000020523eb4422 sp=0x000000ea997f3ab8 mode 2

Classes loaded (20 events):
Event: 12.630 Loading class java/beans/PropertyChangeListener
Event: 12.630 Loading class java/beans/PropertyChangeListener done
Event: 13.015 Loading class java/util/regex/Pattern$Bound
Event: 13.015 Loading class java/util/regex/Pattern$Bound done
Event: 13.017 Loading class java/util/regex/Pattern$LookBehindEndNode
Event: 13.017 Loading class java/util/regex/Pattern$LookBehindEndNode done
Event: 13.017 Loading class java/util/regex/Pattern$NotBehind
Event: 13.018 Loading class java/util/regex/Pattern$NotBehind done
Event: 13.200 Loading class java/util/function/IntUnaryOperator
Event: 13.200 Loading class java/util/function/IntUnaryOperator done
Event: 13.215 Loading class java/io/NotSerializableException
Event: 13.215 Loading class java/io/NotSerializableException done
Event: 13.279 Loading class sun/nio/fs/WindowsLinkSupport
Event: 13.279 Loading class sun/nio/fs/WindowsLinkSupport done
Event: 14.170 Loading class java/util/concurrent/LinkedBlockingDeque$Itr
Event: 14.170 Loading class java/util/concurrent/LinkedBlockingDeque$AbstractItr
Event: 14.171 Loading class java/util/concurrent/LinkedBlockingDeque$AbstractItr done
Event: 14.171 Loading class java/util/concurrent/LinkedBlockingDeque$Itr done
Event: 15.514 Loading class java/util/AbstractList$ListItr
Event: 15.514 Loading class java/util/AbstractList$ListItr done

Classes unloaded (0 events):
No events

Classes redefined (0 events):
No events

Internal exceptions (20 events):
Event: 11.187 Thread 0x00000205783861a0 Exception <a 'java/lang/NoSuchMethodError'{0x0000000082698420}: 'void java.lang.invoke.DelegatingMethodHandle$Holder.reinvoke_L(java.lang.Object, java.lang.Object, java.lang.Object, long, java.lang.Object)'> (0x0000000082698420) 
thrown [s\src\hotspot\share\interpreter\linkResolver.cpp, line 773]
Event: 11.188 Thread 0x00000205783861a0 Exception <a 'java/lang/NoSuchMethodError'{0x00000000826a0750}: 'java.lang.Object java.lang.invoke.DirectMethodHandle$Holder.invokeSpecial(java.lang.Object, java.lang.Object, java.lang.Object, java.lang.Object, long)'> (0x00000000826a0750) 
thrown [s\src\hotspot\share\interpreter\linkResolver.cpp, line 773]
Event: 11.189 Thread 0x00000205783861a0 Exception <a 'java/lang/NoSuchMethodError'{0x00000000826b0488}: 'int java.lang.invoke.DelegatingMethodHandle$Holder.reinvoke_L(java.lang.Object, java.lang.Object, java.lang.Object, long, java.lang.Object, java.lang.Object)'> (0x00000000826b0488) 
thrown [s\src\hotspot\share\interpreter\linkResolver.cpp, line 773]
Event: 11.189 Thread 0x00000205783861a0 Exception <a 'java/lang/NoSuchMethodError'{0x00000000826bfa88}: 'int java.lang.invoke.DelegatingMethodHandle$Holder.reinvoke_L(java.lang.Object, java.lang.Object, java.lang.Object, long, int, int)'> (0x00000000826bfa88) 
thrown [s\src\hotspot\share\interpreter\linkResolver.cpp, line 773]
Event: 11.190 Thread 0x00000205783861a0 Exception <a 'java/lang/NoSuchMethodError'{0x00000000826cee38}: 'int java.lang.invoke.DelegatingMethodHandle$Holder.reinvoke_L(java.lang.Object, java.lang.Object, java.lang.Object, long, long, long)'> (0x00000000826cee38) 
thrown [s\src\hotspot\share\interpreter\linkResolver.cpp, line 773]
Event: 11.191 Thread 0x00000205783861a0 Exception <a 'java/lang/NoSuchMethodError'{0x00000000826dde90}: 'int java.lang.invoke.DelegatingMethodHandle$Holder.reinvoke_L(java.lang.Object, java.lang.Object, java.lang.Object, long, int)'> (0x00000000826dde90) 
thrown [s\src\hotspot\share\interpreter\linkResolver.cpp, line 773]
Event: 11.191 Thread 0x00000205783861a0 Exception <a 'java/lang/NoSuchMethodError'{0x00000000826f0f58}: 'void java.lang.invoke.DelegatingMethodHandle$Holder.reinvoke_L(java.lang.Object, java.lang.Object, java.lang.Object, long, java.lang.Object, long, long)'> (0x00000000826f0f58) 
thrown [s\src\hotspot\share\interpreter\linkResolver.cpp, line 773]
Event: 11.192 Thread 0x00000205783861a0 Exception <a 'java/lang/NoSuchMethodError'{0x00000000826f8de0}: 'long java.lang.invoke.Invokers$Holder.invokeExact_MT(java.lang.Object, java.lang.Object, java.lang.Object)'> (0x00000000826f8de0) 
thrown [s\src\hotspot\share\interpreter\linkResolver.cpp, line 773]
Event: 11.192 Thread 0x00000205783861a0 Exception <a 'java/lang/NoSuchMethodError'{0x00000000826fdb78}: 'int java.lang.invoke.Invokers$Holder.invokeExact_MT(java.lang.Object, java.lang.Object, java.lang.Object)'> (0x00000000826fdb78) 
thrown [s\src\hotspot\share\interpreter\linkResolver.cpp, line 773]
Event: 11.263 Thread 0x00000205783861a0 Exception <a 'java/lang/NoSuchMethodError'{0x0000000082230e40}: 'java.lang.Object java.lang.invoke.DirectMethodHandle$Holder.invokeStatic(java.lang.Object, java.lang.Object, int, java.lang.Object, int)'> (0x0000000082230e40) 
thrown [s\src\hotspot\share\interpreter\linkResolver.cpp, line 773]
Event: 12.060 Thread 0x00000205783861a0 Exception <a 'java/lang/NoSuchMethodError'{0x0000000083499608}: 'java.lang.Object java.lang.invoke.DirectMethodHandle$Holder.invokeStatic(java.lang.Object, java.lang.Object, java.lang.Object, java.lang.Object, int, java.lang.Object)'> (0x0000000083499608) 
thrown [s\src\hotspot\share\interpreter\linkResolver.cpp, line 773]
Event: 12.113 Thread 0x00000205783861a0 Exception <a 'java/lang/NoSuchMethodError'{0x0000000083213e38}: 'long java.lang.invoke.DirectMethodHandle$Holder.invokeStatic(java.lang.Object, java.lang.Object, int)'> (0x0000000083213e38) 
thrown [s\src\hotspot\share\interpreter\linkResolver.cpp, line 773]
Event: 12.114 Thread 0x00000205783861a0 Exception <a 'java/lang/NoSuchMethodError'{0x00000000832205c8}: 'java.lang.Object java.lang.invoke.DelegatingMethodHandle$Holder.reinvoke_L(java.lang.Object, int, long, java.lang.Object, java.lang.Object, int, java.lang.Object)'> (0x00000000832205c8) 
thrown [s\src\hotspot\share\interpreter\linkResolver.cpp, line 773]
Event: 12.535 Thread 0x00000205783861a0 Exception <a 'java/lang/NoSuchMethodError'{0x000000008f9a1b88}: 'java.lang.Object java.lang.invoke.Invokers$Holder.invokeExact_MT(java.lang.Object, java.lang.Object, long, java.lang.Object)'> (0x000000008f9a1b88) 
thrown [s\src\hotspot\share\interpreter\linkResolver.cpp, line 773]
Event: 12.650 Thread 0x00000205783861a0 Exception <a 'java/lang/NoSuchMethodError'{0x00000000866b25a8}: 'java.lang.Object java.lang.invoke.DirectMethodHandle$Holder.invokeStatic(java.lang.Object, java.lang.Object, long, long)'> (0x00000000866b25a8) 
thrown [s\src\hotspot\share\interpreter\linkResolver.cpp, line 773]
Event: 12.660 Thread 0x00000205783861a0 Exception <a 'java/lang/NoSuchMethodError'{0x0000000086503ed0}: 'java.lang.Object java.lang.invoke.DirectMethodHandle$Holder.invokeStatic(java.lang.Object, java.lang.Object, java.lang.Object, long, java.lang.Object)'> (0x0000000086503ed0) 
thrown [s\src\hotspot\share\interpreter\linkResolver.cpp, line 773]
Event: 12.661 Thread 0x00000205783861a0 Exception <a 'java/lang/NoSuchMethodError'{0x000000008650c8a0}: 'java.lang.Object java.lang.invoke.DirectMethodHandle$Holder.newInvokeSpecial(java.lang.Object, java.lang.Object, java.lang.Object, long)'> (0x000000008650c8a0) 
thrown [s\src\hotspot\share\interpreter\linkResolver.cpp, line 773]
Event: 12.661 Thread 0x00000205783861a0 Exception <a 'java/lang/NoSuchMethodError'{0x00000000865118f0}: 'java.lang.Object java.lang.invoke.Invokers$Holder.linkToTargetMethod(java.lang.Object, java.lang.Object, long, java.lang.Object)'> (0x00000000865118f0) 
thrown [s\src\hotspot\share\interpreter\linkResolver.cpp, line 773]
Event: 12.913 Thread 0x00000205783861a0 Implicit null exception at 0x00000205246ac0f6 to 0x00000205246ac520
Event: 12.931 Thread 0x00000205783861a0 Implicit null exception at 0x00000205246bea12 to 0x00000205246bf850

ZGC Phase Switch (0 events):
No events

VM Operations (20 events):
Event: 13.043 Executing safepoint VM operation: G1CollectForAllocation (G1 Evacuation Pause)
Event: 13.064 Executing safepoint VM operation: G1CollectForAllocation (G1 Evacuation Pause) done
Event: 13.825 Executing safepoint VM operation: CollectForMetadataAllocation (Metadata GC Threshold)
Event: 13.833 Executing safepoint VM operation: CollectForMetadataAllocation (Metadata GC Threshold) done
Event: 13.875 Executing safepoint VM operation: G1PauseRemark
Event: 13.880 Executing safepoint VM operation: G1PauseRemark done
Event: 13.898 Executing safepoint VM operation: G1PauseCleanup
Event: 13.898 Executing safepoint VM operation: G1PauseCleanup done
Event: 14.475 Executing non-safepoint VM operation: HandshakeAllThreads (Deoptimize)
Event: 14.475 Executing non-safepoint VM operation: HandshakeAllThreads (Deoptimize) done
Event: 14.631 Executing safepoint VM operation: G1CollectForAllocation (G1 Evacuation Pause)
Event: 14.640 Executing safepoint VM operation: G1CollectForAllocation (G1 Evacuation Pause) done
Event: 15.493 Executing safepoint VM operation: G1CollectForAllocation (G1 Evacuation Pause)
Event: 15.497 Executing safepoint VM operation: G1CollectForAllocation (G1 Evacuation Pause) done
Event: 15.515 Executing non-safepoint VM operation: HandshakeAllThreads (Deoptimize)
Event: 15.515 Executing non-safepoint VM operation: HandshakeAllThreads (Deoptimize) done
Event: 16.531 Executing safepoint VM operation: Cleanup
Event: 16.768 Executing safepoint VM operation: Cleanup done
Event: 17.769 Executing safepoint VM operation: Cleanup
Event: 17.769 Executing safepoint VM operation: Cleanup done

Memory protections (0 events):
No events

Nmethod flushes (20 events):
Event: 13.879 Thread 0x00000205312b9e40 flushing  nmethod 0x000002051ce28c10
Event: 13.879 Thread 0x00000205312b9e40 flushing  nmethod 0x000002051ce32b10
Event: 13.879 Thread 0x00000205312b9e40 flushing  nmethod 0x000002051ce37710
Event: 13.879 Thread 0x00000205312b9e40 flushing  nmethod 0x000002051ce37c10
Event: 13.879 Thread 0x00000205312b9e40 flushing  nmethod 0x0000020524471410
Event: 13.879 Thread 0x00000205312b9e40 flushing  nmethod 0x000002051ca4c590
Event: 13.879 Thread 0x00000205312b9e40 flushing  nmethod 0x000002051ca5e910
Event: 13.879 Thread 0x00000205312b9e40 flushing  nmethod 0x000002051cb2f490
Event: 13.879 Thread 0x00000205312b9e40 flushing  nmethod 0x000002051cb34210
Event: 13.879 Thread 0x00000205312b9e40 flushing  nmethod 0x000002051cb34810
Event: 13.879 Thread 0x00000205312b9e40 flushing  nmethod 0x000002051cb7fd90
Event: 13.879 Thread 0x00000205312b9e40 flushing  nmethod 0x000002051cb84190
Event: 13.879 Thread 0x00000205312b9e40 flushing  nmethod 0x000002051cb84a10
Event: 13.879 Thread 0x00000205312b9e40 flushing  nmethod 0x000002051ce95b90
Event: 13.879 Thread 0x00000205312b9e40 flushing  nmethod 0x000002051ce9cc10
Event: 13.879 Thread 0x00000205312b9e40 flushing  nmethod 0x000002051ce9d010
Event: 13.879 Thread 0x00000205312b9e40 flushing  nmethod 0x000002051ce9d810
Event: 13.879 Thread 0x00000205312b9e40 flushing  nmethod 0x000002051d08ff10
Event: 13.879 Thread 0x00000205312b9e40 flushing  nmethod 0x000002051d090b10
Event: 13.879 Thread 0x00000205312b9e40 flushing  nmethod 0x000002051d0cf990

Events (20 events):
Event: 8.402 Thread 0x00000205783861a0 Thread added: 0x0000020578577910
Event: 8.597 Thread 0x00000205783119b0 Thread exited: 0x00000205783119b0
Event: 8.638 Thread 0x00000205312ec220 Thread added: 0x000002057a939320
Event: 8.719 Thread 0x00000205783861a0 Thread added: 0x00000205785751b0
Event: 8.794 Thread 0x00000205783861a0 Thread added: 0x0000020578577fa0
Event: 8.899 Thread 0x000002053130f610 Thread added: 0x000002057a9399f0
Event: 10.570 Thread 0x000002057a9399f0 Thread exited: 0x000002057a9399f0
Event: 10.570 Thread 0x000002057a939320 Thread exited: 0x000002057a939320
Event: 11.681 Thread 0x000002053130f610 Thread added: 0x000002057d6f5f90
Event: 11.907 Thread 0x000002057d6f5f90 Thread exited: 0x000002057d6f5f90
Event: 12.144 Thread 0x000002053130f610 Thread added: 0x000002057d6f58c0
Event: 12.422 Thread 0x000002057d6f58c0 Thread exited: 0x000002057d6f58c0
Event: 12.666 Thread 0x000002053130f610 Thread added: 0x000002057d6f4450
Event: 12.677 Thread 0x000002053130f610 Thread added: 0x000002057d6f51f0
Event: 13.194 Thread 0x000002057d6f51f0 Thread exited: 0x000002057d6f51f0
Event: 13.790 Thread 0x000002057d6f4450 Thread exited: 0x000002057d6f4450
Event: 14.527 Thread 0x00000205312ec220 Thread added: 0x000002057d6f58c0
Event: 14.563 Thread 0x000002053130f610 Thread added: 0x000002057d6f6d30
Event: 15.012 Thread 0x000002057d6f6d30 Thread exited: 0x000002057d6f6d30
Event: 15.088 Thread 0x000002057d6f58c0 Thread exited: 0x000002057d6f58c0


Dynamic libraries:
0x00007ff6e18f0000 - 0x00007ff6e18fe000 	C:\Users\BAPS\.vscode\extensions\redhat.java-1.55.0-win32-x64\jre\21.0.11-win32-x86_64\bin\java.exe
0x00007ffcfa720000 - 0x00007ffcfa986000 	C:\Windows\SYSTEM32\ntdll.dll
0x00007ffcf9b40000 - 0x00007ffcf9c09000 	C:\Windows\System32\KERNEL32.DLL
0x00007ffcf8040000 - 0x00007ffcf843e000 	C:\Windows\System32\KERNELBASE.dll
0x00007ffcf7b00000 - 0x00007ffcf7c4c000 	C:\Windows\System32\ucrtbase.dll
0x00007ffcedaa0000 - 0x00007ffcedab8000 	C:\Users\BAPS\.vscode\extensions\redhat.java-1.55.0-win32-x64\jre\21.0.11-win32-x86_64\bin\jli.dll
0x00007ffcee850000 - 0x00007ffcee86e000 	C:\Users\BAPS\.vscode\extensions\redhat.java-1.55.0-win32-x64\jre\21.0.11-win32-x86_64\bin\VCRUNTIME140.dll
0x00007ffcf8840000 - 0x00007ffcf8a07000 	C:\Windows\System32\USER32.dll
0x00007ffcf8010000 - 0x00007ffcf8037000 	C:\Windows\System32\win32u.dll
0x00007ffcf9ee0000 - 0x00007ffcf9f0b000 	C:\Windows\System32\GDI32.dll
0x00007ffcd6d00000 - 0x00007ffcd6f92000 	C:\Windows\WinSxS\amd64_microsoft.windows.common-controls_6595b64144ccf1df_6.0.26100.8875_none_3e0d5d42e32fe9dd\COMCTL32.dll
0x00007ffcf79d0000 - 0x00007ffcf7afa000 	C:\Windows\System32\gdi32full.dll
0x00007ffcf9a90000 - 0x00007ffcf9b39000 	C:\Windows\System32\msvcrt.dll
0x00007ffcf7ea0000 - 0x00007ffcf7f43000 	C:\Windows\System32\msvcp_win.dll
0x00007ffcf8450000 - 0x00007ffcf8482000 	C:\Windows\System32\IMM32.DLL
0x00007ffcf2290000 - 0x00007ffcf229c000 	C:\Users\BAPS\.vscode\extensions\redhat.java-1.55.0-win32-x64\jre\21.0.11-win32-x86_64\bin\vcruntime140_1.dll
0x00007ffce55d0000 - 0x00007ffce565d000 	C:\Users\BAPS\.vscode\extensions\redhat.java-1.55.0-win32-x64\jre\21.0.11-win32-x86_64\bin\msvcp140.dll
0x00007ffc454e0000 - 0x00007ffc46282000 	C:\Users\BAPS\.vscode\extensions\redhat.java-1.55.0-win32-x64\jre\21.0.11-win32-x86_64\bin\server\jvm.dll
0x00007ffcfa5c0000 - 0x00007ffcfa677000 	C:\Windows\System32\ADVAPI32.dll
0x00007ffcf8c40000 - 0x00007ffcf8cea000 	C:\Windows\System32\sechost.dll
0x00007ffcf8b10000 - 0x00007ffcf8c28000 	C:\Windows\System32\RPCRT4.dll
0x00007ffcfa200000 - 0x00007ffcfa280000 	C:\Windows\System32\WS2_32.dll
0x00007ffcf77a0000 - 0x00007ffcf77fe000 	C:\Windows\SYSTEM32\POWRPROF.dll
0x00007ffceffe0000 - 0x00007ffceffeb000 	C:\Windows\SYSTEM32\VERSION.dll
0x00007ffcd0fc0000 - 0x00007ffcd0ff6000 	C:\Windows\SYSTEM32\WINMM.dll
0x00007ffcf7780000 - 0x00007ffcf7794000 	C:\Windows\SYSTEM32\UMPDC.dll
0x00007ffcf65e0000 - 0x00007ffcf65fb000 	C:\Windows\SYSTEM32\kernel.appcore.dll
0x00007ffcf2210000 - 0x00007ffcf221a000 	C:\Users\BAPS\.vscode\extensions\redhat.java-1.55.0-win32-x64\jre\21.0.11-win32-x86_64\bin\jimage.dll
0x00007ffcea230000 - 0x00007ffcea472000 	C:\Windows\SYSTEM32\DBGHELP.DLL
0x00007ffcf8490000 - 0x00007ffcf8813000 	C:\Windows\System32\combase.dll
0x00007ffcf8cf0000 - 0x00007ffcf8dc9000 	C:\Windows\System32\OLEAUT32.dll
0x00007ffce90b0000 - 0x00007ffce90eb000 	C:\Windows\SYSTEM32\dbgcore.DLL
0x00007ffcf7de0000 - 0x00007ffcf7e8c000 	C:\Windows\System32\bcryptPrimitives.dll
0x00007ffcee820000 - 0x00007ffcee82f000 	C:\Users\BAPS\.vscode\extensions\redhat.java-1.55.0-win32-x64\jre\21.0.11-win32-x86_64\bin\instrument.dll
0x00007ffce55b0000 - 0x00007ffce55d0000 	C:\Users\BAPS\.vscode\extensions\redhat.java-1.55.0-win32-x64\jre\21.0.11-win32-x86_64\bin\java.dll
0x00007ffcf8e20000 - 0x00007ffcf95b2000 	C:\Windows\System32\SHELL32.dll
0x00007ffcf53a0000 - 0x00007ffcf5c32000 	C:\Windows\SYSTEM32\windows.storage.dll
0x00007ffcf8a10000 - 0x00007ffcf8b07000 	C:\Windows\System32\SHCORE.dll
0x00007ffcf9c90000 - 0x00007ffcf9cf7000 	C:\Windows\System32\shlwapi.dll
0x00007ffcf7860000 - 0x00007ffcf7889000 	C:\Windows\SYSTEM32\profapi.dll
0x00007ffce5590000 - 0x00007ffce55a8000 	C:\Users\BAPS\.vscode\extensions\redhat.java-1.55.0-win32-x64\jre\21.0.11-win32-x86_64\bin\zip.dll
0x00007ffceda90000 - 0x00007ffcedaa0000 	C:\Users\BAPS\.vscode\extensions\redhat.java-1.55.0-win32-x64\jre\21.0.11-win32-x86_64\bin\net.dll
0x00007ffcefe50000 - 0x00007ffceff77000 	C:\Windows\SYSTEM32\WINHTTP.dll
0x00007ffcf6b70000 - 0x00007ffcf6bdc000 	C:\Windows\system32\mswsock.dll
0x00007ffce5570000 - 0x00007ffce5586000 	C:\Users\BAPS\.vscode\extensions\redhat.java-1.55.0-win32-x64\jre\21.0.11-win32-x86_64\bin\nio.dll
0x00007ffced830000 - 0x00007ffced840000 	C:\Users\BAPS\.vscode\extensions\redhat.java-1.55.0-win32-x64\jre\21.0.11-win32-x86_64\bin\verify.dll
0x00007ffc90020000 - 0x00007ffc90047000 	C:\Users\BAPS\.gradle\native\660c5614fbf4a5f2a75b1949f50a0caf5cd603558e7d8a26e50b933a0cfb79d1\windows-amd64\native-platform.dll
0x00007ffc8fe90000 - 0x00007ffc8ff07000 	C:\Users\BAPS\.gradle\native\0.2.8\x86_64-windows-gnu\gradle-fileevents.dll
0x00007ffce7fe0000 - 0x00007ffce7fea000 	C:\Users\BAPS\.vscode\extensions\redhat.java-1.55.0-win32-x64\jre\21.0.11-win32-x86_64\bin\management.dll
0x00007ffce7c20000 - 0x00007ffce7c2c000 	C:\Users\BAPS\.vscode\extensions\redhat.java-1.55.0-win32-x64\jre\21.0.11-win32-x86_64\bin\management_ext.dll
0x00007ffcf95c0000 - 0x00007ffcf95c8000 	C:\Windows\System32\PSAPI.DLL
0x00007ffcf6040000 - 0x00007ffcf6073000 	C:\Windows\SYSTEM32\IPHLPAPI.DLL
0x00007ffcf8c30000 - 0x00007ffcf8c3a000 	C:\Windows\System32\NSI.dll
0x00007ffce5330000 - 0x00007ffce5339000 	C:\Users\BAPS\.vscode\extensions\redhat.java-1.55.0-win32-x64\jre\21.0.11-win32-x86_64\bin\extnet.dll
0x00007ffcf6fa0000 - 0x00007ffcf6fbb000 	C:\Windows\SYSTEM32\CRYPTSP.dll
0x00007ffcf6540000 - 0x00007ffcf6579000 	C:\Windows\system32\rsaenh.dll
0x00007ffcf6c30000 - 0x00007ffcf6c62000 	C:\Windows\SYSTEM32\USERENV.dll
0x00007ffcf7830000 - 0x00007ffcf785a000 	C:\Windows\SYSTEM32\bcrypt.dll
0x00007ffcf6de0000 - 0x00007ffcf6dec000 	C:\Windows\SYSTEM32\CRYPTBASE.dll
0x00007ffce61d0000 - 0x00007ffce61de000 	C:\Users\BAPS\.vscode\extensions\redhat.java-1.55.0-win32-x64\jre\21.0.11-win32-x86_64\bin\sunmscapi.dll
0x00007ffcf7c60000 - 0x00007ffcf7dd8000 	C:\Windows\System32\CRYPT32.dll
0x00007ffcf7110000 - 0x00007ffcf7140000 	C:\Windows\SYSTEM32\ncrypt.dll
0x00007ffcf70c0000 - 0x00007ffcf70ff000 	C:\Windows\SYSTEM32\NTASN1.dll
0x00007ffcb21e0000 - 0x00007ffcb21e8000 	C:\Windows\system32\wshunix.dll

JVMTI agents:
C:\Users\BAPS\.gradle\wrapper\dists\gradle-9.3.1-bin\23ovyewtku6u96viwx3xl3oks\gradle-9.3.1\lib\agents\gradle-instrumentation-agent-9.3.1.jar path:C:\Users\BAPS\.vscode\extensions\redhat.java-1.55.0-win32-x64\jre\21.0.11-win32-x86_64\bin\instrument.dll, loaded, initialized, instrumentlib options:none

dbghelp: loaded successfully - version: 4.0.5 - missing functions: none
symbol engine: initialized successfully - sym options: 0x614 - pdb path: .;C:\Users\BAPS\.vscode\extensions\redhat.java-1.55.0-win32-x64\jre\21.0.11-win32-x86_64\bin;C:\Windows\SYSTEM32;C:\Windows\WinSxS\amd64_microsoft.windows.common-controls_6595b64144ccf1df_6.0.26100.8875_none_3e0d5d42e32fe9dd;C:\Users\BAPS\.vscode\extensions\redhat.java-1.55.0-win32-x64\jre\21.0.11-win32-x86_64\bin\server;C:\Users\BAPS\.gradle\native\660c5614fbf4a5f2a75b1949f50a0caf5cd603558e7d8a26e50b933a0cfb79d1\windows-amd64;C:\Users\BAPS\.gradle\native\0.2.8\x86_64-windows-gnu

VM Arguments:
jvm_args: --add-opens=java.base/java.lang=ALL-UNNAMED --add-opens=java.base/java.lang.invoke=ALL-UNNAMED --add-opens=java.base/java.util=ALL-UNNAMED --add-opens=java.prefs/java.util.prefs=ALL-UNNAMED --add-exports=jdk.compiler/com.sun.tools.javac.api=ALL-UNNAMED --add-exports=jdk.compiler/com.sun.tools.javac.util=ALL-UNNAMED --add-opens=java.base/java.util=ALL-UNNAMED --add-opens=java.prefs/java.util.prefs=ALL-UNNAMED --add-opens=java.base/java.nio.charset=ALL-UNNAMED --add-opens=java.base/java.net=ALL-UNNAMED --add-opens=java.base/java.util.concurrent=ALL-UNNAMED --add-opens=java.base/java.util.concurrent.atomic=ALL-UNNAMED --add-opens=java.xml/javax.xml.namespace=ALL-UNNAMED --add-opens=java.base/java.time=ALL-UNNAMED -XX:+HeapDumpOnOutOfMemoryError --add-exports=jdk.compiler/com.sun.tools.javac.api=ALL-UNNAMED --add-exports=jdk.compiler/com.sun.tools.javac.file=ALL-UNNAMED --add-exports=jdk.compiler/com.sun.tools.javac.parser=ALL-UNNAMED --add-exports=jdk.compiler/com.sun.tools.javac.tree=ALL-UNNAMED --add-exports=jdk.compiler/com.sun.tools.javac.util=ALL-UNNAMED -Xmx2048m -Dfile.encoding=UTF-8 -Duser.country=US -Duser.language=en -Duser.variant -javaagent:C:\Users\BAPS\.gradle\wrapper\dists\gradle-9.3.1-bin\23ovyewtku6u96viwx3xl3oks\gradle-9.3.1\lib\agents\gradle-instrumentation-agent-9.3.1.jar 
java_command: org.gradle.launcher.daemon.bootstrap.GradleDaemon 9.3.1
java_class_path (initial): C:\Users\BAPS\.gradle\wrapper\dists\gradle-9.3.1-bin\23ovyewtku6u96viwx3xl3oks\gradle-9.3.1\lib\gradle-daemon-main-9.3.1.jar
Launcher Type: SUN_STANDARD

[Global flags]
     intx CICompilerCount                          = 4                                         {product} {ergonomic}
     uint ConcGCThreads                            = 3                                         {product} {ergonomic}
     uint G1ConcRefinementThreads                  = 10                                        {product} {ergonomic}
   size_t G1HeapRegionSize                         = 1048576                                   {product} {ergonomic}
    uintx GCDrainStackTargetSize                   = 64                                        {product} {ergonomic}
     bool HeapDumpOnOutOfMemoryError               = true                                   {manageable} {command line}
   size_t InitialHeapSize                          = 262144000                                 {product} {ergonomic}
   size_t MarkStackSize                            = 4194304                                   {product} {ergonomic}
   size_t MaxHeapSize                              = 2147483648                                {product} {command line}
   size_t MaxNewSize                               = 1287651328                                {product} {ergonomic}
   size_t MinHeapDeltaBytes                        = 1048576                                   {product} {ergonomic}
   size_t MinHeapSize                              = 8388608                                   {product} {ergonomic}
    uintx NonNMethodCodeHeapSize                   = 5839372                                {pd product} {ergonomic}
    uintx NonProfiledCodeHeapSize                  = 122909434                              {pd product} {ergonomic}
    uintx ProfiledCodeHeapSize                     = 122909434                              {pd product} {ergonomic}
    uintx ReservedCodeCacheSize                    = 251658240                              {pd product} {ergonomic}
     bool SegmentedCodeCache                       = true                                      {product} {ergonomic}
   size_t SoftMaxHeapSize                          = 2147483648                             {manageable} {ergonomic}
     bool UseCompressedOops                        = true                           {product lp64_product} {ergonomic}
     bool UseG1GC                                  = true                                      {product} {ergonomic}
     bool UseLargePagesIndividualAllocation        = false                                  {pd product} {ergonomic}

Logging:
Log output configuration:
 #0: stdout all=warning uptime,level,tags foldmultilines=false
 #1: stderr all=off uptime,level,tags foldmultilines=false

Release file:
JAVA_VERSION="21.0.11" 
MODULES="java.base java.compiler java.datatransfer java.xml java.prefs java.desktop java.instrument java.logging java.management java.security.sasl java.naming java.rmi java.management.rmi java.net.http java.scripting java.security.jgss java.transaction.xa java.sql java.sql.rowset java.xml.crypto java.se java.smartcardio jdk.accessibility jdk.internal.jvmstat jdk.attach jdk.charsets jdk.internal.opt jdk.zipfs jdk.compiler jdk.crypto.ec jdk.crypto.cryptoki jdk.crypto.mscapi jdk.dynalink jdk.internal.ed jdk.editpad jdk.hotspot.agent jdk.httpserver jdk.internal.le jdk.internal.vm.ci jdk.internal.vm.compiler jdk.internal.vm.compiler.management jdk.jartool jdk.javadoc jdk.jcmd jdk.management jdk.management.agent jdk.jconsole jdk.jdeps jdk.jdwp.agent jdk.jdi jdk.jfr jdk.jshell jdk.jsobject jdk.jstatd jdk.localedata jdk.management.jfr jdk.naming.dns jdk.naming.rmi jdk.net jdk.nio.mapmode jdk.random jdk.sctp jdk.security.auth jdk.security.jgss jdk.unsupported jdk.unsupported.desktop jdk.xml.dom" 

Environment Variables:
JAVA_HOME=C:\Users\BAPS\Downloads\openjdk-17.0.0.1+2_windows-x64_bin\jdk-17.0.0.1
PATH=C:\Python314\Scripts\;C:\Python314\;C:\Windows\system32;C:\Windows;C:\Windows\System32\Wbem;C:\Windows\System32\WindowsPowerShell\v1.0\;C:\Windows\System32\OpenSSH\;C:\Program Files (x86)\NVIDIA Corporation\PhysX\Common;C:\Program Files\nodejs\;C:\ProgramData\chocolatey\bin;C:\Program Files\Git\cmd;C:\Users\BAPS\AppData\Local\Microsoft\WindowsApps;C:\Users\BAPS\AppData\Local\Programs\Microsoft VS Code\bin;C:\Users\BAPS\AppData\Roaming\npm
USERNAME=BAPS
OS=Windows_NT
PROCESSOR_IDENTIFIER=Intel64 Family 6 Model 165 Stepping 2, GenuineIntel
TMP=C:\Users\BAPS\AppData\Local\Temp
TEMP=C:\Users\BAPS\AppData\Local\Temp




Periodic native trim disabled

---------------  S Y S T E M  ---------------

OS:
 Windows 11 , 64 bit Build 26100 (10.0.26100.8875)
OS uptime: 0 days 1:11 hours
Hyper-V role detected

CPU: total 12 (initial active 12) (6 cores per cpu, 2 threads per core) family 6 model 165 stepping 2 microcode 0x100, cx8, cmov, fxsr, ht, mmx, 3dnowpref, sse, sse2, sse3, ssse3, sse4.1, sse4.2, popcnt, lzcnt, tsc, tscinvbit, avx, avx2, aes, erms, clmul, bmi1, bmi2, adx, fma, vzeroupper, clflush, clflushopt, hv, rdtscp, f16c
Processor Information for the first 12 processors :
  Max Mhz: 2712, Current Mhz: 2712, Mhz Limit: 2712

Memory: 4k page, system-wide physical 15985M (3126M free)
TotalPageFile size 46384M (AvailPageFile size 5M)
current process WorkingSet (physical memory assigned to process): 301M, peak: 316M
current process commit charge ("private bytes"): 346M, peak: 440M

vm_info: OpenJDK 64-Bit Server VM (21.0.11+10-LTS) for windows-amd64 JRE (21.0.11+10-LTS), built on 2026-04-21T00:00:00Z by "admin" with MS VC++ 17.12 (VS2022)

END.
