#
# There is insufficient memory for the Java Runtime Environment to continue.
# Native memory allocation (malloc) failed to allocate 32744 bytes. Error detail: Chunk::new
# Possible reasons:
#   The system is out of physical RAM or swap space
#   This process is running with CompressedOops enabled, and the Java Heap may be blocking the growth of the native heap
# Possible solutions:
#   Reduce memory load on the system
#   Increase physical memory or swap space
#   Check if swap backing store is full
#   Decrease Java heap size (-Xmx/-Xms)
#   Decrease number of Java threads
#   Decrease Java thread stack sizes (-Xss)
#   Set larger code cache with -XX:ReservedCodeCacheSize=
#   JVM is running with Unscaled Compressed Oops mode in which the Java heap is
#     placed in the first 4GB address space. The Java Heap base address is the
#     maximum limit for the native heap growth. Please use -XX:HeapBaseMinAddress
#     to set the Java Heap base and to place the Java Heap above 4GB virtual address.
# This output file may be truncated or incomplete.
#
#  Out of Memory Error (arena.cpp:168), pid=5068, tid=11476
#
# JRE version: OpenJDK Runtime Environment Temurin-21.0.11+10 (21.0.11+10) (build 21.0.11+10-LTS)
# Java VM: OpenJDK 64-Bit Server VM Temurin-21.0.11+10 (21.0.11+10-LTS, mixed mode, sharing, tiered, compressed oops, compressed class ptrs, g1 gc, windows-amd64)
# No core dump will be written. Minidumps are not enabled by default on client versions of Windows
#

---------------  S U M M A R Y ------------

Command Line: --add-opens=java.base/java.util=ALL-UNNAMED --add-opens=java.base/java.lang=ALL-UNNAMED --add-opens=java.base/java.lang.invoke=ALL-UNNAMED --add-opens=java.prefs/java.util.prefs=ALL-UNNAMED --add-exports=jdk.compiler/com.sun.tools.javac.api=ALL-UNNAMED --add-exports=jdk.compiler/com.sun.tools.javac.util=ALL-UNNAMED --add-opens=java.base/java.nio.charset=ALL-UNNAMED --add-opens=java.base/java.net=ALL-UNNAMED --add-opens=java.base/java.util.concurrent.atomic=ALL-UNNAMED -XX:MaxMetaspaceSize=384m -XX:+HeapDumpOnOutOfMemoryError -Xms256m -Xmx512m -Dfile.encoding=utf8 -Duser.country=US -Duser.language=en -Duser.variant -javaagent:C:\Users\BAPS\.gradle\wrapper\dists\gradle-8.9-bin\90cnw93cvbtalezasaz0blq0a\gradle-8.9\lib\agents\gradle-instrumentation-agent-8.9.jar org.gradle.launcher.daemon.bootstrap.GradleDaemon 8.9

Host: Intel(R) Core(TM) i7-10850H CPU @ 2.70GHz, 12 cores, 15G,  Windows 11 , 64 bit Build 26100 (10.0.26100.8875)
Time: Fri Jul 31 04:02:47 2026 Pacific Daylight Time elapsed time: 30.182404 seconds (0d 0h 0m 30s)

---------------  T H R E A D  ---------------

Current thread (0x000001fdf34c06c0):  JavaThread "C2 CompilerThread1" daemon [_thread_in_native, id=11476, stack(0x00000080ccb00000,0x00000080ccc00000) (1024K)]


Current CompileTask:
C2:30182 3799       4       java.net.URLClassLoader$1::run (5 bytes)

Stack: [0x00000080ccb00000,0x00000080ccc00000]
Native frames: (J=compiled Java code, j=interpreted, Vv=VM code, C=native code)
V  [jvm.dll+0x6d7e19]
V  [jvm.dll+0x8b5096]
V  [jvm.dll+0x8b764e]
V  [jvm.dll+0x8b7d33]
V  [jvm.dll+0x284596]
V  [jvm.dll+0xc685d]
V  [jvm.dll+0xc6da1]
V  [jvm.dll+0x6e9366]
V  [jvm.dll+0x6e78c6]
V  [jvm.dll+0x1ce4fc]
V  [jvm.dll+0x1cf09e]
V  [jvm.dll+0x2fa71c]
V  [jvm.dll+0x6f22b3]
V  [jvm.dll+0x6ea3a9]
V  [jvm.dll+0x6e9aa9]
V  [jvm.dll+0x6e7b2e]
V  [jvm.dll+0x1ce4fc]
V  [jvm.dll+0x1cf09e]
V  [jvm.dll+0x2fa71c]
V  [jvm.dll+0x6f22b3]
V  [jvm.dll+0x6ea3a9]
V  [jvm.dll+0x6e9aa9]
V  [jvm.dll+0x6e7b2e]
V  [jvm.dll+0x1ce4fc]
V  [jvm.dll+0x1cf09e]
V  [jvm.dll+0x2fa71c]
V  [jvm.dll+0x6f22b3]
V  [jvm.dll+0x6ea3a9]
V  [jvm.dll+0x6e9aa9]
V  [jvm.dll+0x6e7b2e]
V  [jvm.dll+0x1ce4fc]
V  [jvm.dll+0x1cf09e]
V  [jvm.dll+0x2fa71c]
V  [jvm.dll+0x6f22b3]
V  [jvm.dll+0x6ea3a9]
V  [jvm.dll+0x6e9aa9]
V  [jvm.dll+0x6e7b2e]
V  [jvm.dll+0x1ce4fc]
V  [jvm.dll+0x1cf09e]
V  [jvm.dll+0x2fa71c]
V  [jvm.dll+0x6f22b3]
V  [jvm.dll+0x6ea3a9]
V  [jvm.dll+0x6e9aa9]
V  [jvm.dll+0x6e7b2e]
V  [jvm.dll+0x1ce4fc]
V  [jvm.dll+0x1cf09e]
V  [jvm.dll+0x2fa71c]
V  [jvm.dll+0x6f22b3]
V  [jvm.dll+0x6ea3a9]
V  [jvm.dll+0x6e9aa9]
V  [jvm.dll+0x6e7b2e]
V  [jvm.dll+0x1ce4fc]
V  [jvm.dll+0x24b919]
V  [jvm.dll+0x1cb4ae]
V  [jvm.dll+0x25baad]
V  [jvm.dll+0x25a03a]
V  [jvm.dll+0x3f868e]
V  [jvm.dll+0x85fb0d]
V  [jvm.dll+0x6d664d]
C  [ucrtbase.dll+0x2cd30]
C  [KERNEL32.DLL+0x2e957]
C  [ntdll.dll+0xaad6c]


---------------  P R O C E S S  ---------------

Threads class SMR info:
_java_thread_list=0x000001fdf3c015d0, length=36, elements={
0x000001fdd734d870, 0x000001fded164520, 0x000001fded164b90, 0x000001fded167930,
0x000001fded168220, 0x000001fded1748c0, 0x000001fded17f080, 0x000001fded17fa20,
0x000001fded185840, 0x000001fded356c10, 0x000001fded490c60, 0x000001fdf2c3b980,
0x000001fdf26555f0, 0x000001fdf240f4c0, 0x000001fdf2b00060, 0x000001fded2c1ba0,
0x000001fded47a9f0, 0x000001fdf2b81f70, 0x000001fded5e23c0, 0x000001fded5e4490,
0x000001fded5e3770, 0x000001fded5e1d30, 0x000001fded5e16a0, 0x000001fded5e2a50,
0x000001fded5e3e00, 0x000001fded5e1010, 0x000001fdf6cd0dc0, 0x000001fdf6ccf380,
0x000001fdf6cd2170, 0x000001fdf6ccfa10, 0x000001fdf6cd1450, 0x000001fdf6cd00a0,
0x000001fdf34c06c0, 0x000001fdf6cd0730, 0x000001fdf6cd2800, 0x000001fdf34c2fa0
}

Java Threads: ( => current thread )
  0x000001fdd734d870 JavaThread "main"                              [_thread_blocked, id=2836, stack(0x00000080c9b00000,0x00000080c9c00000) (1024K)]
  0x000001fded164520 JavaThread "Reference Handler"          daemon [_thread_blocked, id=21704, stack(0x00000080ca300000,0x00000080ca400000) (1024K)]
  0x000001fded164b90 JavaThread "Finalizer"                  daemon [_thread_blocked, id=10068, stack(0x00000080ca400000,0x00000080ca500000) (1024K)]
  0x000001fded167930 JavaThread "Signal Dispatcher"          daemon [_thread_blocked, id=21072, stack(0x00000080ca500000,0x00000080ca600000) (1024K)]
  0x000001fded168220 JavaThread "Attach Listener"            daemon [_thread_blocked, id=3564, stack(0x00000080ca600000,0x00000080ca700000) (1024K)]
  0x000001fded1748c0 JavaThread "Service Thread"             daemon [_thread_blocked, id=11312, stack(0x00000080ca700000,0x00000080ca800000) (1024K)]
  0x000001fded17f080 JavaThread "Monitor Deflation Thread"   daemon [_thread_blocked, id=408, stack(0x00000080ca800000,0x00000080ca900000) (1024K)]
  0x000001fded17fa20 JavaThread "C2 CompilerThread0"         daemon [_thread_in_native, id=21848, stack(0x00000080ca900000,0x00000080caa00000) (1024K)]
  0x000001fded185840 JavaThread "C1 CompilerThread0"         daemon [_thread_blocked, id=20656, stack(0x00000080caa00000,0x00000080cab00000) (1024K)]
  0x000001fded356c10 JavaThread "Common-Cleaner"             daemon [_thread_blocked, id=3848, stack(0x00000080cab00000,0x00000080cac00000) (1024K)]
  0x000001fded490c60 JavaThread "Notification Thread"        daemon [_thread_blocked, id=6648, stack(0x00000080cac00000,0x00000080cad00000) (1024K)]
  0x000001fdf2c3b980 JavaThread "Daemon health stats"               [_thread_blocked, id=13592, stack(0x00000080cb300000,0x00000080cb400000) (1024K)]
  0x000001fdf26555f0 JavaThread "Incoming local TCP Connector on port 52080"        [_thread_in_native, id=22052, stack(0x00000080cb400000,0x00000080cb500000) (1024K)]
  0x000001fdf240f4c0 JavaThread "Daemon periodic checks"            [_thread_blocked, id=12096, stack(0x00000080cb500000,0x00000080cb600000) (1024K)]
  0x000001fdf2b00060 JavaThread "Daemon"                            [_thread_blocked, id=16992, stack(0x00000080cb600000,0x00000080cb700000) (1024K)]
  0x000001fded2c1ba0 JavaThread "Handler for socket connection from /127.0.0.1:52080 to /127.0.0.1:52081"        [_thread_in_native, id=21980, stack(0x00000080cb700000,0x00000080cb800000) (1024K)]
  0x000001fded47a9f0 JavaThread "Cancel handler"                    [_thread_blocked, id=15512, stack(0x00000080cb800000,0x00000080cb900000) (1024K)]
  0x000001fdf2b81f70 JavaThread "Daemon worker"                     [_thread_in_vm, id=21172, stack(0x00000080cb900000,0x00000080cba00000) (1024K)]
  0x000001fded5e23c0 JavaThread "Asynchronous log dispatcher for DefaultDaemonConnection: socket connection from /127.0.0.1:52080 to /127.0.0.1:52081"        [_thread_blocked, id=2848, stack(0x00000080cba00000,0x00000080cbb00000) (1024K)]
  0x000001fded5e4490 JavaThread "Stdin handler"                     [_thread_blocked, id=13400, stack(0x00000080cbb00000,0x00000080cbc00000) (1024K)]
  0x000001fded5e3770 JavaThread "Daemon client event forwarder"        [_thread_blocked, id=4004, stack(0x00000080cbc00000,0x00000080cbd00000) (1024K)]
  0x000001fded5e1d30 JavaThread "Cache worker for journal cache (C:\Users\BAPS\.gradle\caches\journal-1)"        [_thread_blocked, id=16756, stack(0x00000080cad00000,0x00000080cae00000) (1024K)]
  0x000001fded5e16a0 JavaThread "File lock request listener"        [_thread_in_native, id=11160, stack(0x00000080cbd00000,0x00000080cbe00000) (1024K)]
  0x000001fded5e2a50 JavaThread "Cache worker for file hash cache (C:\Users\BAPS\.gradle\caches\8.9\fileHashes)"        [_thread_blocked, id=21420, stack(0x00000080cbe00000,0x00000080cbf00000) (1024K)]
  0x000001fded5e3e00 JavaThread "Cache worker for file hash cache (C:\Wellzy\node_modules\@react-native-vector-icons\ionicons\android\.gradle\8.9\fileHashes)"        [_thread_blocked, id=11868, stack(0x00000080cc100000,0x00000080cc200000) (1024K)]
  0x000001fded5e1010 JavaThread "Cache worker for Build Output Cleanup Cache (C:\Wellzy\node_modules\@react-native-vector-icons\ionicons\android\.gradle\buildOutputCleanup)"        [_thread_blocked, id=22492, stack(0x00000080cc200000,0x00000080cc300000) (1024K)]
  0x000001fdf6cd0dc0 JavaThread "File watcher server"        daemon [_thread_in_native, id=9672, stack(0x00000080cc900000,0x00000080cca00000) (1024K)]
  0x000001fdf6ccf380 JavaThread "File watcher consumer"      daemon [_thread_blocked, id=8952, stack(0x00000080cca00000,0x00000080ccb00000) (1024K)]
  0x000001fdf6cd2170 JavaThread "Cache worker for checksums cache (C:\Wellzy\node_modules\@react-native-vector-icons\ionicons\android\.gradle\8.9\checksums)"        [_thread_blocked, id=22380, stack(0x00000080cbf00000,0x00000080cc000000) (1024K)]
  0x000001fdf6ccfa10 JavaThread "Cache worker for file content cache (C:\Users\BAPS\.gradle\caches\8.9\fileContent)"        [_thread_blocked, id=15904, stack(0x00000080cc000000,0x00000080cc100000) (1024K)]
  0x000001fdf6cd1450 JavaThread "Cache worker for cache directory md-rule (C:\Users\BAPS\.gradle\caches\8.9\md-rule)"        [_thread_blocked, id=2016, stack(0x00000080ccc00000,0x00000080ccd00000) (1024K)]
  0x000001fdf6cd00a0 JavaThread "Cache worker for cache directory md-supplier (C:\Users\BAPS\.gradle\caches\8.9\md-supplier)"        [_thread_blocked, id=13792, stack(0x00000080ccd00000,0x00000080cce00000) (1024K)]
=>0x000001fdf34c06c0 JavaThread "C2 CompilerThread1"         daemon [_thread_in_native, id=11476, stack(0x00000080ccb00000,0x00000080ccc00000) (1024K)]
  0x000001fdf6cd0730 JavaThread "jar transforms"                    [_thread_blocked, id=9084, stack(0x00000080cce00000,0x00000080ccf00000) (1024K)]
  0x000001fdf6cd2800 JavaThread "jar transforms Thread 2"           [_thread_blocked, id=20092, stack(0x00000080ccf00000,0x00000080cd000000) (1024K)]
  0x000001fdf34c2fa0 JavaThread "C2 CompilerThread2"         daemon [_thread_in_native, id=12460, stack(0x00000080cd000000,0x00000080cd100000) (1024K)]
Total: 36

Other Threads:
  0x000001fded14c2d0 VMThread "VM Thread"                           [id=21256, stack(0x00000080ca200000,0x00000080ca300000) (1024K)]
  0x000001fded13b8a0 WatcherThread "VM Periodic Task Thread"        [id=8764, stack(0x00000080ca100000,0x00000080ca200000) (1024K)]
  0x000001fdd73799e0 WorkerThread "GC Thread#0"                     [id=6172, stack(0x00000080c9c00000,0x00000080c9d00000) (1024K)]
  0x000001fded77b7a0 WorkerThread "GC Thread#1"                     [id=17224, stack(0x00000080cae00000,0x00000080caf00000) (1024K)]
  0x000001fded86fef0 WorkerThread "GC Thread#2"                     [id=1760, stack(0x00000080caf00000,0x00000080cb000000) (1024K)]
  0x000001fdf20c81f0 WorkerThread "GC Thread#3"                     [id=9760, stack(0x00000080cb000000,0x00000080cb100000) (1024K)]
  0x000001fded80b7b0 WorkerThread "GC Thread#4"                     [id=8500, stack(0x00000080cb100000,0x00000080cb200000) (1024K)]
  0x000001fded80bb60 WorkerThread "GC Thread#5"                     [id=6148, stack(0x00000080cb200000,0x00000080cb300000) (1024K)]
  0x000001fdf2e5f4e0 WorkerThread "GC Thread#6"                     [id=1488, stack(0x00000080cc300000,0x00000080cc400000) (1024K)]
  0x000001fdf67169c0 WorkerThread "GC Thread#7"                     [id=7484, stack(0x00000080cc400000,0x00000080cc500000) (1024K)]
  0x000001fdf6715eb0 WorkerThread "GC Thread#8"                     [id=15880, stack(0x00000080cc500000,0x00000080cc600000) (1024K)]
  0x000001fdf6716260 WorkerThread "GC Thread#9"                     [id=10856, stack(0x00000080cc600000,0x00000080cc700000) (1024K)]
  0x000001fdd737e8e0 ConcurrentGCThread "G1 Main Marker"            [id=13872, stack(0x00000080c9d00000,0x00000080c9e00000) (1024K)]
  0x000001fdd7380180 WorkerThread "G1 Conc#0"                       [id=5080, stack(0x00000080c9e00000,0x00000080c9f00000) (1024K)]
  0x000001fdf6717fe0 WorkerThread "G1 Conc#1"                       [id=4076, stack(0x00000080cc700000,0x00000080cc800000) (1024K)]
  0x000001fdf67153a0 WorkerThread "G1 Conc#2"                       [id=21860, stack(0x00000080cc800000,0x00000080cc900000) (1024K)]
  0x000001fded006a00 ConcurrentGCThread "G1 Refine#0"               [id=19280, stack(0x00000080c9f00000,0x00000080ca000000) (1024K)]
  0x000001fded009e60 ConcurrentGCThread "G1 Service"                [id=4012, stack(0x00000080ca000000,0x00000080ca100000) (1024K)]
Total: 18

Threads with active compile tasks:
C2 CompilerThread0  32286 3796   !   4       java.lang.ClassLoader::loadClass (121 bytes)
C2 CompilerThread1  32287 3799       4       java.net.URLClassLoader$1::run (5 bytes)
C2 CompilerThread2  32287 3798   !   4       java.net.URLClassLoader::findClass (47 bytes)
Total: 3

VM state: not at safepoint (normal execution)

VM Mutex/Monitor currently owned by a thread: None

Heap address: 0x00000000e0000000, size: 512 MB, Compressed Oops mode: 32-bit

CDS archive(s) mapped at: [0x000001fd80000000-0x000001fd80ba0000-0x000001fd80ba0000), size 12189696, SharedBaseAddress: 0x000001fd80000000, ArchiveRelocationMode: 1.
Compressed class space mapped at: 0x000001fd81000000-0x000001fd95000000, reserved size: 335544320
Narrow klass base: 0x000001fd80000000, Narrow klass shift: 0, Narrow klass range: 0x100000000

GC Precious Log:
 CardTable entry size: 512
 Card Set container configuration: InlinePtr #cards 5 size 8 Array Of Cards #cards 12 size 40 Howl #buckets 4 coarsen threshold 1843 Howl Bitmap #cards 512 size 80 coarsen threshold 460 Card regions per heap region 1 cards per card region 2048
 CPUs: 12 total, 12 available
 Memory: 15985M
 Large Page Support: Disabled
 NUMA Support: Disabled
 Compressed Oops: Enabled (32-bit)
 Heap Region Size: 1M
 Heap Min Capacity: 256M
 Heap Initial Capacity: 256M
 Heap Max Capacity: 512M
 Pre-touch: Disabled
 Parallel Workers: 10
 Concurrent Workers: 3
 Concurrent Refinement Workers: 10
 Periodic GC: Disabled

Heap:
 garbage-first heap   total 262144K, used 99278K [0x00000000e0000000, 0x0000000100000000)
  region size 1024K, 87 young (89088K), 14 survivors (14336K)
 Metaspace       used 30543K, committed 31808K, reserved 393216K
  class space    used 4715K, committed 5312K, reserved 327680K

Heap Regions: E=young(eden), S=young(survivor), O=old, HS=humongous(starts), HC=humongous(continues), CS=collection set, F=free, TAMS=top-at-mark-start, PB=parsable bottom
|   0|0x00000000e0000000, 0x00000000e0100000, 0x00000000e0100000|100%|HS|  |TAMS 0x00000000e0000000| PB 0x00000000e0000000| Complete 
|   1|0x00000000e0100000, 0x00000000e0200000, 0x00000000e0200000|100%|HC|  |TAMS 0x00000000e0100000| PB 0x00000000e0100000| Complete 
|   2|0x00000000e0200000, 0x00000000e0300000, 0x00000000e0300000|100%|HC|  |TAMS 0x00000000e0200000| PB 0x00000000e0200000| Complete 
|   3|0x00000000e0300000, 0x00000000e0400000, 0x00000000e0400000|100%|HC|  |TAMS 0x00000000e0300000| PB 0x00000000e0300000| Complete 
|   4|0x00000000e0400000, 0x00000000e0500000, 0x00000000e0500000|100%| O|  |TAMS 0x00000000e0400000| PB 0x00000000e0400000| Untracked 
|   5|0x00000000e0500000, 0x00000000e0600000, 0x00000000e0600000|100%| O|  |TAMS 0x00000000e0500000| PB 0x00000000e0500000| Untracked 
|   6|0x00000000e0600000, 0x00000000e0700000, 0x00000000e0700000|100%| O|  |TAMS 0x00000000e0600000| PB 0x00000000e0600000| Untracked 
|   7|0x00000000e0700000, 0x00000000e0800000, 0x00000000e0800000|100%| O|Cm|TAMS 0x00000000e0700000| PB 0x00000000e0700000| Complete 
|   8|0x00000000e0800000, 0x00000000e0900000, 0x00000000e0900000|100%| O|  |TAMS 0x00000000e0800000| PB 0x00000000e0800000| Untracked 
|   9|0x00000000e0900000, 0x00000000e0a00000, 0x00000000e0a00000|100%| O|  |TAMS 0x00000000e0900000| PB 0x00000000e0900000| Untracked 
|  10|0x00000000e0a00000, 0x00000000e0ac3eb0, 0x00000000e0b00000| 76%| O|  |TAMS 0x00000000e0a00000| PB 0x00000000e0a00000| Untracked 
|  11|0x00000000e0b00000, 0x00000000e0c00000, 0x00000000e0c00000|100%|HS|  |TAMS 0x00000000e0b00000| PB 0x00000000e0b00000| Complete 
|  12|0x00000000e0c00000, 0x00000000e0c00000, 0x00000000e0d00000|  0%| F|  |TAMS 0x00000000e0c00000| PB 0x00000000e0c00000| Untracked 
|  13|0x00000000e0d00000, 0x00000000e0d00000, 0x00000000e0e00000|  0%| F|  |TAMS 0x00000000e0d00000| PB 0x00000000e0d00000| Untracked 
|  14|0x00000000e0e00000, 0x00000000e0e00000, 0x00000000e0f00000|  0%| F|  |TAMS 0x00000000e0e00000| PB 0x00000000e0e00000| Untracked 
|  15|0x00000000e0f00000, 0x00000000e0f00000, 0x00000000e1000000|  0%| F|  |TAMS 0x00000000e0f00000| PB 0x00000000e0f00000| Untracked 
|  16|0x00000000e1000000, 0x00000000e1000000, 0x00000000e1100000|  0%| F|  |TAMS 0x00000000e1000000| PB 0x00000000e1000000| Untracked 
|  17|0x00000000e1100000, 0x00000000e1100000, 0x00000000e1200000|  0%| F|  |TAMS 0x00000000e1100000| PB 0x00000000e1100000| Untracked 
|  18|0x00000000e1200000, 0x00000000e1200000, 0x00000000e1300000|  0%| F|  |TAMS 0x00000000e1200000| PB 0x00000000e1200000| Untracked 
|  19|0x00000000e1300000, 0x00000000e1300000, 0x00000000e1400000|  0%| F|  |TAMS 0x00000000e1300000| PB 0x00000000e1300000| Untracked 
|  20|0x00000000e1400000, 0x00000000e1400000, 0x00000000e1500000|  0%| F|  |TAMS 0x00000000e1400000| PB 0x00000000e1400000| Untracked 
|  21|0x00000000e1500000, 0x00000000e1500000, 0x00000000e1600000|  0%| F|  |TAMS 0x00000000e1500000| PB 0x00000000e1500000| Untracked 
|  22|0x00000000e1600000, 0x00000000e1600000, 0x00000000e1700000|  0%| F|  |TAMS 0x00000000e1600000| PB 0x00000000e1600000| Untracked 
|  23|0x00000000e1700000, 0x00000000e1700000, 0x00000000e1800000|  0%| F|  |TAMS 0x00000000e1700000| PB 0x00000000e1700000| Untracked 
|  24|0x00000000e1800000, 0x00000000e1800000, 0x00000000e1900000|  0%| F|  |TAMS 0x00000000e1800000| PB 0x00000000e1800000| Untracked 
|  25|0x00000000e1900000, 0x00000000e1900000, 0x00000000e1a00000|  0%| F|  |TAMS 0x00000000e1900000| PB 0x00000000e1900000| Untracked 
|  26|0x00000000e1a00000, 0x00000000e1a00000, 0x00000000e1b00000|  0%| F|  |TAMS 0x00000000e1a00000| PB 0x00000000e1a00000| Untracked 
|  27|0x00000000e1b00000, 0x00000000e1b00000, 0x00000000e1c00000|  0%| F|  |TAMS 0x00000000e1b00000| PB 0x00000000e1b00000| Untracked 
|  28|0x00000000e1c00000, 0x00000000e1c00000, 0x00000000e1d00000|  0%| F|  |TAMS 0x00000000e1c00000| PB 0x00000000e1c00000| Untracked 
|  29|0x00000000e1d00000, 0x00000000e1d00000, 0x00000000e1e00000|  0%| F|  |TAMS 0x00000000e1d00000| PB 0x00000000e1d00000| Untracked 
|  30|0x00000000e1e00000, 0x00000000e1e00000, 0x00000000e1f00000|  0%| F|  |TAMS 0x00000000e1e00000| PB 0x00000000e1e00000| Untracked 
|  31|0x00000000e1f00000, 0x00000000e1f00000, 0x00000000e2000000|  0%| F|  |TAMS 0x00000000e1f00000| PB 0x00000000e1f00000| Untracked 
|  32|0x00000000e2000000, 0x00000000e2000000, 0x00000000e2100000|  0%| F|  |TAMS 0x00000000e2000000| PB 0x00000000e2000000| Untracked 
|  33|0x00000000e2100000, 0x00000000e2100000, 0x00000000e2200000|  0%| F|  |TAMS 0x00000000e2100000| PB 0x00000000e2100000| Untracked 
|  34|0x00000000e2200000, 0x00000000e2200000, 0x00000000e2300000|  0%| F|  |TAMS 0x00000000e2200000| PB 0x00000000e2200000| Untracked 
|  35|0x00000000e2300000, 0x00000000e2300000, 0x00000000e2400000|  0%| F|  |TAMS 0x00000000e2300000| PB 0x00000000e2300000| Untracked 
|  36|0x00000000e2400000, 0x00000000e2400000, 0x00000000e2500000|  0%| F|  |TAMS 0x00000000e2400000| PB 0x00000000e2400000| Untracked 
|  37|0x00000000e2500000, 0x00000000e2500000, 0x00000000e2600000|  0%| F|  |TAMS 0x00000000e2500000| PB 0x00000000e2500000| Untracked 
|  38|0x00000000e2600000, 0x00000000e2600000, 0x00000000e2700000|  0%| F|  |TAMS 0x00000000e2600000| PB 0x00000000e2600000| Untracked 
|  39|0x00000000e2700000, 0x00000000e2700000, 0x00000000e2800000|  0%| F|  |TAMS 0x00000000e2700000| PB 0x00000000e2700000| Untracked 
|  40|0x00000000e2800000, 0x00000000e2800000, 0x00000000e2900000|  0%| F|  |TAMS 0x00000000e2800000| PB 0x00000000e2800000| Untracked 
|  41|0x00000000e2900000, 0x00000000e2900000, 0x00000000e2a00000|  0%| F|  |TAMS 0x00000000e2900000| PB 0x00000000e2900000| Untracked 
|  42|0x00000000e2a00000, 0x00000000e2a00000, 0x00000000e2b00000|  0%| F|  |TAMS 0x00000000e2a00000| PB 0x00000000e2a00000| Untracked 
|  43|0x00000000e2b00000, 0x00000000e2b00000, 0x00000000e2c00000|  0%| F|  |TAMS 0x00000000e2b00000| PB 0x00000000e2b00000| Untracked 
|  44|0x00000000e2c00000, 0x00000000e2c00000, 0x00000000e2d00000|  0%| F|  |TAMS 0x00000000e2c00000| PB 0x00000000e2c00000| Untracked 
|  45|0x00000000e2d00000, 0x00000000e2d00000, 0x00000000e2e00000|  0%| F|  |TAMS 0x00000000e2d00000| PB 0x00000000e2d00000| Untracked 
|  46|0x00000000e2e00000, 0x00000000e2e00000, 0x00000000e2f00000|  0%| F|  |TAMS 0x00000000e2e00000| PB 0x00000000e2e00000| Untracked 
|  47|0x00000000e2f00000, 0x00000000e2f00000, 0x00000000e3000000|  0%| F|  |TAMS 0x00000000e2f00000| PB 0x00000000e2f00000| Untracked 
|  48|0x00000000e3000000, 0x00000000e3000000, 0x00000000e3100000|  0%| F|  |TAMS 0x00000000e3000000| PB 0x00000000e3000000| Untracked 
|  49|0x00000000e3100000, 0x00000000e3100000, 0x00000000e3200000|  0%| F|  |TAMS 0x00000000e3100000| PB 0x00000000e3100000| Untracked 
|  50|0x00000000e3200000, 0x00000000e3200000, 0x00000000e3300000|  0%| F|  |TAMS 0x00000000e3200000| PB 0x00000000e3200000| Untracked 
|  51|0x00000000e3300000, 0x00000000e3300000, 0x00000000e3400000|  0%| F|  |TAMS 0x00000000e3300000| PB 0x00000000e3300000| Untracked 
|  52|0x00000000e3400000, 0x00000000e3400000, 0x00000000e3500000|  0%| F|  |TAMS 0x00000000e3400000| PB 0x00000000e3400000| Untracked 
|  53|0x00000000e3500000, 0x00000000e3500000, 0x00000000e3600000|  0%| F|  |TAMS 0x00000000e3500000| PB 0x00000000e3500000| Untracked 
|  54|0x00000000e3600000, 0x00000000e3600000, 0x00000000e3700000|  0%| F|  |TAMS 0x00000000e3600000| PB 0x00000000e3600000| Untracked 
|  55|0x00000000e3700000, 0x00000000e3700000, 0x00000000e3800000|  0%| F|  |TAMS 0x00000000e3700000| PB 0x00000000e3700000| Untracked 
|  56|0x00000000e3800000, 0x00000000e3800000, 0x00000000e3900000|  0%| F|  |TAMS 0x00000000e3800000| PB 0x00000000e3800000| Untracked 
|  57|0x00000000e3900000, 0x00000000e3900000, 0x00000000e3a00000|  0%| F|  |TAMS 0x00000000e3900000| PB 0x00000000e3900000| Untracked 
|  58|0x00000000e3a00000, 0x00000000e3a00000, 0x00000000e3b00000|  0%| F|  |TAMS 0x00000000e3a00000| PB 0x00000000e3a00000| Untracked 
|  59|0x00000000e3b00000, 0x00000000e3b00000, 0x00000000e3c00000|  0%| F|  |TAMS 0x00000000e3b00000| PB 0x00000000e3b00000| Untracked 
|  60|0x00000000e3c00000, 0x00000000e3c00000, 0x00000000e3d00000|  0%| F|  |TAMS 0x00000000e3c00000| PB 0x00000000e3c00000| Untracked 
|  61|0x00000000e3d00000, 0x00000000e3d00000, 0x00000000e3e00000|  0%| F|  |TAMS 0x00000000e3d00000| PB 0x00000000e3d00000| Untracked 
|  62|0x00000000e3e00000, 0x00000000e3e00000, 0x00000000e3f00000|  0%| F|  |TAMS 0x00000000e3e00000| PB 0x00000000e3e00000| Untracked 
|  63|0x00000000e3f00000, 0x00000000e3f00000, 0x00000000e4000000|  0%| F|  |TAMS 0x00000000e3f00000| PB 0x00000000e3f00000| Untracked 
|  64|0x00000000e4000000, 0x00000000e4000000, 0x00000000e4100000|  0%| F|  |TAMS 0x00000000e4000000| PB 0x00000000e4000000| Untracked 
|  65|0x00000000e4100000, 0x00000000e4100000, 0x00000000e4200000|  0%| F|  |TAMS 0x00000000e4100000| PB 0x00000000e4100000| Untracked 
|  66|0x00000000e4200000, 0x00000000e4200000, 0x00000000e4300000|  0%| F|  |TAMS 0x00000000e4200000| PB 0x00000000e4200000| Untracked 
|  67|0x00000000e4300000, 0x00000000e4300000, 0x00000000e4400000|  0%| F|  |TAMS 0x00000000e4300000| PB 0x00000000e4300000| Untracked 
|  68|0x00000000e4400000, 0x00000000e4400000, 0x00000000e4500000|  0%| F|  |TAMS 0x00000000e4400000| PB 0x00000000e4400000| Untracked 
|  69|0x00000000e4500000, 0x00000000e4500000, 0x00000000e4600000|  0%| F|  |TAMS 0x00000000e4500000| PB 0x00000000e4500000| Untracked 
|  70|0x00000000e4600000, 0x00000000e4600000, 0x00000000e4700000|  0%| F|  |TAMS 0x00000000e4600000| PB 0x00000000e4600000| Untracked 
|  71|0x00000000e4700000, 0x00000000e4700000, 0x00000000e4800000|  0%| F|  |TAMS 0x00000000e4700000| PB 0x00000000e4700000| Untracked 
|  72|0x00000000e4800000, 0x00000000e4800000, 0x00000000e4900000|  0%| F|  |TAMS 0x00000000e4800000| PB 0x00000000e4800000| Untracked 
|  73|0x00000000e4900000, 0x00000000e4900000, 0x00000000e4a00000|  0%| F|  |TAMS 0x00000000e4900000| PB 0x00000000e4900000| Untracked 
|  74|0x00000000e4a00000, 0x00000000e4a00000, 0x00000000e4b00000|  0%| F|  |TAMS 0x00000000e4a00000| PB 0x00000000e4a00000| Untracked 
|  75|0x00000000e4b00000, 0x00000000e4b00000, 0x00000000e4c00000|  0%| F|  |TAMS 0x00000000e4b00000| PB 0x00000000e4b00000| Untracked 
|  76|0x00000000e4c00000, 0x00000000e4c00000, 0x00000000e4d00000|  0%| F|  |TAMS 0x00000000e4c00000| PB 0x00000000e4c00000| Untracked 
|  77|0x00000000e4d00000, 0x00000000e4d00000, 0x00000000e4e00000|  0%| F|  |TAMS 0x00000000e4d00000| PB 0x00000000e4d00000| Untracked 
|  78|0x00000000e4e00000, 0x00000000e4e00000, 0x00000000e4f00000|  0%| F|  |TAMS 0x00000000e4e00000| PB 0x00000000e4e00000| Untracked 
|  79|0x00000000e4f00000, 0x00000000e4f00000, 0x00000000e5000000|  0%| F|  |TAMS 0x00000000e4f00000| PB 0x00000000e4f00000| Untracked 
|  80|0x00000000e5000000, 0x00000000e5000000, 0x00000000e5100000|  0%| F|  |TAMS 0x00000000e5000000| PB 0x00000000e5000000| Untracked 
|  81|0x00000000e5100000, 0x00000000e5100000, 0x00000000e5200000|  0%| F|  |TAMS 0x00000000e5100000| PB 0x00000000e5100000| Untracked 
|  82|0x00000000e5200000, 0x00000000e5200000, 0x00000000e5300000|  0%| F|  |TAMS 0x00000000e5200000| PB 0x00000000e5200000| Untracked 
|  83|0x00000000e5300000, 0x00000000e5300000, 0x00000000e5400000|  0%| F|  |TAMS 0x00000000e5300000| PB 0x00000000e5300000| Untracked 
|  84|0x00000000e5400000, 0x00000000e5400000, 0x00000000e5500000|  0%| F|  |TAMS 0x00000000e5400000| PB 0x00000000e5400000| Untracked 
|  85|0x00000000e5500000, 0x00000000e5500000, 0x00000000e5600000|  0%| F|  |TAMS 0x00000000e5500000| PB 0x00000000e5500000| Untracked 
|  86|0x00000000e5600000, 0x00000000e5600000, 0x00000000e5700000|  0%| F|  |TAMS 0x00000000e5600000| PB 0x00000000e5600000| Untracked 
|  87|0x00000000e5700000, 0x00000000e5700000, 0x00000000e5800000|  0%| F|  |TAMS 0x00000000e5700000| PB 0x00000000e5700000| Untracked 
|  88|0x00000000e5800000, 0x00000000e5800000, 0x00000000e5900000|  0%| F|  |TAMS 0x00000000e5800000| PB 0x00000000e5800000| Untracked 
|  89|0x00000000e5900000, 0x00000000e5900000, 0x00000000e5a00000|  0%| F|  |TAMS 0x00000000e5900000| PB 0x00000000e5900000| Untracked 
|  90|0x00000000e5a00000, 0x00000000e5a00000, 0x00000000e5b00000|  0%| F|  |TAMS 0x00000000e5a00000| PB 0x00000000e5a00000| Untracked 
|  91|0x00000000e5b00000, 0x00000000e5b00000, 0x00000000e5c00000|  0%| F|  |TAMS 0x00000000e5b00000| PB 0x00000000e5b00000| Untracked 
|  92|0x00000000e5c00000, 0x00000000e5c00000, 0x00000000e5d00000|  0%| F|  |TAMS 0x00000000e5c00000| PB 0x00000000e5c00000| Untracked 
|  93|0x00000000e5d00000, 0x00000000e5d00000, 0x00000000e5e00000|  0%| F|  |TAMS 0x00000000e5d00000| PB 0x00000000e5d00000| Untracked 
|  94|0x00000000e5e00000, 0x00000000e5e00000, 0x00000000e5f00000|  0%| F|  |TAMS 0x00000000e5e00000| PB 0x00000000e5e00000| Untracked 
|  95|0x00000000e5f00000, 0x00000000e5f00000, 0x00000000e6000000|  0%| F|  |TAMS 0x00000000e5f00000| PB 0x00000000e5f00000| Untracked 
|  96|0x00000000e6000000, 0x00000000e6000000, 0x00000000e6100000|  0%| F|  |TAMS 0x00000000e6000000| PB 0x00000000e6000000| Untracked 
|  97|0x00000000e6100000, 0x00000000e6100000, 0x00000000e6200000|  0%| F|  |TAMS 0x00000000e6100000| PB 0x00000000e6100000| Untracked 
|  98|0x00000000e6200000, 0x00000000e6200000, 0x00000000e6300000|  0%| F|  |TAMS 0x00000000e6200000| PB 0x00000000e6200000| Untracked 
|  99|0x00000000e6300000, 0x00000000e6300000, 0x00000000e6400000|  0%| F|  |TAMS 0x00000000e6300000| PB 0x00000000e6300000| Untracked 
| 100|0x00000000e6400000, 0x00000000e6400000, 0x00000000e6500000|  0%| F|  |TAMS 0x00000000e6400000| PB 0x00000000e6400000| Untracked 
| 101|0x00000000e6500000, 0x00000000e6500000, 0x00000000e6600000|  0%| F|  |TAMS 0x00000000e6500000| PB 0x00000000e6500000| Untracked 
| 102|0x00000000e6600000, 0x00000000e6600000, 0x00000000e6700000|  0%| F|  |TAMS 0x00000000e6600000| PB 0x00000000e6600000| Untracked 
| 103|0x00000000e6700000, 0x00000000e6700000, 0x00000000e6800000|  0%| F|  |TAMS 0x00000000e6700000| PB 0x00000000e6700000| Untracked 
| 104|0x00000000e6800000, 0x00000000e6800000, 0x00000000e6900000|  0%| F|  |TAMS 0x00000000e6800000| PB 0x00000000e6800000| Untracked 
| 105|0x00000000e6900000, 0x00000000e6900000, 0x00000000e6a00000|  0%| F|  |TAMS 0x00000000e6900000| PB 0x00000000e6900000| Untracked 
| 106|0x00000000e6a00000, 0x00000000e6a00000, 0x00000000e6b00000|  0%| F|  |TAMS 0x00000000e6a00000| PB 0x00000000e6a00000| Untracked 
| 107|0x00000000e6b00000, 0x00000000e6b00000, 0x00000000e6c00000|  0%| F|  |TAMS 0x00000000e6b00000| PB 0x00000000e6b00000| Untracked 
| 108|0x00000000e6c00000, 0x00000000e6c00000, 0x00000000e6d00000|  0%| F|  |TAMS 0x00000000e6c00000| PB 0x00000000e6c00000| Untracked 
| 109|0x00000000e6d00000, 0x00000000e6d00000, 0x00000000e6e00000|  0%| F|  |TAMS 0x00000000e6d00000| PB 0x00000000e6d00000| Untracked 
| 110|0x00000000e6e00000, 0x00000000e6e00000, 0x00000000e6f00000|  0%| F|  |TAMS 0x00000000e6e00000| PB 0x00000000e6e00000| Untracked 
| 111|0x00000000e6f00000, 0x00000000e6f2fbc0, 0x00000000e7000000| 18%| S|CS|TAMS 0x00000000e6f00000| PB 0x00000000e6f00000| Complete 
| 112|0x00000000e7000000, 0x00000000e7100000, 0x00000000e7100000|100%| S|CS|TAMS 0x00000000e7000000| PB 0x00000000e7000000| Complete 
| 113|0x00000000e7100000, 0x00000000e7200000, 0x00000000e7200000|100%| S|CS|TAMS 0x00000000e7100000| PB 0x00000000e7100000| Complete 
| 114|0x00000000e7200000, 0x00000000e7300000, 0x00000000e7300000|100%| S|CS|TAMS 0x00000000e7200000| PB 0x00000000e7200000| Complete 
| 115|0x00000000e7300000, 0x00000000e7400000, 0x00000000e7400000|100%| S|CS|TAMS 0x00000000e7300000| PB 0x00000000e7300000| Complete 
| 116|0x00000000e7400000, 0x00000000e7500000, 0x00000000e7500000|100%| S|CS|TAMS 0x00000000e7400000| PB 0x00000000e7400000| Complete 
| 117|0x00000000e7500000, 0x00000000e7600000, 0x00000000e7600000|100%| S|CS|TAMS 0x00000000e7500000| PB 0x00000000e7500000| Complete 
| 118|0x00000000e7600000, 0x00000000e7700000, 0x00000000e7700000|100%| S|CS|TAMS 0x00000000e7600000| PB 0x00000000e7600000| Complete 
| 119|0x00000000e7700000, 0x00000000e7800000, 0x00000000e7800000|100%| S|CS|TAMS 0x00000000e7700000| PB 0x00000000e7700000| Complete 
| 120|0x00000000e7800000, 0x00000000e7900000, 0x00000000e7900000|100%| S|CS|TAMS 0x00000000e7800000| PB 0x00000000e7800000| Complete 
| 121|0x00000000e7900000, 0x00000000e7a00000, 0x00000000e7a00000|100%| S|CS|TAMS 0x00000000e7900000| PB 0x00000000e7900000| Complete 
| 122|0x00000000e7a00000, 0x00000000e7b00000, 0x00000000e7b00000|100%| S|CS|TAMS 0x00000000e7a00000| PB 0x00000000e7a00000| Complete 
| 123|0x00000000e7b00000, 0x00000000e7c00000, 0x00000000e7c00000|100%| S|CS|TAMS 0x00000000e7b00000| PB 0x00000000e7b00000| Complete 
| 124|0x00000000e7c00000, 0x00000000e7d00000, 0x00000000e7d00000|100%| S|CS|TAMS 0x00000000e7c00000| PB 0x00000000e7c00000| Complete 
| 125|0x00000000e7d00000, 0x00000000e7d00000, 0x00000000e7e00000|  0%| F|  |TAMS 0x00000000e7d00000| PB 0x00000000e7d00000| Untracked 
| 126|0x00000000e7e00000, 0x00000000e7e00000, 0x00000000e7f00000|  0%| F|  |TAMS 0x00000000e7e00000| PB 0x00000000e7e00000| Untracked 
| 127|0x00000000e7f00000, 0x00000000e7f00000, 0x00000000e8000000|  0%| F|  |TAMS 0x00000000e7f00000| PB 0x00000000e7f00000| Untracked 
| 128|0x00000000e8000000, 0x00000000e8000000, 0x00000000e8100000|  0%| F|  |TAMS 0x00000000e8000000| PB 0x00000000e8000000| Untracked 
| 129|0x00000000e8100000, 0x00000000e8100000, 0x00000000e8200000|  0%| F|  |TAMS 0x00000000e8100000| PB 0x00000000e8100000| Untracked 
| 130|0x00000000e8200000, 0x00000000e8200000, 0x00000000e8300000|  0%| F|  |TAMS 0x00000000e8200000| PB 0x00000000e8200000| Untracked 
| 131|0x00000000e8300000, 0x00000000e8300000, 0x00000000e8400000|  0%| F|  |TAMS 0x00000000e8300000| PB 0x00000000e8300000| Untracked 
| 132|0x00000000e8400000, 0x00000000e8400000, 0x00000000e8500000|  0%| F|  |TAMS 0x00000000e8400000| PB 0x00000000e8400000| Untracked 
| 133|0x00000000e8500000, 0x00000000e8500000, 0x00000000e8600000|  0%| F|  |TAMS 0x00000000e8500000| PB 0x00000000e8500000| Untracked 
| 134|0x00000000e8600000, 0x00000000e8600000, 0x00000000e8700000|  0%| F|  |TAMS 0x00000000e8600000| PB 0x00000000e8600000| Untracked 
| 135|0x00000000e8700000, 0x00000000e8700000, 0x00000000e8800000|  0%| F|  |TAMS 0x00000000e8700000| PB 0x00000000e8700000| Untracked 
| 136|0x00000000e8800000, 0x00000000e8800000, 0x00000000e8900000|  0%| F|  |TAMS 0x00000000e8800000| PB 0x00000000e8800000| Untracked 
| 137|0x00000000e8900000, 0x00000000e8900000, 0x00000000e8a00000|  0%| F|  |TAMS 0x00000000e8900000| PB 0x00000000e8900000| Untracked 
| 138|0x00000000e8a00000, 0x00000000e8a00000, 0x00000000e8b00000|  0%| F|  |TAMS 0x00000000e8a00000| PB 0x00000000e8a00000| Untracked 
| 139|0x00000000e8b00000, 0x00000000e8b00000, 0x00000000e8c00000|  0%| F|  |TAMS 0x00000000e8b00000| PB 0x00000000e8b00000| Untracked 
| 140|0x00000000e8c00000, 0x00000000e8c00000, 0x00000000e8d00000|  0%| F|  |TAMS 0x00000000e8c00000| PB 0x00000000e8c00000| Untracked 
| 141|0x00000000e8d00000, 0x00000000e8d00000, 0x00000000e8e00000|  0%| F|  |TAMS 0x00000000e8d00000| PB 0x00000000e8d00000| Untracked 
| 142|0x00000000e8e00000, 0x00000000e8e00000, 0x00000000e8f00000|  0%| F|  |TAMS 0x00000000e8e00000| PB 0x00000000e8e00000| Untracked 
| 143|0x00000000e8f00000, 0x00000000e8f00000, 0x00000000e9000000|  0%| F|  |TAMS 0x00000000e8f00000| PB 0x00000000e8f00000| Untracked 
| 144|0x00000000e9000000, 0x00000000e9000000, 0x00000000e9100000|  0%| F|  |TAMS 0x00000000e9000000| PB 0x00000000e9000000| Untracked 
| 145|0x00000000e9100000, 0x00000000e9100000, 0x00000000e9200000|  0%| F|  |TAMS 0x00000000e9100000| PB 0x00000000e9100000| Untracked 
| 146|0x00000000e9200000, 0x00000000e9200000, 0x00000000e9300000|  0%| F|  |TAMS 0x00000000e9200000| PB 0x00000000e9200000| Untracked 
| 147|0x00000000e9300000, 0x00000000e9300000, 0x00000000e9400000|  0%| F|  |TAMS 0x00000000e9300000| PB 0x00000000e9300000| Untracked 
| 148|0x00000000e9400000, 0x00000000e9400000, 0x00000000e9500000|  0%| F|  |TAMS 0x00000000e9400000| PB 0x00000000e9400000| Untracked 
| 149|0x00000000e9500000, 0x00000000e9500000, 0x00000000e9600000|  0%| F|  |TAMS 0x00000000e9500000| PB 0x00000000e9500000| Untracked 
| 150|0x00000000e9600000, 0x00000000e9600000, 0x00000000e9700000|  0%| F|  |TAMS 0x00000000e9600000| PB 0x00000000e9600000| Untracked 
| 151|0x00000000e9700000, 0x00000000e9700000, 0x00000000e9800000|  0%| F|  |TAMS 0x00000000e9700000| PB 0x00000000e9700000| Untracked 
| 152|0x00000000e9800000, 0x00000000e9800000, 0x00000000e9900000|  0%| F|  |TAMS 0x00000000e9800000| PB 0x00000000e9800000| Untracked 
| 153|0x00000000e9900000, 0x00000000e9900000, 0x00000000e9a00000|  0%| F|  |TAMS 0x00000000e9900000| PB 0x00000000e9900000| Untracked 
| 154|0x00000000e9a00000, 0x00000000e9a00000, 0x00000000e9b00000|  0%| F|  |TAMS 0x00000000e9a00000| PB 0x00000000e9a00000| Untracked 
| 155|0x00000000e9b00000, 0x00000000e9b00000, 0x00000000e9c00000|  0%| F|  |TAMS 0x00000000e9b00000| PB 0x00000000e9b00000| Untracked 
| 156|0x00000000e9c00000, 0x00000000e9c00000, 0x00000000e9d00000|  0%| F|  |TAMS 0x00000000e9c00000| PB 0x00000000e9c00000| Untracked 
| 157|0x00000000e9d00000, 0x00000000e9d00000, 0x00000000e9e00000|  0%| F|  |TAMS 0x00000000e9d00000| PB 0x00000000e9d00000| Untracked 
| 158|0x00000000e9e00000, 0x00000000e9e00000, 0x00000000e9f00000|  0%| F|  |TAMS 0x00000000e9e00000| PB 0x00000000e9e00000| Untracked 
| 159|0x00000000e9f00000, 0x00000000e9f00000, 0x00000000ea000000|  0%| F|  |TAMS 0x00000000e9f00000| PB 0x00000000e9f00000| Untracked 
| 160|0x00000000ea000000, 0x00000000ea000000, 0x00000000ea100000|  0%| F|  |TAMS 0x00000000ea000000| PB 0x00000000ea000000| Untracked 
| 161|0x00000000ea100000, 0x00000000ea100000, 0x00000000ea200000|  0%| F|  |TAMS 0x00000000ea100000| PB 0x00000000ea100000| Untracked 
| 162|0x00000000ea200000, 0x00000000ea200000, 0x00000000ea300000|  0%| F|  |TAMS 0x00000000ea200000| PB 0x00000000ea200000| Untracked 
| 163|0x00000000ea300000, 0x00000000ea300000, 0x00000000ea400000|  0%| F|  |TAMS 0x00000000ea300000| PB 0x00000000ea300000| Untracked 
| 164|0x00000000ea400000, 0x00000000ea400000, 0x00000000ea500000|  0%| F|  |TAMS 0x00000000ea400000| PB 0x00000000ea400000| Untracked 
| 165|0x00000000ea500000, 0x00000000ea500000, 0x00000000ea600000|  0%| F|  |TAMS 0x00000000ea500000| PB 0x00000000ea500000| Untracked 
| 166|0x00000000ea600000, 0x00000000ea600000, 0x00000000ea700000|  0%| F|  |TAMS 0x00000000ea600000| PB 0x00000000ea600000| Untracked 
| 167|0x00000000ea700000, 0x00000000ea700000, 0x00000000ea800000|  0%| F|  |TAMS 0x00000000ea700000| PB 0x00000000ea700000| Untracked 
| 168|0x00000000ea800000, 0x00000000ea800000, 0x00000000ea900000|  0%| F|  |TAMS 0x00000000ea800000| PB 0x00000000ea800000| Untracked 
| 169|0x00000000ea900000, 0x00000000ea900000, 0x00000000eaa00000|  0%| F|  |TAMS 0x00000000ea900000| PB 0x00000000ea900000| Untracked 
| 170|0x00000000eaa00000, 0x00000000eaa00000, 0x00000000eab00000|  0%| F|  |TAMS 0x00000000eaa00000| PB 0x00000000eaa00000| Untracked 
| 171|0x00000000eab00000, 0x00000000eab00000, 0x00000000eac00000|  0%| F|  |TAMS 0x00000000eab00000| PB 0x00000000eab00000| Untracked 
| 172|0x00000000eac00000, 0x00000000eac00000, 0x00000000ead00000|  0%| F|  |TAMS 0x00000000eac00000| PB 0x00000000eac00000| Untracked 
| 173|0x00000000ead00000, 0x00000000ead00000, 0x00000000eae00000|  0%| F|  |TAMS 0x00000000ead00000| PB 0x00000000ead00000| Untracked 
| 174|0x00000000eae00000, 0x00000000eae00000, 0x00000000eaf00000|  0%| F|  |TAMS 0x00000000eae00000| PB 0x00000000eae00000| Untracked 
| 175|0x00000000eaf00000, 0x00000000eaf00000, 0x00000000eb000000|  0%| F|  |TAMS 0x00000000eaf00000| PB 0x00000000eaf00000| Untracked 
| 176|0x00000000eb000000, 0x00000000eb000000, 0x00000000eb100000|  0%| F|  |TAMS 0x00000000eb000000| PB 0x00000000eb000000| Untracked 
| 177|0x00000000eb100000, 0x00000000eb100000, 0x00000000eb200000|  0%| F|  |TAMS 0x00000000eb100000| PB 0x00000000eb100000| Untracked 
| 178|0x00000000eb200000, 0x00000000eb200000, 0x00000000eb300000|  0%| F|  |TAMS 0x00000000eb200000| PB 0x00000000eb200000| Untracked 
| 179|0x00000000eb300000, 0x00000000eb300000, 0x00000000eb400000|  0%| F|  |TAMS 0x00000000eb300000| PB 0x00000000eb300000| Untracked 
| 180|0x00000000eb400000, 0x00000000eb400000, 0x00000000eb500000|  0%| F|  |TAMS 0x00000000eb400000| PB 0x00000000eb400000| Untracked 
| 181|0x00000000eb500000, 0x00000000eb500000, 0x00000000eb600000|  0%| F|  |TAMS 0x00000000eb500000| PB 0x00000000eb500000| Untracked 
| 182|0x00000000eb600000, 0x00000000eb600000, 0x00000000eb700000|  0%| F|  |TAMS 0x00000000eb600000| PB 0x00000000eb600000| Untracked 
| 183|0x00000000eb700000, 0x00000000eb780000, 0x00000000eb800000| 50%| E|  |TAMS 0x00000000eb700000| PB 0x00000000eb700000| Complete 
| 184|0x00000000eb800000, 0x00000000eb900000, 0x00000000eb900000|100%| E|CS|TAMS 0x00000000eb800000| PB 0x00000000eb800000| Complete 
| 185|0x00000000eb900000, 0x00000000eba00000, 0x00000000eba00000|100%| E|CS|TAMS 0x00000000eb900000| PB 0x00000000eb900000| Complete 
| 186|0x00000000eba00000, 0x00000000ebb00000, 0x00000000ebb00000|100%| E|CS|TAMS 0x00000000eba00000| PB 0x00000000eba00000| Complete 
| 187|0x00000000ebb00000, 0x00000000ebc00000, 0x00000000ebc00000|100%| E|CS|TAMS 0x00000000ebb00000| PB 0x00000000ebb00000| Complete 
| 188|0x00000000ebc00000, 0x00000000ebd00000, 0x00000000ebd00000|100%| E|CS|TAMS 0x00000000ebc00000| PB 0x00000000ebc00000| Complete 
| 189|0x00000000ebd00000, 0x00000000ebe00000, 0x00000000ebe00000|100%| E|CS|TAMS 0x00000000ebd00000| PB 0x00000000ebd00000| Complete 
| 190|0x00000000ebe00000, 0x00000000ebf00000, 0x00000000ebf00000|100%| E|CS|TAMS 0x00000000ebe00000| PB 0x00000000ebe00000| Complete 
| 191|0x00000000ebf00000, 0x00000000ec000000, 0x00000000ec000000|100%| E|CS|TAMS 0x00000000ebf00000| PB 0x00000000ebf00000| Complete 
| 192|0x00000000ec000000, 0x00000000ec100000, 0x00000000ec100000|100%| E|CS|TAMS 0x00000000ec000000| PB 0x00000000ec000000| Complete 
| 193|0x00000000ec100000, 0x00000000ec200000, 0x00000000ec200000|100%| E|CS|TAMS 0x00000000ec100000| PB 0x00000000ec100000| Complete 
| 194|0x00000000ec200000, 0x00000000ec300000, 0x00000000ec300000|100%| E|CS|TAMS 0x00000000ec200000| PB 0x00000000ec200000| Complete 
| 195|0x00000000ec300000, 0x00000000ec400000, 0x00000000ec400000|100%| E|CS|TAMS 0x00000000ec300000| PB 0x00000000ec300000| Complete 
| 196|0x00000000ec400000, 0x00000000ec500000, 0x00000000ec500000|100%| E|CS|TAMS 0x00000000ec400000| PB 0x00000000ec400000| Complete 
| 197|0x00000000ec500000, 0x00000000ec600000, 0x00000000ec600000|100%| E|CS|TAMS 0x00000000ec500000| PB 0x00000000ec500000| Complete 
| 198|0x00000000ec600000, 0x00000000ec700000, 0x00000000ec700000|100%| E|CS|TAMS 0x00000000ec600000| PB 0x00000000ec600000| Complete 
| 199|0x00000000ec700000, 0x00000000ec800000, 0x00000000ec800000|100%| E|CS|TAMS 0x00000000ec700000| PB 0x00000000ec700000| Complete 
| 200|0x00000000ec800000, 0x00000000ec900000, 0x00000000ec900000|100%| E|CS|TAMS 0x00000000ec800000| PB 0x00000000ec800000| Complete 
| 201|0x00000000ec900000, 0x00000000eca00000, 0x00000000eca00000|100%| E|CS|TAMS 0x00000000ec900000| PB 0x00000000ec900000| Complete 
| 202|0x00000000eca00000, 0x00000000ecb00000, 0x00000000ecb00000|100%| E|CS|TAMS 0x00000000eca00000| PB 0x00000000eca00000| Complete 
| 203|0x00000000ecb00000, 0x00000000ecc00000, 0x00000000ecc00000|100%| E|CS|TAMS 0x00000000ecb00000| PB 0x00000000ecb00000| Complete 
| 204|0x00000000ecc00000, 0x00000000ecd00000, 0x00000000ecd00000|100%| E|CS|TAMS 0x00000000ecc00000| PB 0x00000000ecc00000| Complete 
| 205|0x00000000ecd00000, 0x00000000ece00000, 0x00000000ece00000|100%| E|CS|TAMS 0x00000000ecd00000| PB 0x00000000ecd00000| Complete 
| 206|0x00000000ece00000, 0x00000000ecf00000, 0x00000000ecf00000|100%| E|CS|TAMS 0x00000000ece00000| PB 0x00000000ece00000| Complete 
| 207|0x00000000ecf00000, 0x00000000ed000000, 0x00000000ed000000|100%| E|CS|TAMS 0x00000000ecf00000| PB 0x00000000ecf00000| Complete 
| 208|0x00000000ed000000, 0x00000000ed100000, 0x00000000ed100000|100%| E|CS|TAMS 0x00000000ed000000| PB 0x00000000ed000000| Complete 
| 209|0x00000000ed100000, 0x00000000ed200000, 0x00000000ed200000|100%| E|CS|TAMS 0x00000000ed100000| PB 0x00000000ed100000| Complete 
| 210|0x00000000ed200000, 0x00000000ed300000, 0x00000000ed300000|100%| E|CS|TAMS 0x00000000ed200000| PB 0x00000000ed200000| Complete 
| 211|0x00000000ed300000, 0x00000000ed400000, 0x00000000ed400000|100%| E|CS|TAMS 0x00000000ed300000| PB 0x00000000ed300000| Complete 
| 212|0x00000000ed400000, 0x00000000ed500000, 0x00000000ed500000|100%| E|CS|TAMS 0x00000000ed400000| PB 0x00000000ed400000| Complete 
| 213|0x00000000ed500000, 0x00000000ed600000, 0x00000000ed600000|100%| E|CS|TAMS 0x00000000ed500000| PB 0x00000000ed500000| Complete 
| 214|0x00000000ed600000, 0x00000000ed700000, 0x00000000ed700000|100%| E|CS|TAMS 0x00000000ed600000| PB 0x00000000ed600000| Complete 
| 215|0x00000000ed700000, 0x00000000ed800000, 0x00000000ed800000|100%| E|CS|TAMS 0x00000000ed700000| PB 0x00000000ed700000| Complete 
| 216|0x00000000ed800000, 0x00000000ed900000, 0x00000000ed900000|100%| E|CS|TAMS 0x00000000ed800000| PB 0x00000000ed800000| Complete 
| 217|0x00000000ed900000, 0x00000000eda00000, 0x00000000eda00000|100%| E|CS|TAMS 0x00000000ed900000| PB 0x00000000ed900000| Complete 
| 218|0x00000000eda00000, 0x00000000edb00000, 0x00000000edb00000|100%| E|CS|TAMS 0x00000000eda00000| PB 0x00000000eda00000| Complete 
| 219|0x00000000edb00000, 0x00000000edc00000, 0x00000000edc00000|100%| E|CS|TAMS 0x00000000edb00000| PB 0x00000000edb00000| Complete 
| 220|0x00000000edc00000, 0x00000000edd00000, 0x00000000edd00000|100%| E|CS|TAMS 0x00000000edc00000| PB 0x00000000edc00000| Complete 
| 221|0x00000000edd00000, 0x00000000ede00000, 0x00000000ede00000|100%| E|CS|TAMS 0x00000000edd00000| PB 0x00000000edd00000| Complete 
| 222|0x00000000ede00000, 0x00000000edf00000, 0x00000000edf00000|100%| E|CS|TAMS 0x00000000ede00000| PB 0x00000000ede00000| Complete 
| 223|0x00000000edf00000, 0x00000000ee000000, 0x00000000ee000000|100%| E|CS|TAMS 0x00000000edf00000| PB 0x00000000edf00000| Complete 
| 224|0x00000000ee000000, 0x00000000ee100000, 0x00000000ee100000|100%| E|CS|TAMS 0x00000000ee000000| PB 0x00000000ee000000| Complete 
| 225|0x00000000ee100000, 0x00000000ee200000, 0x00000000ee200000|100%| E|CS|TAMS 0x00000000ee100000| PB 0x00000000ee100000| Complete 
| 226|0x00000000ee200000, 0x00000000ee300000, 0x00000000ee300000|100%| E|CS|TAMS 0x00000000ee200000| PB 0x00000000ee200000| Complete 
| 227|0x00000000ee300000, 0x00000000ee400000, 0x00000000ee400000|100%| E|CS|TAMS 0x00000000ee300000| PB 0x00000000ee300000| Complete 
| 228|0x00000000ee400000, 0x00000000ee500000, 0x00000000ee500000|100%| E|CS|TAMS 0x00000000ee400000| PB 0x00000000ee400000| Complete 
| 229|0x00000000ee500000, 0x00000000ee600000, 0x00000000ee600000|100%| E|CS|TAMS 0x00000000ee500000| PB 0x00000000ee500000| Complete 
| 230|0x00000000ee600000, 0x00000000ee700000, 0x00000000ee700000|100%| E|CS|TAMS 0x00000000ee600000| PB 0x00000000ee600000| Complete 
| 231|0x00000000ee700000, 0x00000000ee800000, 0x00000000ee800000|100%| E|CS|TAMS 0x00000000ee700000| PB 0x00000000ee700000| Complete 
| 232|0x00000000ee800000, 0x00000000ee900000, 0x00000000ee900000|100%| E|CS|TAMS 0x00000000ee800000| PB 0x00000000ee800000| Complete 
| 233|0x00000000ee900000, 0x00000000eea00000, 0x00000000eea00000|100%| E|CS|TAMS 0x00000000ee900000| PB 0x00000000ee900000| Complete 
| 234|0x00000000eea00000, 0x00000000eeb00000, 0x00000000eeb00000|100%| E|CS|TAMS 0x00000000eea00000| PB 0x00000000eea00000| Complete 
| 235|0x00000000eeb00000, 0x00000000eec00000, 0x00000000eec00000|100%| E|CS|TAMS 0x00000000eeb00000| PB 0x00000000eeb00000| Complete 
| 236|0x00000000eec00000, 0x00000000eed00000, 0x00000000eed00000|100%| E|CS|TAMS 0x00000000eec00000| PB 0x00000000eec00000| Complete 
| 237|0x00000000eed00000, 0x00000000eee00000, 0x00000000eee00000|100%| E|CS|TAMS 0x00000000eed00000| PB 0x00000000eed00000| Complete 
| 238|0x00000000eee00000, 0x00000000eef00000, 0x00000000eef00000|100%| E|CS|TAMS 0x00000000eee00000| PB 0x00000000eee00000| Complete 
| 239|0x00000000eef00000, 0x00000000ef000000, 0x00000000ef000000|100%| E|CS|TAMS 0x00000000eef00000| PB 0x00000000eef00000| Complete 
| 240|0x00000000ef000000, 0x00000000ef100000, 0x00000000ef100000|100%| E|CS|TAMS 0x00000000ef000000| PB 0x00000000ef000000| Complete 
| 241|0x00000000ef100000, 0x00000000ef200000, 0x00000000ef200000|100%| E|CS|TAMS 0x00000000ef100000| PB 0x00000000ef100000| Complete 
| 242|0x00000000ef200000, 0x00000000ef300000, 0x00000000ef300000|100%| E|CS|TAMS 0x00000000ef200000| PB 0x00000000ef200000| Complete 
| 243|0x00000000ef300000, 0x00000000ef400000, 0x00000000ef400000|100%| E|CS|TAMS 0x00000000ef300000| PB 0x00000000ef300000| Complete 
| 244|0x00000000ef400000, 0x00000000ef500000, 0x00000000ef500000|100%| E|CS|TAMS 0x00000000ef400000| PB 0x00000000ef400000| Complete 
| 245|0x00000000ef500000, 0x00000000ef600000, 0x00000000ef600000|100%| E|CS|TAMS 0x00000000ef500000| PB 0x00000000ef500000| Complete 
| 246|0x00000000ef600000, 0x00000000ef700000, 0x00000000ef700000|100%| E|CS|TAMS 0x00000000ef600000| PB 0x00000000ef600000| Complete 
| 247|0x00000000ef700000, 0x00000000ef800000, 0x00000000ef800000|100%| E|CS|TAMS 0x00000000ef700000| PB 0x00000000ef700000| Complete 
| 248|0x00000000ef800000, 0x00000000ef900000, 0x00000000ef900000|100%| E|CS|TAMS 0x00000000ef800000| PB 0x00000000ef800000| Complete 
| 249|0x00000000ef900000, 0x00000000efa00000, 0x00000000efa00000|100%| E|CS|TAMS 0x00000000ef900000| PB 0x00000000ef900000| Complete 
| 250|0x00000000efa00000, 0x00000000efb00000, 0x00000000efb00000|100%| E|CS|TAMS 0x00000000efa00000| PB 0x00000000efa00000| Complete 
| 251|0x00000000efb00000, 0x00000000efc00000, 0x00000000efc00000|100%| E|CS|TAMS 0x00000000efb00000| PB 0x00000000efb00000| Complete 
| 252|0x00000000efc00000, 0x00000000efd00000, 0x00000000efd00000|100%| E|CS|TAMS 0x00000000efc00000| PB 0x00000000efc00000| Complete 
| 253|0x00000000efd00000, 0x00000000efe00000, 0x00000000efe00000|100%| E|CS|TAMS 0x00000000efd00000| PB 0x00000000efd00000| Complete 
| 254|0x00000000efe00000, 0x00000000eff00000, 0x00000000eff00000|100%| E|CS|TAMS 0x00000000efe00000| PB 0x00000000efe00000| Complete 
| 255|0x00000000eff00000, 0x00000000f0000000, 0x00000000f0000000|100%| E|CS|TAMS 0x00000000eff00000| PB 0x00000000eff00000| Complete 

Card table byte_map: [0x000001fde9bb0000,0x000001fde9cb0000] _byte_map_base: 0x000001fde94b0000

Marking Bits: (CMBitMap*) 0x000001fdd737a000
 Bits: [0x000001fde9cb0000, 0x000001fdea4b0000)

Polling page: 0x000001fdd5100000

Metaspace:

Usage:
  Non-class:     25.24 MB used.
      Class:      4.61 MB used.
       Both:     29.85 MB used.

Virtual space:
  Non-class space:       64.00 MB reserved,      25.88 MB ( 40%) committed,  1 nodes.
      Class space:      320.00 MB reserved,       5.19 MB (  2%) committed,  1 nodes.
             Both:      384.00 MB reserved,      31.06 MB (  8%) committed. 

Chunk freelists:
   Non-Class:  5.84 MB
       Class:  10.62 MB
        Both:  16.47 MB

MaxMetaspaceSize: 384.00 MB
CompressedClassSpaceSize: 320.00 MB
Initial GC threshold: 21.00 MB
Current GC threshold: 35.25 MB
CDS: on
 - commit_granule_bytes: 65536.
 - commit_granule_words: 8192.
 - virtual_space_node_default_size: 8388608.
 - enlarge_chunks_in_place: 1.
 - use_allocation_guard: 0.


Internal statistics:

num_allocs_failed_limit: 3.
num_arena_births: 2128.
num_arena_deaths: 0.
num_vsnodes_births: 2.
num_vsnodes_deaths: 0.
num_space_committed: 497.
num_space_uncommitted: 0.
num_chunks_returned_to_freelist: 3.
num_chunks_taken_from_freelist: 3594.
num_chunk_merges: 3.
num_chunk_splits: 2311.
num_chunks_enlarged: 1421.
num_inconsistent_stats: 0.

CodeHeap 'non-profiled nmethods': size=120000Kb used=2228Kb max_used=2228Kb free=117771Kb
 bounds [0x000001fde2020000, 0x000001fde2290000, 0x000001fde9550000]
CodeHeap 'profiled nmethods': size=120000Kb used=7795Kb max_used=7795Kb free=112204Kb
 bounds [0x000001fdda550000, 0x000001fddacf0000, 0x000001fde1a80000]
CodeHeap 'non-nmethods': size=5760Kb used=1433Kb max_used=1493Kb free=4326Kb
 bounds [0x000001fde1a80000, 0x000001fde1cf0000, 0x000001fde2020000]
CodeCache: size=245760Kb, used=11456Kb, max_used=11516Kb, free=234301Kb
 total_blobs=4400, nmethods=3813, adapters=490, full_count=0
Compilation: enabled, stopped_count=0, restarted_count=0

Compilation events (20 events):
Event: 28.111 Thread 0x000001fded185840 nmethod 3807 0x000001fddacddf10 code [0x000001fddacde0c0, 0x000001fddacde2b8]
Event: 28.123 Thread 0x000001fded185840 3810   !   3       java.net.URLClassLoader::defineClass (224 bytes)
Event: 28.125 Thread 0x000001fded185840 nmethod 3810 0x000001fddacde410 code [0x000001fddacde840, 0x000001fddace0408]
Event: 28.140 Thread 0x000001fded185840 3812       3       jdk.internal.loader.URLClassPath$JarLoader$2::getInputStream (15 bytes)
Event: 28.140 Thread 0x000001fded185840 nmethod 3812 0x000001fddace0d90 code [0x000001fddace0f40, 0x000001fddace1120]
Event: 28.143 Thread 0x000001fdf34c06c0 nmethod 3790 0x000001fde2249390 code [0x000001fde2249820, 0x000001fde224baf0]
Event: 28.144 Thread 0x000001fdf34c06c0 3799       4       java.net.URLClassLoader$1::run (5 bytes)
Event: 28.147 Thread 0x000001fded185840 3813       3       jdk.internal.loader.URLClassPath$JarLoader::findResource (18 bytes)
Event: 28.148 Thread 0x000001fded185840 nmethod 3813 0x000001fddace1210 code [0x000001fddace13e0, 0x000001fddace1648]
Event: 28.148 Thread 0x000001fded185840 3814       3       sun.nio.fs.WindowsFileSystemProvider::getFileAttributeView (118 bytes)
Event: 28.148 Thread 0x000001fded185840 nmethod 3814 0x000001fddace1710 code [0x000001fddace1a40, 0x000001fddace2a18]
Event: 28.149 Thread 0x000001fded185840 3815       3       sun.nio.fs.WindowsFileAttributeViews$Basic::readAttributes (5 bytes)
Event: 28.149 Thread 0x000001fded185840 nmethod 3815 0x000001fddace2f10 code [0x000001fddace3100, 0x000001fddace3510]
Event: 28.149 Thread 0x000001fded185840 3816   !   3       sun.nio.fs.WindowsFileAttributeViews$Basic::readAttributes (30 bytes)
Event: 28.149 Thread 0x000001fded185840 nmethod 3816 0x000001fddace3690 code [0x000001fddace3880, 0x000001fddace3c28]
Event: 28.150 Thread 0x000001fded185840 3817       3       java.lang.invoke.MethodHandles$Lookup::getDirectConstructorNoSecurityManager (10 bytes)
Event: 28.150 Thread 0x000001fded185840 nmethod 3817 0x000001fddace3d90 code [0x000001fddace3f40, 0x000001fddace4080]
Event: 28.155 Thread 0x000001fded185840 3818       3       com.google.common.collect.UnmodifiableIterator::<init> (5 bytes)
Event: 28.155 Thread 0x000001fded185840 nmethod 3818 0x000001fddace4110 code [0x000001fddace42c0, 0x000001fddace4428]
Event: 28.987 Thread 0x000001fded185840 3819       3       javax.management.ObjectName::addProperty (80 bytes)

GC Heap History (6 events):
Event: 4.394 GC heap before
{Heap before GC invocations=0 (full 0):
 garbage-first heap   total 262144K, used 26624K [0x00000000e0000000, 0x0000000100000000)
  region size 1024K, 23 young (23552K), 0 survivors (0K)
 Metaspace       used 1126K, committed 1216K, reserved 393216K
  class space    used 82K, committed 128K, reserved 327680K
}
Event: 4.400 GC heap after
{Heap after GC invocations=1 (full 0):
 garbage-first heap   total 262144K, used 10823K [0x00000000e0000000, 0x0000000100000000)
  region size 1024K, 3 young (3072K), 3 survivors (3072K)
 Metaspace       used 1126K, committed 1216K, reserved 393216K
  class space    used 82K, committed 128K, reserved 327680K
}
Event: 5.155 GC heap before
{Heap before GC invocations=1 (full 0):
 garbage-first heap   total 262144K, used 41543K [0x00000000e0000000, 0x0000000100000000)
  region size 1024K, 33 young (33792K), 3 survivors (3072K)
 Metaspace       used 4262K, committed 4416K, reserved 393216K
  class space    used 545K, committed 640K, reserved 327680K
}
Event: 5.159 GC heap after
{Heap after GC invocations=2 (full 0):
 garbage-first heap   total 262144K, used 12570K [0x00000000e0000000, 0x0000000100000000)
  region size 1024K, 2 young (2048K), 2 survivors (2048K)
 Metaspace       used 4262K, committed 4416K, reserved 393216K
  class space    used 545K, committed 640K, reserved 327680K
}
Event: 22.865 GC heap before
{Heap before GC invocations=2 (full 0):
 garbage-first heap   total 262144K, used 145690K [0x00000000e0000000, 0x0000000100000000)
  region size 1024K, 131 young (134144K), 2 survivors (2048K)
 Metaspace       used 20853K, committed 21504K, reserved 393216K
  class space    used 3090K, committed 3392K, reserved 327680K
}
Event: 22.884 GC heap after
{Heap after GC invocations=3 (full 0):
 garbage-first heap   total 262144K, used 25550K [0x00000000e0000000, 0x0000000100000000)
  region size 1024K, 14 young (14336K), 14 survivors (14336K)
 Metaspace       used 20853K, committed 21504K, reserved 393216K
  class space    used 3090K, committed 3392K, reserved 327680K
}

Dll operation events (14 events):
Event: 0.012 Loaded shared library C:\Users\BAPS\.vscode\extensions\redhat.java-1.55.0-win32-x64\jre\21.0.11-win32-x86_64\bin\java.dll
Event: 1.682 Loaded shared library C:\Users\BAPS\.vscode\extensions\redhat.java-1.55.0-win32-x64\jre\21.0.11-win32-x86_64\bin\zip.dll
Event: 1.713 Loaded shared library C:\Users\BAPS\.vscode\extensions\redhat.java-1.55.0-win32-x64\jre\21.0.11-win32-x86_64\bin\instrument.dll
Event: 1.721 Loaded shared library C:\Users\BAPS\.vscode\extensions\redhat.java-1.55.0-win32-x64\jre\21.0.11-win32-x86_64\bin\net.dll
Event: 1.726 Loaded shared library C:\Users\BAPS\.vscode\extensions\redhat.java-1.55.0-win32-x64\jre\21.0.11-win32-x86_64\bin\nio.dll
Event: 1.731 Loaded shared library C:\Users\BAPS\.vscode\extensions\redhat.java-1.55.0-win32-x64\jre\21.0.11-win32-x86_64\bin\zip.dll
Event: 4.165 Loaded shared library C:\Users\BAPS\.vscode\extensions\redhat.java-1.55.0-win32-x64\jre\21.0.11-win32-x86_64\bin\jimage.dll
Event: 4.411 Loaded shared library C:\Users\BAPS\.vscode\extensions\redhat.java-1.55.0-win32-x64\jre\21.0.11-win32-x86_64\bin\verify.dll
Event: 4.630 Loaded shared library C:\Users\BAPS\.gradle\native\c067742578af261105cb4f569cf0c3c89f3d7b1fecec35dd04571415982c5e48\windows-amd64\native-platform.dll
Event: 4.638 Loaded shared library C:\Users\BAPS\.gradle\native\100fb08df4bc3b14c8652ba06237920a3bd2aa13389f12d3474272988ae205f9\windows-amd64\native-platform-file-events.dll
Event: 7.946 Loaded shared library C:\Users\BAPS\.vscode\extensions\redhat.java-1.55.0-win32-x64\jre\21.0.11-win32-x86_64\bin\management.dll
Event: 7.949 Loaded shared library C:\Users\BAPS\.vscode\extensions\redhat.java-1.55.0-win32-x64\jre\21.0.11-win32-x86_64\bin\management_ext.dll
Event: 8.160 Loaded shared library C:\Users\BAPS\.vscode\extensions\redhat.java-1.55.0-win32-x64\jre\21.0.11-win32-x86_64\bin\extnet.dll
Event: 8.328 Loaded shared library C:\Users\BAPS\.vscode\extensions\redhat.java-1.55.0-win32-x64\jre\21.0.11-win32-x86_64\bin\sunmscapi.dll

Deoptimization events (20 events):
Event: 28.057 Thread 0x000001fdf2b81f70 Uncommon trap: trap_request=0xffffff45 fr.pc=0x000001fde2219624 relative=0x0000000000002f04
Event: 28.057 Thread 0x000001fdf2b81f70 Uncommon trap: reason=unstable_if action=reinterpret pc=0x000001fde2219624 method=java.lang.String.regionMatches(ZILjava/lang/String;II)Z @ 36 c2
Event: 28.057 Thread 0x000001fdf2b81f70 DEOPT PACKING pc=0x000001fde2219624 sp=0x00000080cb9fa6f0
Event: 28.057 Thread 0x000001fdf2b81f70 DEOPT UNPACKING pc=0x000001fde1ad4422 sp=0x00000080cb9fa5f0 mode 2
Event: 28.057 Thread 0x000001fdf2b81f70 Uncommon trap: trap_request=0xffffffde fr.pc=0x000001fde208cce8 relative=0x00000000000011a8
Event: 28.058 Thread 0x000001fdf2b81f70 Uncommon trap: reason=class_check action=maybe_recompile pc=0x000001fde208cce8 method=jdk.internal.loader.URLClassPath.getLoader(I)Ljdk/internal/loader/URLClassPath$Loader; @ 88 c2
Event: 28.058 Thread 0x000001fdf2b81f70 DEOPT PACKING pc=0x000001fde208cce8 sp=0x00000080cb9fa960
Event: 28.058 Thread 0x000001fdf2b81f70 DEOPT UNPACKING pc=0x000001fde1ad4422 sp=0x00000080cb9fa940 mode 2
Event: 28.058 Thread 0x000001fdf2b81f70 Uncommon trap: trap_request=0xffffffde fr.pc=0x000001fde21a3e90 relative=0x00000000000043b0
Event: 28.058 Thread 0x000001fdf2b81f70 Uncommon trap: reason=class_check action=maybe_recompile pc=0x000001fde21a3e90 method=jdk.internal.loader.URLClassPath.getResource(Ljava/lang/String;Z)Ljdk/internal/loader/Resource; @ 53 c2
Event: 28.058 Thread 0x000001fdf2b81f70 DEOPT PACKING pc=0x000001fde21a3e90 sp=0x00000080cb9faa10
Event: 28.058 Thread 0x000001fdf2b81f70 DEOPT UNPACKING pc=0x000001fde1ad4422 sp=0x00000080cb9fa830 mode 2
Event: 28.060 Thread 0x000001fdf2b81f70 Uncommon trap: trap_request=0xffffff45 fr.pc=0x000001fde212b918 relative=0x00000000000000f8
Event: 28.060 Thread 0x000001fdf2b81f70 Uncommon trap: reason=unstable_if action=reinterpret pc=0x000001fde212b918 method=java.lang.ClassLoader.getClassLoadingLock(Ljava/lang/String;)Ljava/lang/Object; @ 6 c2
Event: 28.060 Thread 0x000001fdf2b81f70 DEOPT PACKING pc=0x000001fde212b918 sp=0x00000080cb9f8fa0
Event: 28.060 Thread 0x000001fdf2b81f70 DEOPT UNPACKING pc=0x000001fde1ad4422 sp=0x00000080cb9f8f30 mode 2
Event: 28.061 Thread 0x000001fdf2b81f70 Uncommon trap: trap_request=0xffffff45 fr.pc=0x000001fde21ecd58 relative=0x0000000000000938
Event: 28.061 Thread 0x000001fdf2b81f70 Uncommon trap: reason=unstable_if action=reinterpret pc=0x000001fde21ecd58 method=java.lang.Class.getPackageName()Ljava/lang/String; @ 55 c2
Event: 28.061 Thread 0x000001fdf2b81f70 DEOPT PACKING pc=0x000001fde21ecd58 sp=0x00000080cb9fa5e0
Event: 28.061 Thread 0x000001fdf2b81f70 DEOPT UNPACKING pc=0x000001fde1ad4422 sp=0x00000080cb9fa5b0 mode 2

Classes loaded (20 events):
Event: 28.056 Loading class jdk/internal/loader/URLClassPath$FileLoader
Event: 28.056 Loading class jdk/internal/loader/URLClassPath$FileLoader done
Event: 28.058 Loading class jdk/internal/loader/URLClassPath$FileLoader$1
Event: 28.058 Loading class jdk/internal/loader/URLClassPath$FileLoader$1 done
Event: 28.070 Loading class java/beans/Transient
Event: 28.071 Loading class java/beans/Transient done
Event: 28.077 Loading class java/util/stream/IntPipeline$1
Event: 28.077 Loading class java/util/stream/IntPipeline$1 done
Event: 28.077 Loading class java/util/stream/IntPipeline$1$1
Event: 28.077 Loading class java/util/stream/Sink$ChainedInt
Event: 28.077 Loading class java/util/stream/Sink$OfInt
Event: 28.077 Loading class java/util/stream/Sink$OfInt done
Event: 28.077 Loading class java/util/stream/Sink$ChainedInt done
Event: 28.077 Loading class java/util/stream/IntPipeline$1$1 done
Event: 28.087 Loading class java/lang/IllegalAccessError
Event: 28.087 Loading class java/lang/IllegalAccessError done
Event: 28.091 Loading class java/lang/Process
Event: 28.092 Loading class java/lang/Process done
Event: 28.092 Loading class java/lang/ProcessBuilder
Event: 28.092 Loading class java/lang/ProcessBuilder done

Classes unloaded (0 events):
No events

Classes redefined (0 events):
No events

Internal exceptions (20 events):
Event: 27.474 Thread 0x000001fdf2b81f70 Exception <a 'java/lang/NoSuchMethodError'{0x00000000ecc386f0}: 'java.lang.Object java.lang.invoke.DelegatingMethodHandle$Holder.reinvoke_L(java.lang.Object, java.lang.Object, java.lang.Object, java.lang.Object, java.lang.Object, java.lang.Object, java.lang.Object, java.lang.Object, java.lang.Object, java.lang.Object, java.lang.Object, java.lang.Object, java.lang.Object, java.lang.Object, java.lang.Object, java.lang.Object, java.lang.Object, java.lang.Object, java.lang.Object, java.lang.Object, java.lang.O
Event: 27.674 Thread 0x000001fdf2b81f70 Exception <a 'java/lang/NoSuchMethodError'{0x00000000ecb1a7b8}: 'java.lang.Object java.lang.invoke.DirectMethodHandle$Holder.invokeStatic(java.lang.Object, java.lang.Object, java.lang.Object, java.lang.Object, java.lang.Object, java.lang.Object, java.lang.Object, java.lang.Object, java.lang.Object, java.lang.Object, java.lang.Object, java.lang.Object, java.lang.Object, java.lang.Object, java.lang.Object, java.lang.Object, java.lang.Object, java.lang.Object, java.lang.Object, java.lang.Object, java.lang.Obj
Event: 27.676 Thread 0x000001fdf2b81f70 Exception <a 'java/lang/NoSuchMethodError'{0x00000000ecb4fe80}: 'java.lang.Object java.lang.invoke.DirectMethodHandle$Holder.invokeStatic(java.lang.Object, java.lang.Object, java.lang.Object, java.lang.Object, java.lang.Object, java.lang.Object, java.lang.Object, java.lang.Object, java.lang.Object, java.lang.Object, java.lang.Object, java.lang.Object, java.lang.Object, java.lang.Object, java.lang.Object, java.lang.Object, java.lang.Object, java.lang.Object, java.lang.Object, java.lang.Object, java.lang.Obj
Event: 27.678 Thread 0x000001fdf2b81f70 Exception <a 'java/lang/NoSuchMethodError'{0x00000000ecb86928}: 'java.lang.Object java.lang.invoke.DirectMethodHandle$Holder.invokeStatic(java.lang.Object, java.lang.Object, java.lang.Object, java.lang.Object, java.lang.Object, java.lang.Object, java.lang.Object, java.lang.Object, java.lang.Object, java.lang.Object, java.lang.Object, java.lang.Object, java.lang.Object, java.lang.Object, java.lang.Object, java.lang.Object, java.lang.Object, java.lang.Object, java.lang.Object, java.lang.Object, java.lang.Obj
Event: 27.680 Thread 0x000001fdf2b81f70 Exception <a 'java/lang/NoSuchMethodError'{0x00000000ecbbf780}: 'java.lang.Object java.lang.invoke.DirectMethodHandle$Holder.invokeStatic(java.lang.Object, java.lang.Object, java.lang.Object, java.lang.Object, java.lang.Object, java.lang.Object, java.lang.Object, java.lang.Object, java.lang.Object, java.lang.Object, java.lang.Object, java.lang.Object, java.lang.Object, java.lang.Object, java.lang.Object, java.lang.Object, java.lang.Object, java.lang.Object, java.lang.Object, java.lang.Object, java.lang.Obj
Event: 27.694 Thread 0x000001fdf2b81f70 Exception <a 'java/lang/NoSuchMethodError'{0x00000000eca4cbd0}: 'java.lang.Object java.lang.invoke.DirectMethodHandle$Holder.newInvokeSpecial(java.lang.Object, java.lang.Object, java.lang.Object, java.lang.Object, java.lang.Object, java.lang.Object, java.lang.Object, java.lang.Object, java.lang.Object, java.lang.Object, java.lang.Object, java.lang.Object, java.lang.Object, java.lang.Object, java.lang.Object, java.lang.Object, java.lang.Object, java.lang.Object, java.lang.Object, java.lang.Object)'> (0x0000
Event: 27.695 Thread 0x000001fdf2b81f70 Exception <a 'java/lang/NoSuchMethodError'{0x00000000eca538d8}: 'java.lang.Object java.lang.invoke.DirectMethodHandle$Holder.invokeSpecial(java.lang.Object, java.lang.Object, java.lang.Object, java.lang.Object, java.lang.Object, java.lang.Object, java.lang.Object, java.lang.Object, java.lang.Object, java.lang.Object, java.lang.Object, java.lang.Object, java.lang.Object, java.lang.Object, java.lang.Object, java.lang.Object, java.lang.Object, java.lang.Object, java.lang.Object, java.lang.Object, java.lang.Ob
Event: 27.695 Thread 0x000001fdf2b81f70 Exception <a 'java/lang/NoSuchMethodError'{0x00000000eca590e8}: 'java.lang.Object java.lang.invoke.DelegatingMethodHandle$Holder.reinvoke_L(java.lang.Object, java.lang.Object, java.lang.Object, java.lang.Object, java.lang.Object, java.lang.Object, java.lang.Object, java.lang.Object, java.lang.Object, java.lang.Object, java.lang.Object, java.lang.Object, java.lang.Object, java.lang.Object, java.lang.Object, java.lang.Object, java.lang.Object, java.lang.Object, java.lang.Object, java.lang.Object)'> (0x000000
Event: 27.722 Thread 0x000001fdf2b81f70 Exception <a 'java/lang/NoSuchMethodError'{0x00000000ec9a3260}: 'java.lang.Object java.lang.invoke.DirectMethodHandle$Holder.newInvokeSpecial(java.lang.Object, java.lang.Object, java.lang.Object, java.lang.Object, java.lang.Object, java.lang.Object, java.lang.Object, java.lang.Object, java.lang.Object, java.lang.Object, java.lang.Object, java.lang.Object)'> (0x00000000ec9a3260) 
thrown [s\src\hotspot\share\interpreter\linkResolver.cpp, line 773]
Event: 27.834 Thread 0x000001fdf2b81f70 Exception <a 'java/lang/IncompatibleClassChangeError'{0x00000000ec5f32b8}: Found class java.lang.Object, but interface was expected> (0x00000000ec5f32b8) 
thrown [s\src\hotspot\share\interpreter\linkResolver.cpp, line 840]
Event: 27.876 Thread 0x000001fdf2b81f70 Exception <a 'java/lang/NoSuchMethodError'{0x00000000ec4e1738}: 'java.lang.Object java.lang.invoke.DirectMethodHandle$Holder.newInvokeSpecial(java.lang.Object, java.lang.Object, long)'> (0x00000000ec4e1738) 
thrown [s\src\hotspot\share\interpreter\linkResolver.cpp, line 773]
Event: 27.876 Thread 0x000001fdf2b81f70 Exception <a 'java/lang/NoSuchMethodError'{0x00000000ec4e5a70}: 'java.lang.Object java.lang.invoke.Invokers$Holder.linkToTargetMethod(java.lang.Object, long, java.lang.Object)'> (0x00000000ec4e5a70) 
thrown [s\src\hotspot\share\interpreter\linkResolver.cpp, line 773]
Event: 27.935 Thread 0x000001fdf2b81f70 Exception <a 'java/lang/NoSuchMethodError'{0x00000000ec117f20}: 'int java.lang.invoke.DirectMethodHandle$Holder.invokeInterface(java.lang.Object, java.lang.Object)'> (0x00000000ec117f20) 
thrown [s\src\hotspot\share\interpreter\linkResolver.cpp, line 773]
Event: 27.949 Thread 0x000001fdf2b81f70 Exception <a 'java/lang/NoSuchMethodError'{0x00000000ec1783e8}: 'java.lang.Object java.lang.invoke.DirectMethodHandle$Holder.invokeVirtual(java.lang.Object, java.lang.Object, int)'> (0x00000000ec1783e8) 
thrown [s\src\hotspot\share\interpreter\linkResolver.cpp, line 773]
Event: 27.976 Thread 0x000001fdf2b81f70 Exception <a 'java/lang/NoSuchMethodError'{0x00000000ec037ba8}: 'java.lang.Object java.lang.invoke.DirectMethodHandle$Holder.invokeStatic(java.lang.Object, java.lang.Object, int, java.lang.Object)'> (0x00000000ec037ba8) 
thrown [s\src\hotspot\share\interpreter\linkResolver.cpp, line 773]
Event: 27.976 Thread 0x000001fdf2b81f70 Exception <a 'java/lang/NoSuchMethodError'{0x00000000ec03ef90}: 'java.lang.Object java.lang.invoke.DirectMethodHandle$Holder.newInvokeSpecial(java.lang.Object, java.lang.Object, int, java.lang.Object)'> (0x00000000ec03ef90) 
thrown [s\src\hotspot\share\interpreter\linkResolver.cpp, line 773]
Event: 27.977 Thread 0x000001fdf2b81f70 Exception <a 'java/lang/NoSuchMethodError'{0x00000000ec0436b8}: 'java.lang.Object java.lang.invoke.DirectMethodHandle$Holder.invokeSpecial(java.lang.Object, java.lang.Object, java.lang.Object, int, java.lang.Object)'> (0x00000000ec0436b8) 
thrown [s\src\hotspot\share\interpreter\linkResolver.cpp, line 773]
Event: 28.054 Thread 0x000001fdf2b81f70 Exception <a 'java/lang/NoSuchMethodError'{0x00000000ebd422e8}: 'void java.lang.invoke.DirectMethodHandle$Holder.invokeInterface(java.lang.Object, java.lang.Object, java.lang.Object, java.lang.Object, java.lang.Object, java.lang.Object, java.lang.Object)'> (0x00000000ebd422e8) 
thrown [s\src\hotspot\share\interpreter\linkResolver.cpp, line 773]
Event: 28.055 Thread 0x000001fdf2b81f70 Exception <a 'java/lang/NoSuchMethodError'{0x00000000ebd46c00}: 'void java.lang.invoke.DelegatingMethodHandle$Holder.reinvoke_L(java.lang.Object, java.lang.Object, java.lang.Object, java.lang.Object, java.lang.Object, java.lang.Object, java.lang.Object)'> (0x00000000ebd46c00) 
thrown [s\src\hotspot\share\interpreter\linkResolver.cpp, line 773]
Event: 28.098 Thread 0x000001fdf2b81f70 Exception <a 'java/lang/NoSuchMethodError'{0x00000000ebce2768}: 'java.lang.Object java.lang.invoke.DirectMethodHandle$Holder.invokeSpecial(java.lang.Object, java.lang.Object, java.lang.Object, int, java.lang.Object, java.lang.Object)'> (0x00000000ebce2768) 
thrown [s\src\hotspot\share\interpreter\linkResolver.cpp, line 773]

ZGC Phase Switch (0 events):
No events

VM Operations (20 events):
Event: 23.649 Executing non-safepoint VM operation: HandshakeAllThreads (Deoptimize) done
Event: 24.654 Executing non-safepoint VM operation: HandshakeAllThreads (Deoptimize)
Event: 24.654 Executing non-safepoint VM operation: HandshakeAllThreads (Deoptimize) done
Event: 24.654 Executing safepoint VM operation: Cleanup
Event: 24.654 Executing safepoint VM operation: Cleanup done
Event: 25.260 Executing non-safepoint VM operation: HandshakeAllThreads (Deoptimize)
Event: 25.260 Executing non-safepoint VM operation: HandshakeAllThreads (Deoptimize) done
Event: 26.268 Executing safepoint VM operation: Cleanup
Event: 26.453 Executing safepoint VM operation: Cleanup done
Event: 27.839 Executing non-safepoint VM operation: HandshakeAllThreads (Deoptimize)
Event: 27.840 Executing non-safepoint VM operation: HandshakeAllThreads (Deoptimize) done
Event: 27.840 Executing safepoint VM operation: Cleanup
Event: 27.840 Executing safepoint VM operation: Cleanup done
Event: 27.882 Executing non-safepoint VM operation: HandshakeAllThreads (Deoptimize)
Event: 27.882 Executing non-safepoint VM operation: HandshakeAllThreads (Deoptimize) done
Event: 28.059 Executing non-safepoint VM operation: HandshakeAllThreads (Deoptimize)
Event: 28.059 Executing non-safepoint VM operation: HandshakeAllThreads (Deoptimize) done
Event: 28.059 Executing non-safepoint VM operation: HandshakeAllThreads (Deoptimize)
Event: 28.059 Executing non-safepoint VM operation: HandshakeAllThreads (Deoptimize) done
Event: 29.065 Executing safepoint VM operation: Cleanup

Memory protections (0 events):
No events

Nmethod flushes (0 events):
No events

Events (20 events):
Event: 10.274 Thread 0x000001fded185840 Thread added: 0x000001fdf34c3670
Event: 22.609 Thread 0x000001fded185840 Thread added: 0x000001fdf34c0d90
Event: 22.797 Thread 0x000001fdf2b81f70 Thread added: 0x000001fded5e3e00
Event: 22.833 Thread 0x000001fdf2b81f70 Thread added: 0x000001fded5e1010
Event: 23.555 Thread 0x000001fdf2b81f70 Thread added: 0x000001fdf6cd0dc0
Event: 23.567 Thread 0x000001fdf2b81f70 Thread added: 0x000001fdf6ccf380
Event: 23.592 Thread 0x000001fdf34c0d90 Thread exited: 0x000001fdf34c0d90
Event: 24.017 Thread 0x000001fdf34c3670 Thread exited: 0x000001fdf34c3670
Event: 24.400 Thread 0x000001fdf2b81f70 Thread added: 0x000001fdf6cd2170
Event: 24.547 Thread 0x000001fdf2b81f70 Thread added: 0x000001fdf6ccfa10
Event: 24.755 Thread 0x000001fded185840 Thread added: 0x000001fdf34c3670
Event: 24.868 Thread 0x000001fdf2b81f70 Thread added: 0x000001fdf6cd1450
Event: 25.396 Thread 0x000001fdf2b81f70 Thread added: 0x000001fdf6cd00a0
Event: 25.993 Thread 0x000001fdf34c3670 Thread exited: 0x000001fdf34c3670
Event: 27.699 Thread 0x000001fded17fa20 Thread added: 0x000001fdf34c1b30
Event: 27.878 Thread 0x000001fdf34c1b30 Thread exited: 0x000001fdf34c1b30
Event: 27.918 Thread 0x000001fded185840 Thread added: 0x000001fdf34c06c0
Event: 27.978 Thread 0x000001fdf2b81f70 Thread added: 0x000001fdf6cd0730
Event: 28.042 Thread 0x000001fdf2b81f70 Thread added: 0x000001fdf6cd2800
Event: 28.110 Thread 0x000001fded185840 Thread added: 0x000001fdf34c2fa0


Dynamic libraries:
0x00007ff6e18f0000 - 0x00007ff6e18fe000 	C:\Users\BAPS\.vscode\extensions\redhat.java-1.55.0-win32-x64\jre\21.0.11-win32-x86_64\bin\java.exe
0x00007ffcfa720000 - 0x00007ffcfa986000 	C:\Windows\SYSTEM32\ntdll.dll
0x00007ffcf9b40000 - 0x00007ffcf9c09000 	C:\Windows\System32\KERNEL32.DLL
0x00007ffcf8040000 - 0x00007ffcf843e000 	C:\Windows\System32\KERNELBASE.dll
0x00007ffcf7b00000 - 0x00007ffcf7c4c000 	C:\Windows\System32\ucrtbase.dll
0x00007ffcedaa0000 - 0x00007ffcedab8000 	C:\Users\BAPS\.vscode\extensions\redhat.java-1.55.0-win32-x64\jre\21.0.11-win32-x86_64\bin\jli.dll
0x00007ffcee850000 - 0x00007ffcee86e000 	C:\Users\BAPS\.vscode\extensions\redhat.java-1.55.0-win32-x64\jre\21.0.11-win32-x86_64\bin\VCRUNTIME140.dll
0x00007ffcf8840000 - 0x00007ffcf8a07000 	C:\Windows\System32\USER32.dll
0x00007ffcf8010000 - 0x00007ffcf8037000 	C:\Windows\System32\win32u.dll
0x00007ffcf9ee0000 - 0x00007ffcf9f0b000 	C:\Windows\System32\GDI32.dll
0x00007ffcd6d00000 - 0x00007ffcd6f92000 	C:\Windows\WinSxS\amd64_microsoft.windows.common-controls_6595b64144ccf1df_6.0.26100.8875_none_3e0d5d42e32fe9dd\COMCTL32.dll
0x00007ffcf79d0000 - 0x00007ffcf7afa000 	C:\Windows\System32\gdi32full.dll
0x00007ffcf9a90000 - 0x00007ffcf9b39000 	C:\Windows\System32\msvcrt.dll
0x00007ffcf7ea0000 - 0x00007ffcf7f43000 	C:\Windows\System32\msvcp_win.dll
0x00007ffcf8450000 - 0x00007ffcf8482000 	C:\Windows\System32\IMM32.DLL
0x00007ffcf2290000 - 0x00007ffcf229c000 	C:\Users\BAPS\.vscode\extensions\redhat.java-1.55.0-win32-x64\jre\21.0.11-win32-x86_64\bin\vcruntime140_1.dll
0x00007ffce55d0000 - 0x00007ffce565d000 	C:\Users\BAPS\.vscode\extensions\redhat.java-1.55.0-win32-x64\jre\21.0.11-win32-x86_64\bin\msvcp140.dll
0x00007ffc454e0000 - 0x00007ffc46282000 	C:\Users\BAPS\.vscode\extensions\redhat.java-1.55.0-win32-x64\jre\21.0.11-win32-x86_64\bin\server\jvm.dll
0x00007ffcfa5c0000 - 0x00007ffcfa677000 	C:\Windows\System32\ADVAPI32.dll
0x00007ffcf8c40000 - 0x00007ffcf8cea000 	C:\Windows\System32\sechost.dll
0x00007ffcf8b10000 - 0x00007ffcf8c28000 	C:\Windows\System32\RPCRT4.dll
0x00007ffcfa200000 - 0x00007ffcfa280000 	C:\Windows\System32\WS2_32.dll
0x00007ffcf77a0000 - 0x00007ffcf77fe000 	C:\Windows\SYSTEM32\POWRPROF.dll
0x00007ffceffe0000 - 0x00007ffceffeb000 	C:\Windows\SYSTEM32\VERSION.dll
0x00007ffcd0fc0000 - 0x00007ffcd0ff6000 	C:\Windows\SYSTEM32\WINMM.dll
0x00007ffcf7780000 - 0x00007ffcf7794000 	C:\Windows\SYSTEM32\UMPDC.dll
0x00007ffcf65e0000 - 0x00007ffcf65fb000 	C:\Windows\SYSTEM32\kernel.appcore.dll
0x00007ffcf2210000 - 0x00007ffcf221a000 	C:\Users\BAPS\.vscode\extensions\redhat.java-1.55.0-win32-x64\jre\21.0.11-win32-x86_64\bin\jimage.dll
0x00007ffcea230000 - 0x00007ffcea472000 	C:\Windows\SYSTEM32\DBGHELP.DLL
0x00007ffcf8490000 - 0x00007ffcf8813000 	C:\Windows\System32\combase.dll
0x00007ffcf8cf0000 - 0x00007ffcf8dc9000 	C:\Windows\System32\OLEAUT32.dll
0x00007ffce90b0000 - 0x00007ffce90eb000 	C:\Windows\SYSTEM32\dbgcore.DLL
0x00007ffcf7de0000 - 0x00007ffcf7e8c000 	C:\Windows\System32\bcryptPrimitives.dll
0x00007ffcee820000 - 0x00007ffcee82f000 	C:\Users\BAPS\.vscode\extensions\redhat.java-1.55.0-win32-x64\jre\21.0.11-win32-x86_64\bin\instrument.dll
0x00007ffce55b0000 - 0x00007ffce55d0000 	C:\Users\BAPS\.vscode\extensions\redhat.java-1.55.0-win32-x64\jre\21.0.11-win32-x86_64\bin\java.dll
0x00007ffcf8e20000 - 0x00007ffcf95b2000 	C:\Windows\System32\SHELL32.dll
0x00007ffcf53a0000 - 0x00007ffcf5c32000 	C:\Windows\SYSTEM32\windows.storage.dll
0x00007ffcf8a10000 - 0x00007ffcf8b07000 	C:\Windows\System32\SHCORE.dll
0x00007ffcf9c90000 - 0x00007ffcf9cf7000 	C:\Windows\System32\shlwapi.dll
0x00007ffcf7860000 - 0x00007ffcf7889000 	C:\Windows\SYSTEM32\profapi.dll
0x00007ffce5590000 - 0x00007ffce55a8000 	C:\Users\BAPS\.vscode\extensions\redhat.java-1.55.0-win32-x64\jre\21.0.11-win32-x86_64\bin\zip.dll
0x00007ffceda90000 - 0x00007ffcedaa0000 	C:\Users\BAPS\.vscode\extensions\redhat.java-1.55.0-win32-x64\jre\21.0.11-win32-x86_64\bin\net.dll
0x00007ffcefe50000 - 0x00007ffceff77000 	C:\Windows\SYSTEM32\WINHTTP.dll
0x00007ffcf6b70000 - 0x00007ffcf6bdc000 	C:\Windows\system32\mswsock.dll
0x00007ffce5570000 - 0x00007ffce5586000 	C:\Users\BAPS\.vscode\extensions\redhat.java-1.55.0-win32-x64\jre\21.0.11-win32-x86_64\bin\nio.dll
0x00007ffced830000 - 0x00007ffced840000 	C:\Users\BAPS\.vscode\extensions\redhat.java-1.55.0-win32-x64\jre\21.0.11-win32-x86_64\bin\verify.dll
0x00007ffcf2420000 - 0x00007ffcf2447000 	C:\Users\BAPS\.gradle\native\c067742578af261105cb4f569cf0c3c89f3d7b1fecec35dd04571415982c5e48\windows-amd64\native-platform.dll
0x00007ffc79020000 - 0x00007ffc79164000 	C:\Users\BAPS\.gradle\native\100fb08df4bc3b14c8652ba06237920a3bd2aa13389f12d3474272988ae205f9\windows-amd64\native-platform-file-events.dll
0x00007ffce7fe0000 - 0x00007ffce7fea000 	C:\Users\BAPS\.vscode\extensions\redhat.java-1.55.0-win32-x64\jre\21.0.11-win32-x86_64\bin\management.dll
0x00007ffce7c20000 - 0x00007ffce7c2c000 	C:\Users\BAPS\.vscode\extensions\redhat.java-1.55.0-win32-x64\jre\21.0.11-win32-x86_64\bin\management_ext.dll
0x00007ffcf95c0000 - 0x00007ffcf95c8000 	C:\Windows\System32\PSAPI.DLL
0x00007ffcf6fa0000 - 0x00007ffcf6fbb000 	C:\Windows\SYSTEM32\CRYPTSP.dll
0x00007ffcf6540000 - 0x00007ffcf6579000 	C:\Windows\system32\rsaenh.dll
0x00007ffcf6c30000 - 0x00007ffcf6c62000 	C:\Windows\SYSTEM32\USERENV.dll
0x00007ffcf7830000 - 0x00007ffcf785a000 	C:\Windows\SYSTEM32\bcrypt.dll
0x00007ffcf6de0000 - 0x00007ffcf6dec000 	C:\Windows\SYSTEM32\CRYPTBASE.dll
0x00007ffcf6040000 - 0x00007ffcf6073000 	C:\Windows\SYSTEM32\IPHLPAPI.DLL
0x00007ffcf8c30000 - 0x00007ffcf8c3a000 	C:\Windows\System32\NSI.dll
0x00007ffce5330000 - 0x00007ffce5339000 	C:\Users\BAPS\.vscode\extensions\redhat.java-1.55.0-win32-x64\jre\21.0.11-win32-x86_64\bin\extnet.dll
0x00007ffce61d0000 - 0x00007ffce61de000 	C:\Users\BAPS\.vscode\extensions\redhat.java-1.55.0-win32-x64\jre\21.0.11-win32-x86_64\bin\sunmscapi.dll
0x00007ffcf7c60000 - 0x00007ffcf7dd8000 	C:\Windows\System32\CRYPT32.dll
0x00007ffcf7110000 - 0x00007ffcf7140000 	C:\Windows\SYSTEM32\ncrypt.dll
0x00007ffcf70c0000 - 0x00007ffcf70ff000 	C:\Windows\SYSTEM32\NTASN1.dll
0x00007ffcb21e0000 - 0x00007ffcb21e8000 	C:\Windows\system32\wshunix.dll

JVMTI agents:
C:\Users\BAPS\.gradle\wrapper\dists\gradle-8.9-bin\90cnw93cvbtalezasaz0blq0a\gradle-8.9\lib\agents\gradle-instrumentation-agent-8.9.jar path:C:\Users\BAPS\.vscode\extensions\redhat.java-1.55.0-win32-x64\jre\21.0.11-win32-x86_64\bin\instrument.dll, loaded, initialized, instrumentlib options:none

dbghelp: loaded successfully - version: 4.0.5 - missing functions: none
symbol engine: initialized successfully - sym options: 0x614 - pdb path: .;C:\Users\BAPS\.vscode\extensions\redhat.java-1.55.0-win32-x64\jre\21.0.11-win32-x86_64\bin;C:\Windows\SYSTEM32;C:\Windows\WinSxS\amd64_microsoft.windows.common-controls_6595b64144ccf1df_6.0.26100.8875_none_3e0d5d42e32fe9dd;C:\Users\BAPS\.vscode\extensions\redhat.java-1.55.0-win32-x64\jre\21.0.11-win32-x86_64\bin\server;C:\Users\BAPS\.gradle\native\c067742578af261105cb4f569cf0c3c89f3d7b1fecec35dd04571415982c5e48\windows-amd64;C:\Users\BAPS\.gradle\native\100fb08df4bc3b14c8652ba06237920a3bd2aa13389f12d3474272988ae205f9\windows-amd64

VM Arguments:
jvm_args: --add-opens=java.base/java.util=ALL-UNNAMED --add-opens=java.base/java.lang=ALL-UNNAMED --add-opens=java.base/java.lang.invoke=ALL-UNNAMED --add-opens=java.prefs/java.util.prefs=ALL-UNNAMED --add-exports=jdk.compiler/com.sun.tools.javac.api=ALL-UNNAMED --add-exports=jdk.compiler/com.sun.tools.javac.util=ALL-UNNAMED --add-opens=java.base/java.nio.charset=ALL-UNNAMED --add-opens=java.base/java.net=ALL-UNNAMED --add-opens=java.base/java.util.concurrent.atomic=ALL-UNNAMED -XX:MaxMetaspaceSize=384m -XX:+HeapDumpOnOutOfMemoryError -Xms256m -Xmx512m -Dfile.encoding=utf8 -Duser.country=US -Duser.language=en -Duser.variant -javaagent:C:\Users\BAPS\.gradle\wrapper\dists\gradle-8.9-bin\90cnw93cvbtalezasaz0blq0a\gradle-8.9\lib\agents\gradle-instrumentation-agent-8.9.jar 
java_command: org.gradle.launcher.daemon.bootstrap.GradleDaemon 8.9
java_class_path (initial): C:\Users\BAPS\.gradle\wrapper\dists\gradle-8.9-bin\90cnw93cvbtalezasaz0blq0a\gradle-8.9\lib\gradle-daemon-main-8.9.jar
Launcher Type: SUN_STANDARD

[Global flags]
     intx CICompilerCount                          = 4                                         {product} {ergonomic}
   size_t CompressedClassSpaceSize                 = 335544320                                 {product} {ergonomic}
     uint ConcGCThreads                            = 3                                         {product} {ergonomic}
     uint G1ConcRefinementThreads                  = 10                                        {product} {ergonomic}
   size_t G1HeapRegionSize                         = 1048576                                   {product} {ergonomic}
    uintx GCDrainStackTargetSize                   = 64                                        {product} {ergonomic}
     bool HeapDumpOnOutOfMemoryError               = true                                   {manageable} {command line}
   size_t InitialHeapSize                          = 268435456                                 {product} {command line}
   size_t MarkStackSize                            = 4194304                                   {product} {ergonomic}
   size_t MaxHeapSize                              = 536870912                                 {product} {command line}
   size_t MaxMetaspaceSize                         = 402653184                                 {product} {command line}
   size_t MaxNewSize                               = 321912832                                 {product} {ergonomic}
   size_t MinHeapDeltaBytes                        = 1048576                                   {product} {ergonomic}
   size_t MinHeapSize                              = 268435456                                 {product} {command line}
    uintx NonNMethodCodeHeapSize                   = 5839372                                {pd product} {ergonomic}
    uintx NonProfiledCodeHeapSize                  = 122909434                              {pd product} {ergonomic}
    uintx ProfiledCodeHeapSize                     = 122909434                              {pd product} {ergonomic}
    uintx ReservedCodeCacheSize                    = 251658240                              {pd product} {ergonomic}
     bool SegmentedCodeCache                       = true                                      {product} {ergonomic}
   size_t SoftMaxHeapSize                          = 536870912                              {manageable} {ergonomic}
     bool UseCompressedOops                        = true                           {product lp64_product} {ergonomic}
     bool UseG1GC                                  = true                                      {product} {ergonomic}
     bool UseLargePagesIndividualAllocation        = false                                  {pd product} {ergonomic}

Logging:
Log output configuration:
 #0: stdout all=warning uptime,level,tags foldmultilines=false
 #1: stderr all=off uptime,level,tags foldmultilines=false

Release file:
JAVA_VERSION="21.0.11" 
MODULES="java.base java.compiler java.datatransfer java.xml java.prefs java.desktop java.instrument java.logging java.management java.security.sasl java.naming java.rmi java.management.rmi java.net.http java.scripting java.security.jgss java.transaction.xa java.sql java.sql.rowset java.xml.crypto java.se java.smartcardio jdk.accessibility jdk.internal.jvmstat jdk.attach jdk.charsets jdk.internal.opt jdk.zipfs jdk.compiler jdk.crypto.ec jdk.crypto.cryptoki jdk.crypto.mscapi jdk.dynalink jdk.internal.ed jdk.editpad jdk.hotspot.agent jdk.httpserver jdk.internal.le jdk.internal.vm.ci jdk.internal.vm.compiler jdk.internal.vm.compiler.management jdk.jartool jdk.javadoc jdk.jcmd jdk.management jdk.management.agent jdk.jconsole jdk.jdeps jdk.jdwp.agent jdk.jdi jdk.jfr jdk.jshell jdk.jsobject jdk.jstatd jdk.localedata jdk.management.jfr jdk.naming.dns jdk.naming.rmi jdk.net jdk.nio.mapmode jdk.random jdk.sctp jdk.security.auth jdk.security.jgss jdk.unsupported jdk.unsupported.desktop jdk.xml.dom" 

Environment Variables:
JAVA_HOME=C:\Users\BAPS\Downloads\openjdk-17.0.0.1+2_windows-x64_bin\jdk-17.0.0.1
PATH=C:\Python314\Scripts\;C:\Python314\;C:\Windows\system32;C:\Windows;C:\Windows\System32\Wbem;C:\Windows\System32\WindowsPowerShell\v1.0\;C:\Windows\System32\OpenSSH\;C:\Program Files (x86)\NVIDIA Corporation\PhysX\Common;C:\Program Files\nodejs\;C:\ProgramData\chocolatey\bin;C:\Program Files\Git\cmd;C:\Users\BAPS\AppData\Local\Microsoft\WindowsApps;C:\Users\BAPS\AppData\Local\Programs\Microsoft VS Code\bin;C:\Users\BAPS\AppData\Roaming\npm
USERNAME=BAPS
OS=Windows_NT
PROCESSOR_IDENTIFIER=Intel64 Family 6 Model 165 Stepping 2, GenuineIntel
TMP=C:\Users\BAPS\AppData\Local\Temp
TEMP=C:\Users\BAPS\AppData\Local\Temp




Periodic native trim disabled

---------------  S Y S T E M  ---------------

OS:
 Windows 11 , 64 bit Build 26100 (10.0.26100.8875)
OS uptime: 0 days 1:12 hours
Hyper-V role detected

CPU: total 12 (initial active 12) (6 cores per cpu, 2 threads per core) family 6 model 165 stepping 2 microcode 0x100, cx8, cmov, fxsr, ht, mmx, 3dnowpref, sse, sse2, sse3, ssse3, sse4.1, sse4.2, popcnt, lzcnt, tsc, tscinvbit, avx, avx2, aes, erms, clmul, bmi1, bmi2, adx, fma, vzeroupper, clflush, clflushopt, hv, rdtscp, f16c
Processor Information for the first 12 processors :
  Max Mhz: 2712, Current Mhz: 2712, Mhz Limit: 2712

Memory: 4k page, system-wide physical 15985M (3567M free)
TotalPageFile size 46384M (AvailPageFile size 96M)
current process WorkingSet (physical memory assigned to process): 303M, peak: 307M
current process commit charge ("private bytes"): 448M, peak: 456M

vm_info: OpenJDK 64-Bit Server VM (21.0.11+10-LTS) for windows-amd64 JRE (21.0.11+10-LTS), built on 2026-04-21T00:00:00Z by "admin" with MS VC++ 17.12 (VS2022)

END.
